Archive member included to satisfy reference by file (symbol)

/usr/lib/gcc/arm-none-eabi/14.1.0/thumb/v6-m/nofp/libgcc.a(_dvmd_tls.o)
                              CMakeFiles/TEST_PICO_FREERTOS.dir/opt/pico-sdk/src/rp2_common/pico_divider/divider.S.obj (__aeabi_idiv0)
/usr/lib/gcc/arm-none-eabi/14.1.0/../../../../arm-none-eabi/lib/thumb/v6-m/nofp/libc.a(libc_a-atexit.o)
                              /usr/lib/gcc/arm-none-eabi/14.1.0/../../../../arm-none-eabi/lib/thumb/v6-m/nofp/crt0.o (atexit)
/usr/lib/gcc/arm-none-eabi/14.1.0/../../../../arm-none-eabi/lib/thumb/v6-m/nofp/libc.a(libc_a-atoi.o)
                              CMakeFiles/TEST_PICO_FREERTOS.dir/opt/pico-sdk/lib/lwip/src/core/netif.c.obj (atoi)
/usr/lib/gcc/arm-none-eabi/14.1.0/../../../../arm-none-eabi/lib/thumb/v6-m/nofp/libc.a(libc_a-calloc.o)
                              CMakeFiles/TEST_PICO_FREERTOS.dir/opt/pico-sdk/src/rp2_common/pico_malloc/pico_malloc.c.obj (calloc)
/usr/lib/gcc/arm-none-eabi/14.1.0/../../../../arm-none-eabi/lib/thumb/v6-m/nofp/libc.a(libc_a-callocr.o)
                              /usr/lib/gcc/arm-none-eabi/14.1.0/../../../../arm-none-eabi/lib/thumb/v6-m/nofp/libc.a(libc_a-calloc.o) (_calloc_r)
/usr/lib/gcc/arm-none-eabi/14.1.0/../../../../arm-none-eabi/lib/thumb/v6-m/nofp/libc.a(libc_a-malloc.o)
                              CMakeFiles/TEST_PICO_FREERTOS.dir/opt/pico-sdk/src/rp2_common/pico_malloc/pico_malloc.c.obj (malloc)
/usr/lib/gcc/arm-none-eabi/14.1.0/../../../../arm-none-eabi/lib/thumb/v6-m/nofp/libc.a(libc_a-mallocr.o)
                              /usr/lib/gcc/arm-none-eabi/14.1.0/../../../../arm-none-eabi/lib/thumb/v6-m/nofp/libc.a(libc_a-callocr.o) (_malloc_r)
/usr/lib/gcc/arm-none-eabi/14.1.0/../../../../arm-none-eabi/lib/thumb/v6-m/nofp/libc.a(libc_a-mlock.o)
                              /usr/lib/gcc/arm-none-eabi/14.1.0/../../../../arm-none-eabi/lib/thumb/v6-m/nofp/libc.a(libc_a-mallocr.o) (__malloc_lock)
/usr/lib/gcc/arm-none-eabi/14.1.0/../../../../arm-none-eabi/lib/thumb/v6-m/nofp/libc.a(libc_a-realloc.o)
                              CMakeFiles/TEST_PICO_FREERTOS.dir/opt/pico-sdk/src/rp2_common/pico_malloc/pico_malloc.c.obj (realloc)
/usr/lib/gcc/arm-none-eabi/14.1.0/../../../../arm-none-eabi/lib/thumb/v6-m/nofp/libc.a(libc_a-reallocr.o)
                              /usr/lib/gcc/arm-none-eabi/14.1.0/../../../../arm-none-eabi/lib/thumb/v6-m/nofp/libc.a(libc_a-realloc.o) (_realloc_r)
/usr/lib/gcc/arm-none-eabi/14.1.0/../../../../arm-none-eabi/lib/thumb/v6-m/nofp/libc.a(libc_a-strtol.o)
                              /usr/lib/gcc/arm-none-eabi/14.1.0/../../../../arm-none-eabi/lib/thumb/v6-m/nofp/libc.a(libc_a-atoi.o) (_strtol_r)
/usr/lib/gcc/arm-none-eabi/14.1.0/../../../../arm-none-eabi/lib/thumb/v6-m/nofp/libc.a(libc_a-ctype_.o)
                              CMakeFiles/TEST_PICO_FREERTOS.dir/opt/pico-sdk/lib/lwip/src/core/dns.c.obj (_ctype_)
/usr/lib/gcc/arm-none-eabi/14.1.0/../../../../arm-none-eabi/lib/thumb/v6-m/nofp/libc.a(libc_a-memcmp.o)
                              CMakeFiles/TEST_PICO_FREERTOS.dir/opt/pico-sdk/lib/lwip/src/netif/ethernet.c.obj (memcmp)
/usr/lib/gcc/arm-none-eabi/14.1.0/../../../../arm-none-eabi/lib/thumb/v6-m/nofp/libc.a(libc_a-memmove.o)
                              CMakeFiles/TEST_PICO_FREERTOS.dir/opt/pico-sdk/lib/lwip/src/core/def.c.obj (memmove)
/usr/lib/gcc/arm-none-eabi/14.1.0/../../../../arm-none-eabi/lib/thumb/v6-m/nofp/libc.a(libc_a-strncmp.o)
                              CMakeFiles/TEST_PICO_FREERTOS.dir/opt/pico-sdk/lib/lwip/src/core/def.c.obj (strncmp)
/usr/lib/gcc/arm-none-eabi/14.1.0/../../../../arm-none-eabi/lib/thumb/v6-m/nofp/libc.a(libc_a-impure.o)
                              /usr/lib/gcc/arm-none-eabi/14.1.0/../../../../arm-none-eabi/lib/thumb/v6-m/nofp/libc.a(libc_a-calloc.o) (_impure_ptr)
/usr/lib/gcc/arm-none-eabi/14.1.0/../../../../arm-none-eabi/lib/thumb/v6-m/nofp/libc.a(libc_a-sbrkr.o)
                              /usr/lib/gcc/arm-none-eabi/14.1.0/../../../../arm-none-eabi/lib/thumb/v6-m/nofp/libc.a(libc_a-mallocr.o) (_sbrk_r)
/usr/lib/gcc/arm-none-eabi/14.1.0/../../../../arm-none-eabi/lib/thumb/v6-m/nofp/libc.a(libc_a-errno.o)
                              /usr/lib/gcc/arm-none-eabi/14.1.0/../../../../arm-none-eabi/lib/thumb/v6-m/nofp/libc.a(libc_a-callocr.o) (__errno)
/usr/lib/gcc/arm-none-eabi/14.1.0/../../../../arm-none-eabi/lib/thumb/v6-m/nofp/libc.a(libc_a-init.o)
                              /usr/lib/gcc/arm-none-eabi/14.1.0/../../../../arm-none-eabi/lib/thumb/v6-m/nofp/crt0.o (__libc_init_array)
/usr/lib/gcc/arm-none-eabi/14.1.0/../../../../arm-none-eabi/lib/thumb/v6-m/nofp/libc.a(libc_a-fini.o)
                              /usr/lib/gcc/arm-none-eabi/14.1.0/../../../../arm-none-eabi/lib/thumb/v6-m/nofp/crt0.o (__libc_fini_array)
/usr/lib/gcc/arm-none-eabi/14.1.0/../../../../arm-none-eabi/lib/thumb/v6-m/nofp/libc.a(libc_a-lock.o)
[...]
Memory Configuration

Name             Origin             Length             Attributes
FLASH            0x10000000         0x00200000         xr
RAM              0x20000000         0x00040000         xrw
SCRATCH_X        0x20040000         0x00001000         xrw
SCRATCH_Y        0x20041000         0x00001000         xrw
*default*        0x00000000         0xffffffff

Linker script and memory map

LOAD /usr/lib/gcc/arm-none-eabi/14.1.0/thumb/v6-m/nofp/crti.o
LOAD /usr/lib/gcc/arm-none-eabi/14.1.0/thumb/v6-m/nofp/crtbegin.o
LOAD /usr/lib/gcc/arm-none-eabi/14.1.0/../../../../arm-none-eabi/lib/thumb/v6-m/nofp/crt0.o

.flash_begin    0x10000000        0x0
                0x10000000                        __flash_binary_start = .

.boot2          0x10000000      0x100
                0x10000000                        __boot2_start__ = .
 *(.boot2)
 .boot2         0x10000000      0x100 /tmp/ccy5O25i.o
                0x10000100                        __boot2_end__ = .
                0x00000001                        ASSERT (((__boot2_end__ - __boot2_start__) == 0x100), ERROR: Pico second stage bootloader must be 256 bytes in size)

.text           0x10000100    0x136b8
                0x10000100                        __logical_binary_start = .
 *(.vectors)
 .vectors       0x10000100       0xd4 CMakeFiles/TEST_PICO_FREERTOS.dir/opt/pico-sdk/src/rp2_common/pico_standard_link/crt0.S.obj
                0x10000100                __vectors
                0x10000100                __VECTOR_TABLE
                0x100001c0                isr_invalid
                0x100001c0                __default_isrs_start
                0x100001c2                isr_nmi
                0x100001c4                isr_hardfault
                0x100001c6                isr_svcall
                0x100001c8                isr_pendsv
                0x100001ca                isr_systick
                0x100001cc                isr_irq30
                0x100001cc                __unhandled_user_irq
                0x100001cc                isr_irq13
                0x100001cc                isr_irq27
                0x100001cc                isr_irq31
                0x100001cc                isr_irq5
                0x100001cc                isr_irq11
                0x100001cc                isr_irq23
                0x100001cc                isr_irq18
                0x100001cc                isr_irq28
                0x100001cc                isr_irq19
                0x100001cc                isr_irq0
                0x100001cc                isr_irq6
                0x100001cc                isr_irq22
                0x100001cc                isr_irq17
                0x100001cc                isr_irq14
                0x100001cc                isr_irq2
                0x100001cc                isr_irq10
                0x100001cc                isr_irq8
                0x100001cc                isr_irq24
                0x100001cc                isr_irq1
                0x100001cc                isr_irq7
                0x100001cc                isr_irq21
                0x100001cc                isr_irq20
                0x100001cc                isr_irq15
                0x100001cc                isr_irq25
                0x100001cc                isr_irq4
                0x100001cc                isr_irq16
                0x100001cc                isr_irq29
                0x100001cc                isr_irq26
                0x100001cc                __default_isrs_end
                0x100001cc                isr_irq3
                0x100001cc                isr_irq12
                0x100001cc                isr_irq9
                0x100001d2                unhandled_user_irq_num_in_r0
 *(.binary_info_header)
 .binary_info_header
                0x100001d4       0x14 CMakeFiles/TEST_PICO_FREERTOS.dir/opt/pico-sdk/src/rp2_common/pico_standard_link/crt0.S.obj
                0x100001e8                        __binary_info_header_end = .
 *(.reset)
 .reset         0x100001e8       0xa0 CMakeFiles/TEST_PICO_FREERTOS.dir/opt/pico-sdk/src/rp2_common/pico_standard_link/crt0.S.obj
                0x100001e8                _entry_point
 .reset         0x10000288       0x30 CMakeFiles/TEST_PICO_FREERTOS.dir/opt/pico-sdk/src/rp2_common/pico_standard_link/binary_info.c.obj
 *(.init)
 .init          0x100002b8        0x4 /usr/lib/gcc/arm-none-eabi/14.1.0/thumb/v6-m/nofp/crti.o
                0x100002b8                _init
 *(EXCLUDE_FILE(*libm.a: *libc.a:*lib_a-mem*.o *libgcc.a:) .text*)
 .text.frame_dummy
                0x100002bc       0x20 /usr/lib/gcc/arm-none-eabi/14.1.0/thumb/v6-m/nofp/crtbegin.o
 .text.start_task
                0x100002dc       0x28 CMakeFiles/TEST_PICO_FREERTOS.dir/test.c.obj
                0x100002dc                start_task
 .text.get_block
                0x10000304       0x68 CMakeFiles/TEST_PICO_FREERTOS.dir/test.c.obj
                0x10000304                get_block
 .text.count_func
                0x1000036c       0x50 CMakeFiles/TEST_PICO_FREERTOS.dir/test.c.obj
                0x1000036c                count_func
 .text.startup.main
                0x100003bc       0x18 CMakeFiles/TEST_PICO_FREERTOS.dir/test.c.obj
                0x100003bc                main
 .text.perform_task
                0x100003d4       0x4c CMakeFiles/TEST_PICO_FREERTOS.dir/test.c.obj
                0x100003d4                perform_task
 .text.task     0x10000420       0x1c CMakeFiles/TEST_PICO_FREERTOS.dir/test.c.obj
                0x10000420                task
 .text.gpio_set_function
                0x1000043c       0x30 CMakeFiles/TEST_PICO_FREERTOS.dir/opt/pico-sdk/src/rp2_common/hardware_gpio/gpio.c.obj
                0x1000043c                gpio_set_function
 .text.gpio_set_pulls
                0x1000046c       0x24 CMakeFiles/TEST_PICO_FREERTOS.dir/opt/pico-sdk/src/rp2_common/hardware_gpio/gpio.c.obj
                0x1000046c                gpio_set_pulls
 .text.gpio_set_input_hysteresis_enabled
                0x10000490       0x28 CMakeFiles/TEST_PICO_FREERTOS.dir/opt/pico-sdk/src/rp2_common/hardware_gpio/gpio.c.obj
                0x10000490                gpio_set_input_hysteresis_enabled
 .text.gpio_set_irq_enabled
                0x100004b8       0x54 CMakeFiles/TEST_PICO_FREERTOS.dir/opt/pico-sdk/src/rp2_common/hardware_gpio/gpio.c.obj
                0x100004b8                gpio_set_irq_enabled
 .text.gpio_add_raw_irq_handler_with_order_priority_masked
                0x1000050c       0x44 CMakeFiles/TEST_PICO_FREERTOS.dir/opt/pico-sdk/src/rp2_common/hardware_gpio/gpio.c.obj
                0x1000050c                gpio_add_raw_irq_handler_with_order_priority_masked
 .text.gpio_remove_raw_irq_handler_masked
                0x10000550       0x20 CMakeFiles/TEST_PICO_FREERTOS.dir/opt/pico-sdk/src/rp2_common/hardware_gpio/gpio.c.obj
                0x10000550                gpio_remove_raw_irq_handler_masked
 .text.gpio_init
                0x10000570       0x3c CMakeFiles/TEST_PICO_FREERTOS.dir/opt/pico-sdk/src/rp2_common/hardware_gpio/gpio.c.obj
                0x10000570                gpio_init
 .text.running_on_fpga
                0x100005ac       0x10 CMakeFiles/TEST_PICO_FREERTOS.dir/opt/pico-sdk/src/rp2_common/pico_platform/platform.c.obj
                0x100005ac                running_on_fpga
 .text.hw_claim_lock
                0x100005bc       0x18 CMakeFiles/TEST_PICO_FREERTOS.dir/opt/pico-sdk/src/rp2_common/hardware_claim/claim.c.obj
                0x100005bc                hw_claim_lock
 .text.hw_claim_unlock
                0x100005d4       0x14 CMakeFiles/TEST_PICO_FREERTOS.dir/opt/pico-sdk/src/rp2_common/hardware_claim/claim.c.obj
                0x100005d4                hw_claim_unlock
 .text.hw_claim_or_assert
                0x100005e8       0x44 CMakeFiles/TEST_PICO_FREERTOS.dir/opt/pico-sdk/src/rp2_common/hardware_claim/claim.c.obj
                0x100005e8                hw_claim_or_assert
 .text.hw_claim_unused_from_range
                0x1000062c       0x88 CMakeFiles/TEST_PICO_FREERTOS.dir/opt/pico-sdk/src/rp2_common/hardware_claim/claim.c.obj
                0x1000062c                hw_claim_unused_from_range
 .text.hw_claim_clear
                0x100006b4       0x38 CMakeFiles/TEST_PICO_FREERTOS.dir/opt/pico-sdk/src/rp2_common/hardware_claim/claim.c.obj
                0x100006b4                hw_claim_clear
 .text.spin_locks_reset
                0x100006ec       0x1c CMakeFiles/TEST_PICO_FREERTOS.dir/opt/pico-sdk/src/rp2_common/hardware_sync/sync.c.obj
                0x100006ec                spin_locks_reset
 .text.next_striped_spin_lock_num
                0x10000708       0x18 CMakeFiles/TEST_PICO_FREERTOS.dir/opt/pico-sdk/src/rp2_common/hardware_sync/sync.c.obj
                0x10000708                next_striped_spin_lock_num
 .text.spin_lock_claim_unused
                0x10000720       0x24 CMakeFiles/TEST_PICO_FREERTOS.dir/opt/pico-sdk/src/rp2_common/hardware_sync/sync.c.obj
                0x10000720                spin_lock_claim_unused
 .text.irq_set_enabled
                0x10000744       0x24 CMakeFiles/TEST_PICO_FREERTOS.dir/opt/pico-sdk/src/rp2_common/hardware_irq/irq.c.obj
                0x10000744                irq_set_enabled
 .text.irq_set_pending
                0x10000768       0x10 CMakeFiles/TEST_PICO_FREERTOS.dir/opt/pico-sdk/src/rp2_common/hardware_irq/irq.c.obj
                0x10000768                irq_set_pending
 .text.irq_has_shared_handler
                0x10000778       0x2c CMakeFiles/TEST_PICO_FREERTOS.dir/opt/pico-sdk/src/rp2_common/hardware_irq/irq.c.obj
                0x10000778                irq_has_shared_handler
 .text.irq_get_vtable_handler
                0x100007a4       0x10 CMakeFiles/TEST_PICO_FREERTOS.dir/opt/pico-sdk/src/rp2_common/hardware_irq/irq.c.obj
                0x100007a4                irq_get_vtable_handler
 .text.irq_set_exclusive_handler
                0x100007b4       0x54 CMakeFiles/TEST_PICO_FREERTOS.dir/opt/pico-sdk/src/rp2_common/hardware_irq/irq.c.obj
                0x100007b4                irq_set_exclusive_handler
 .text.irq_add_shared_handler
                0x10000808      0x1f4 CMakeFiles/TEST_PICO_FREERTOS.dir/opt/pico-sdk/src/rp2_common/hardware_irq/irq.c.obj
                0x10000808                irq_add_shared_handler
 .text.irq_remove_handler
                0x100009fc      0x1bc CMakeFiles/TEST_PICO_FREERTOS.dir/opt/pico-sdk/src/rp2_common/hardware_irq/irq.c.obj
                0x100009fc                irq_remove_handler
 .text.irq_set_priority
                0x10000bb8       0x28 CMakeFiles/TEST_PICO_FREERTOS.dir/opt/pico-sdk/src/rp2_common/hardware_irq/irq.c.obj
                0x10000bb8                irq_set_priority
 .text.irq_add_tail_to_free_list
                0x10000be0       0xb4 CMakeFiles/TEST_PICO_FREERTOS.dir/opt/pico-sdk/src/rp2_common/hardware_irq/irq.c.obj
                0x10000be0                irq_add_tail_to_free_list
 .text.irq_init_priorities
                0x10000c94       0x24 CMakeFiles/TEST_PICO_FREERTOS.dir/opt/pico-sdk/src/rp2_common/hardware_irq/irq.c.obj
                0x10000c94                irq_init_priorities
 .text.user_irq_unclaim
                0x10000cb8       0x14 CMakeFiles/TEST_PICO_FREERTOS.dir/opt/pico-sdk/src/rp2_common/hardware_irq/irq.c.obj
                0x10000cb8                user_irq_unclaim
 .text.user_irq_claim_unused
                0x10000ccc       0x2c CMakeFiles/TEST_PICO_FREERTOS.dir/opt/pico-sdk/src/rp2_common/hardware_irq/irq.c.obj
                0x10000ccc                user_irq_claim_unused
 .text.sem_init
                0x10000cf8       0x20 CMakeFiles/TEST_PICO_FREERTOS.dir/opt/pico-sdk/src/common/pico_sync/sem.c.obj
                0x10000cf8                sem_init
 .text.lock_init
                0x10000d18       0x10 CMakeFiles/TEST_PICO_FREERTOS.dir/opt/pico-sdk/src/common/pico_sync/lock_core.c.obj
                0x10000d18                lock_init
 .text.mutex_init
                0x10000d28       0x1c CMakeFiles/TEST_PICO_FREERTOS.dir/opt/pico-sdk/src/common/pico_sync/mutex.c.obj
                0x10000d28                mutex_init
 .text.recursive_mutex_init
                0x10000d44       0x20 CMakeFiles/TEST_PICO_FREERTOS.dir/opt/pico-sdk/src/common/pico_sync/mutex.c.obj
                0x10000d44                recursive_mutex_init
 .text.critical_section_init
                0x10000d64       0x1c CMakeFiles/TEST_PICO_FREERTOS.dir/opt/pico-sdk/src/common/pico_sync/critical_section.c.obj
                0x10000d64                critical_section_init
 .text.critical_section_init_with_lock_num
                0x10000d80       0x14 CMakeFiles/TEST_PICO_FREERTOS.dir/opt/pico-sdk/src/common/pico_sync/critical_section.c.obj
                0x10000d80                critical_section_init_with_lock_num
 .text.timer_pool_entry_comparator
                0x10000d94       0x34 CMakeFiles/TEST_PICO_FREERTOS.dir/opt/pico-sdk/src/common/pico_time/time.c.obj
                0x10000d94                timer_pool_entry_comparator
 .text.sleep_until_callback
                0x10000dc8       0x24 CMakeFiles/TEST_PICO_FREERTOS.dir/opt/pico-sdk/src/common/pico_time/time.c.obj
 .text.add_alarm_under_lock.isra.0
                0x10000dec      0x100 CMakeFiles/TEST_PICO_FREERTOS.dir/opt/pico-sdk/src/common/pico_time/time.c.obj
 .text.alarm_pool_alarm_callback
                0x10000eec      0x1a8 CMakeFiles/TEST_PICO_FREERTOS.dir/opt/pico-sdk/src/common/pico_time/time.c.obj
 .text.alarm_pool_init_default
                0x10001094       0x6c CMakeFiles/TEST_PICO_FREERTOS.dir/opt/pico-sdk/src/common/pico_time/time.c.obj
                0x10001094                alarm_pool_init_default
 .text.alarm_pool_get_default
                0x10001100        0x8 CMakeFiles/TEST_PICO_FREERTOS.dir/opt/pico-sdk/src/common/pico_time/time.c.obj
                0x10001100                alarm_pool_get_default
 .text.alarm_pool_create_with_unused_hardware_alarm
                0x10001108       0x74 CMakeFiles/TEST_PICO_FREERTOS.dir/opt/pico-sdk/src/common/pico_time/time.c.obj
                0x10001108                alarm_pool_create_with_unused_hardware_alarm
 .text.alarm_pool_destroy
                0x1000117c       0x44 CMakeFiles/TEST_PICO_FREERTOS.dir/opt/pico-sdk/src/common/pico_time/time.c.obj
                0x1000117c                alarm_pool_destroy
 .text.alarm_pool_add_alarm_at
                0x100011c0      0x174 CMakeFiles/TEST_PICO_FREERTOS.dir/opt/pico-sdk/src/common/pico_time/time.c.obj
                0x100011c0                alarm_pool_add_alarm_at
 .text.alarm_pool_add_alarm_at_force_in_context
                0x10001334      0x114 CMakeFiles/TEST_PICO_FREERTOS.dir/opt/pico-sdk/src/common/pico_time/time.c.obj
                0x10001334                alarm_pool_add_alarm_at_force_in_context
 .text.alarm_pool_cancel_alarm
                0x10001448       0x70 CMakeFiles/TEST_PICO_FREERTOS.dir/opt/pico-sdk/src/common/pico_time/time.c.obj
                0x10001448                alarm_pool_cancel_alarm
 .text.alarm_pool_core_num
                0x100014b8        0x4 CMakeFiles/TEST_PICO_FREERTOS.dir/opt/pico-sdk/src/common/pico_time/time.c.obj
                0x100014b8                alarm_pool_core_num
 .text.sleep_until
                0x100014bc       0xbc CMakeFiles/TEST_PICO_FREERTOS.dir/opt/pico-sdk/src/common/pico_time/time.c.obj
                0x100014bc                sleep_until
 .text.sleep_ms
                0x10001578       0xec CMakeFiles/TEST_PICO_FREERTOS.dir/opt/pico-sdk/src/common/pico_time/time.c.obj
                0x10001578                sleep_ms
 .text.best_effort_wfe_or_timeout
                0x10001664       0xe0 CMakeFiles/TEST_PICO_FREERTOS.dir/opt/pico-sdk/src/common/pico_time/time.c.obj
                0x10001664                best_effort_wfe_or_timeout
 .text.hardware_alarm_irq_handler
                0x10001744       0xbc CMakeFiles/TEST_PICO_FREERTOS.dir/opt/pico-sdk/src/rp2_common/hardware_timer/timer.c.obj
 .text.hardware_alarm_claim
                0x10001800       0x18 CMakeFiles/TEST_PICO_FREERTOS.dir/opt/pico-sdk/src/rp2_common/hardware_timer/timer.c.obj
                0x10001800                hardware_alarm_claim
 .text.hardware_alarm_unclaim
                0x10001818       0x14 CMakeFiles/TEST_PICO_FREERTOS.dir/opt/pico-sdk/src/rp2_common/hardware_timer/timer.c.obj
                0x10001818                hardware_alarm_unclaim
 .text.hardware_alarm_claim_unused
                0x1000182c       0x24 CMakeFiles/TEST_PICO_FREERTOS.dir/opt/pico-sdk/src/rp2_common/hardware_timer/timer.c.obj
                0x1000182c                hardware_alarm_claim_unused
 .text.time_us_64
                0x10001850       0x14 CMakeFiles/TEST_PICO_FREERTOS.dir/opt/pico-sdk/src/rp2_common/hardware_timer/timer.c.obj
                0x10001850                time_us_64
 .text.busy_wait_us
                0x10001864       0x68 CMakeFiles/TEST_PICO_FREERTOS.dir/opt/pico-sdk/src/rp2_common/hardware_timer/timer.c.obj
                0x10001864                busy_wait_us
 .text.busy_wait_until
                0x100018cc       0x20 CMakeFiles/TEST_PICO_FREERTOS.dir/opt/pico-sdk/src/rp2_common/hardware_timer/timer.c.obj
                0x100018cc                busy_wait_until
 .text.hardware_alarm_set_callback
                0x100018ec       0x8c CMakeFiles/TEST_PICO_FREERTOS.dir/opt/pico-sdk/src/rp2_common/hardware_timer/timer.c.obj
                0x100018ec                hardware_alarm_set_callback
 .text.hardware_alarm_set_target
                0x10001978       0xd0 CMakeFiles/TEST_PICO_FREERTOS.dir/opt/pico-sdk/src/rp2_common/hardware_timer/timer.c.obj
                0x10001978                hardware_alarm_set_target
 .text.hardware_alarm_cancel
                0x10001a48       0x3c CMakeFiles/TEST_PICO_FREERTOS.dir/opt/pico-sdk/src/rp2_common/hardware_timer/timer.c.obj
                0x10001a48                hardware_alarm_cancel
 .text.hardware_alarm_force_irq
                0x10001a84       0x3c CMakeFiles/TEST_PICO_FREERTOS.dir/opt/pico-sdk/src/rp2_common/hardware_timer/timer.c.obj
                0x10001a84                hardware_alarm_force_irq
 .text.ph_merge_nodes
                0x10001ac0       0x50 CMakeFiles/TEST_PICO_FREERTOS.dir/opt/pico-sdk/src/common/pico_util/pheap.c.obj
 .text.ph_create
                0x10001b10       0x60 CMakeFiles/TEST_PICO_FREERTOS.dir/opt/pico-sdk/src/common/pico_util/pheap.c.obj
                0x10001b10                ph_create
 .text.ph_post_alloc_init
                0x10001b70       0x3c CMakeFiles/TEST_PICO_FREERTOS.dir/opt/pico-sdk/src/common/pico_util/pheap.c.obj
                0x10001b70                ph_post_alloc_init
 .text.ph_destroy
                0x10001bac       0x14 CMakeFiles/TEST_PICO_FREERTOS.dir/opt/pico-sdk/src/common/pico_util/pheap.c.obj
                0x10001bac                ph_destroy
 .text.ph_merge_two_pass
                0x10001bc0       0x88 CMakeFiles/TEST_PICO_FREERTOS.dir/opt/pico-sdk/src/common/pico_util/pheap.c.obj
                0x10001bc0                ph_merge_two_pass
 .text.ph_remove_any_head
                0x10001c48      0x124 CMakeFiles/TEST_PICO_FREERTOS.dir/opt/pico-sdk/src/common/pico_util/pheap.c.obj
 .text.ph_remove_head
                0x10001d6c      0x128 CMakeFiles/TEST_PICO_FREERTOS.dir/opt/pico-sdk/src/common/pico_util/pheap.c.obj
                0x10001d6c                ph_remove_head
 .text.ph_remove_and_free_node
                0x10001e94       0x78 CMakeFiles/TEST_PICO_FREERTOS.dir/opt/pico-sdk/src/common/pico_util/pheap.c.obj
                0x10001e94                ph_remove_and_free_node
 .text.clocks_init
                0x10001f0c      0x2c8 CMakeFiles/TEST_PICO_FREERTOS.dir/opt/pico-sdk/src/rp2_common/hardware_clocks/clocks.c.obj
                0x10001f0c                clocks_init
 .text.clock_get_hz
                0x100021d4        0xc CMakeFiles/TEST_PICO_FREERTOS.dir/opt/pico-sdk/src/rp2_common/hardware_clocks/clocks.c.obj
                0x100021d4                clock_get_hz
 .text.pll_init
                0x100021e0       0xa4 CMakeFiles/TEST_PICO_FREERTOS.dir/opt/pico-sdk/src/rp2_common/hardware_pll/pll.c.obj
                0x100021e0                pll_init
 .text.watchdog_start_tick
                0x10002284       0x10 CMakeFiles/TEST_PICO_FREERTOS.dir/opt/pico-sdk/src/rp2_common/hardware_watchdog/watchdog.c.obj
                0x10002284                watchdog_start_tick
 .text.watchdog_reboot
                0x10002294       0x9c CMakeFiles/TEST_PICO_FREERTOS.dir/opt/pico-sdk/src/rp2_common/hardware_watchdog/watchdog.c.obj
                0x10002294                watchdog_reboot
 .text.xosc_init
                0x10002330       0x28 CMakeFiles/TEST_PICO_FREERTOS.dir/opt/pico-sdk/src/rp2_common/hardware_xosc/xosc.c.obj
                0x10002330                xosc_init
 .text.runtime_init
                0x10002358       0xf0 CMakeFiles/TEST_PICO_FREERTOS.dir/opt/pico-sdk/src/rp2_common/pico_runtime/runtime.c.obj
                0x10002358                runtime_init
 .text._exit    0x10002448        0x4 CMakeFiles/TEST_PICO_FREERTOS.dir/opt/pico-sdk/src/rp2_common/pico_runtime/runtime.c.obj
                0x10002448                _exit
 .text._sbrk    0x1000244c       0x34 CMakeFiles/TEST_PICO_FREERTOS.dir/opt/pico-sdk/src/rp2_common/pico_runtime/runtime.c.obj
                0x1000244c                _sbrk
 .text._getpid  0x10002480        0x4 CMakeFiles/TEST_PICO_FREERTOS.dir/opt/pico-sdk/src/rp2_common/pico_runtime/runtime.c.obj
                0x10002480                _getpid
 .text._kill    0x10002484        0x8 CMakeFiles/TEST_PICO_FREERTOS.dir/opt/pico-sdk/src/rp2_common/pico_runtime/runtime.c.obj
                0x10002484                _kill
 .text.exit     0x1000248c        0x8 CMakeFiles/TEST_PICO_FREERTOS.dir/opt/pico-sdk/src/rp2_common/pico_runtime/runtime.c.obj
                0x1000248c                exit
 .text.panic    0x10002494       0x30 CMakeFiles/TEST_PICO_FREERTOS.dir/opt/pico-sdk/src/rp2_common/pico_runtime/runtime.c.obj
                0x10002494                panic
 .text.panic_unsupported
                0x100024c4        0xc CMakeFiles/TEST_PICO_FREERTOS.dir/opt/pico-sdk/src/rp2_common/pico_runtime/runtime.c.obj
                0x100024c4                panic_unsupported
 .text.hard_assertion_failure
                0x100024d0        0xc CMakeFiles/TEST_PICO_FREERTOS.dir/opt/pico-sdk/src/rp2_common/pico_runtime/runtime.c.obj
                0x100024d0                hard_assertion_failure
 .text._out_null
                0x100024dc        0x4 CMakeFiles/TEST_PICO_FREERTOS.dir/opt/pico-sdk/src/rp2_common/pico_printf/printf.c.obj
 .text._out_rev
                0x100024e0       0xac CMakeFiles/TEST_PICO_FREERTOS.dir/opt/pico-sdk/src/rp2_common/pico_printf/printf.c.obj
 .text._ntoa_format
                0x1000258c      0x1cc CMakeFiles/TEST_PICO_FREERTOS.dir/opt/pico-sdk/src/rp2_common/pico_printf/printf.c.obj
 .text._out_char
                0x10002758       0x10 CMakeFiles/TEST_PICO_FREERTOS.dir/opt/pico-sdk/src/rp2_common/pico_printf/printf.c.obj
 .text._out_fct
                0x10002768       0x10 CMakeFiles/TEST_PICO_FREERTOS.dir/opt/pico-sdk/src/rp2_common/pico_printf/printf.c.obj
 .text._ftoa    0x10002778      0x4a8 CMakeFiles/TEST_PICO_FREERTOS.dir/opt/pico-sdk/src/rp2_common/pico_printf/printf.c.obj
 .text._etoa    0x10002c20      0x57c CMakeFiles/TEST_PICO_FREERTOS.dir/opt/pico-sdk/src/rp2_common/pico_printf/printf.c.obj
 .text._vsnprintf
                0x1000319c      0xbe0 CMakeFiles/TEST_PICO_FREERTOS.dir/opt/pico-sdk/src/rp2_common/pico_printf/printf.c.obj
 .text.vfctprintf
                0x10003d7c       0x24 CMakeFiles/TEST_PICO_FREERTOS.dir/opt/pico-sdk/src/rp2_common/pico_printf/printf.c.obj
                0x10003d7c                vfctprintf
 .text.weak_raw_vprintf
                0x10003da0       0x30 CMakeFiles/TEST_PICO_FREERTOS.dir/opt/pico-sdk/src/rp2_common/pico_printf/printf.c.obj
                0x10003da0                weak_raw_vprintf
 .text          0x10003dd0       0x10 CMakeFiles/TEST_PICO_FREERTOS.dir/opt/pico-sdk/src/rp2_common/pico_bit_ops/bit_ops_aeabi.S.obj
 .text.ctzsi    0x10003de0        0xc CMakeFiles/TEST_PICO_FREERTOS.dir/opt/pico-sdk/src/rp2_common/pico_bit_ops/bit_ops_aeabi.S.obj
                0x10003de0                __wrap___ctzsi2
 .text.rom_func_lookup
                0x10003dec       0x10 CMakeFiles/TEST_PICO_FREERTOS.dir/opt/pico-sdk/src/rp2_common/pico_bootrom/bootrom.c.obj
                0x10003dec                rom_func_lookup
 .text.rom_data_lookup
                0x10003dfc       0x10 CMakeFiles/TEST_PICO_FREERTOS.dir/opt/pico-sdk/src/rp2_common/pico_bootrom/bootrom.c.obj
                0x10003dfc                rom_data_lookup
 .text.rom_funcs_lookup
                0x10003e0c       0x44 CMakeFiles/TEST_PICO_FREERTOS.dir/opt/pico-sdk/src/rp2_common/pico_bootrom/bootrom.c.obj
                0x10003e0c                rom_funcs_lookup
 .text.__wrap___aeabi_idiv
                0x10003e50       0x50 CMakeFiles/TEST_PICO_FREERTOS.dir/opt/pico-sdk/src/rp2_common/pico_divider/divider.S.obj
                0x10003e50                __wrap___aeabi_idivmod
                0x10003e50                divmod_s32s32
                0x10003e50                div_s32s32
                0x10003e50                __wrap___aeabi_idiv
                0x10003e58                divmod_s32s32_unsafe
                0x10003e84                divmod_s32s32_savestate
 .text.__wrap___aeabi_uidiv
                0x10003ea0       0x4c CMakeFiles/TEST_PICO_FREERTOS.dir/opt/pico-sdk/src/rp2_common/pico_divider/divider.S.obj
                0x10003ea0                __wrap___aeabi_uidiv
                0x10003ea0                __wrap___aeabi_uidivmod
                0x10003ea0                div_u32u32
                0x10003ea0                divmod_u32u32
                0x10003ea8                divmod_u32u32_unsafe
                0x10003ed0                divmod_u32u32_savestate
 .text.__wrap___aeabi_ldiv
                0x10003eec      0x424 CMakeFiles/TEST_PICO_FREERTOS.dir/opt/pico-sdk/src/rp2_common/pico_divider/divider.S.obj
                0x10003eec                div_s64s64
                0x10003eec                divmod_s64s64
                0x10003eec                __wrap___aeabi_ldivmod
                0x10003f1c                div_u64u64
                0x10003f1c                divmod_u64u64
                0x10003f1c                __wrap___aeabi_uldivmod
                0x10003f2c                divmod_u64u64_savestate
                0x10003f4c                divmod_s64s64_unsafe
                0x10003fd4                divmod_u64u64_unsafe
 .text.__wrap___aeabi_darithmetic
                0x10004310       0x60 CMakeFiles/TEST_PICO_FREERTOS.dir/opt/pico-sdk/src/rp2_common/pico_double/double_aeabi.S.obj
                0x10004310                __wrap___aeabi_drsub
                0x10004316                __wrap___aeabi_dsub
                0x10004320                __wrap___aeabi_dadd
                0x1000432a                __wrap___aeabi_ddiv
                0x1000435e                __wrap___aeabi_dmul
 .text.__wrap___aeabi_cdcmple
                0x10004370       0x6c CMakeFiles/TEST_PICO_FREERTOS.dir/opt/pico-sdk/src/rp2_common/pico_double/double_aeabi.S.obj
                0x10004370                __wrap___aeabi_cdrcmple
                0x10004380                __wrap___aeabi_cdcmple
                0x10004380                __wrap___aeabi_cdcmpeq
 .text.__wrap___aeabi_dcmplt
                0x100043dc        0xc CMakeFiles/TEST_PICO_FREERTOS.dir/opt/pico-sdk/src/rp2_common/pico_double/double_aeabi.S.obj
                0x100043dc                __wrap___aeabi_dcmplt
 .text.__wrap___aeabi_dcmple
                0x100043e8       0x10 CMakeFiles/TEST_PICO_FREERTOS.dir/opt/pico-sdk/src/rp2_common/pico_double/double_aeabi.S.obj
                0x100043e8                __wrap___aeabi_dcmple
 .text.__wrap___aeabi_dcmpge
                0x100043f8       0x10 CMakeFiles/TEST_PICO_FREERTOS.dir/opt/pico-sdk/src/rp2_common/pico_double/double_aeabi.S.obj
                0x100043f8                __wrap___aeabi_dcmpge
 .text.__wrap___aeabi_dcmpgt
                0x10004408        0xa CMakeFiles/TEST_PICO_FREERTOS.dir/opt/pico-sdk/src/rp2_common/pico_double/double_aeabi.S.obj
                0x10004408                __wrap___aeabi_dcmpgt
 .text.__wrap___aeabi_dcmpun
                0x10004412       0x1c CMakeFiles/TEST_PICO_FREERTOS.dir/opt/pico-sdk/src/rp2_common/pico_double/double_aeabi.S.obj
                0x10004412                __wrap___aeabi_dcmpun
 *fill*         0x1000442e        0x2 
 .text.__wrap___aeabi_i2d
                0x10004430       0x38 CMakeFiles/TEST_PICO_FREERTOS.dir/opt/pico-sdk/src/rp2_common/pico_double/double_aeabi.S.obj
                0x10004430                __wrap___aeabi_ui2d
                0x10004438                __wrap___aeabi_i2d
 .text.__wrap___aeabi_d2iz
                0x10004468       0x48 CMakeFiles/TEST_PICO_FREERTOS.dir/opt/pico-sdk/src/rp2_common/pico_double/double_aeabi.S.obj
                0x10004468                __wrap___aeabi_d2iz
                0x10004468                double2int_z
 .text.__wrap___aeabi_d2uiz
                0x100044b0       0x10 CMakeFiles/TEST_PICO_FREERTOS.dir/opt/pico-sdk/src/rp2_common/pico_double/double_aeabi.S.obj
                0x100044b0                double2uint
                0x100044b0                __wrap___aeabi_d2uiz
 .text.missing_double_func_shim
                0x100044c0        0xc CMakeFiles/TEST_PICO_FREERTOS.dir/opt/pico-sdk/src/rp2_common/pico_double/double_init_rom.c.obj
 .text.__aeabi_double_init
                0x100044cc       0x94 CMakeFiles/TEST_PICO_FREERTOS.dir/opt/pico-sdk/src/rp2_common/pico_double/double_init_rom.c.obj
                0x100044cc                __aeabi_double_init
 .text.double_table_shim_on_use_helper
                0x10004560       0x2c CMakeFiles/TEST_PICO_FREERTOS.dir/opt/pico-sdk/src/rp2_common/pico_double/double_v1_rom_shim.S.obj
                0x10004560                double_table_shim_on_use_helper
 .text.__aeabi_lmul
                0x1000458c       0x32 CMakeFiles/TEST_PICO_FREERTOS.dir/opt/pico-sdk/src/rp2_common/pico_int64_ops/pico_int64_ops_aeabi.S.obj
                0x1000458c                __wrap___aeabi_lmul
 *fill*         0x100045be        0x2 
 .text.missing_float_func_shim
                0x100045c0        0xc CMakeFiles/TEST_PICO_FREERTOS.dir/opt/pico-sdk/src/rp2_common/pico_float/float_init_rom.c.obj
 .text.__aeabi_float_init
                0x100045cc       0x5c CMakeFiles/TEST_PICO_FREERTOS.dir/opt/pico-sdk/src/rp2_common/pico_float/float_init_rom.c.obj
                0x100045cc                __aeabi_float_init
 .text.__wrap_malloc
                0x10004628       0x3c CMakeFiles/TEST_PICO_FREERTOS.dir/opt/pico-sdk/src/rp2_common/pico_malloc/pico_malloc.c.obj
                0x10004628                __wrap_malloc
 .text.__wrap_calloc
                0x10004664       0x40 CMakeFiles/TEST_PICO_FREERTOS.dir/opt/pico-sdk/src/rp2_common/pico_malloc/pico_malloc.c.obj
                0x10004664                __wrap_calloc
 .text.__wrap_free
                0x100046a4       0x20 CMakeFiles/TEST_PICO_FREERTOS.dir/opt/pico-sdk/src/rp2_common/pico_malloc/pico_malloc.c.obj
                0x100046a4                __wrap_free
 .text          0x100046c4       0x10 CMakeFiles/TEST_PICO_FREERTOS.dir/opt/pico-sdk/src/rp2_common/pico_mem_ops/mem_ops_aeabi.S.obj
                0x100046c4                __aeabi_mem_init
 .text.memset   0x100046d4        0xc CMakeFiles/TEST_PICO_FREERTOS.dir/opt/pico-sdk/src/rp2_common/pico_mem_ops/mem_ops_aeabi.S.obj
                0x100046d4                __wrap_memset
 .text.memcpy   0x100046e0        0xc CMakeFiles/TEST_PICO_FREERTOS.dir/opt/pico-sdk/src/rp2_common/pico_mem_ops/mem_ops_aeabi.S.obj
                0x100046e0                __wrap___aeabi_memcpy
                0x100046e0                __wrap_memcpy
 .text.stdio_out_chars_crlf
                0x100046ec       0xb0 CMakeFiles/TEST_PICO_FREERTOS.dir/opt/pico-sdk/src/rp2_common/pico_stdio/stdio.c.obj
 .text.stdio_buffered_printer
                0x1000479c       0x64 CMakeFiles/TEST_PICO_FREERTOS.dir/opt/pico-sdk/src/rp2_common/pico_stdio/stdio.c.obj
 .text.__wrap_putchar
                0x10004800       0x94 CMakeFiles/TEST_PICO_FREERTOS.dir/opt/pico-sdk/src/rp2_common/pico_stdio/stdio.c.obj
                0x10004800                __wrap_putchar
 .text.__wrap_puts
                0x10004894       0xd4 CMakeFiles/TEST_PICO_FREERTOS.dir/opt/pico-sdk/src/rp2_common/pico_stdio/stdio.c.obj
                0x10004894                __wrap_puts
 .text._write   0x10004968       0xac CMakeFiles/TEST_PICO_FREERTOS.dir/opt/pico-sdk/src/rp2_common/pico_stdio/stdio.c.obj
                0x10004968                _write
 .text.stdio_set_driver_enabled
                0x10004a14       0x30 CMakeFiles/TEST_PICO_FREERTOS.dir/opt/pico-sdk/src/rp2_common/pico_stdio/stdio.c.obj
                0x10004a14                stdio_set_driver_enabled
 .text.__wrap_vprintf
                0x10004a44       0xcc CMakeFiles/TEST_PICO_FREERTOS.dir/opt/pico-sdk/src/rp2_common/pico_stdio/stdio.c.obj
                0x10004a44                __wrap_vprintf
 .text.__wrap_printf
                0x10004b10       0x18 CMakeFiles/TEST_PICO_FREERTOS.dir/opt/pico-sdk/src/rp2_common/pico_stdio/stdio.c.obj
                0x10004b10                __wrap_printf
 .text.stdio_init_all
                0x10004b28        0x8 CMakeFiles/TEST_PICO_FREERTOS.dir/opt/pico-sdk/src/rp2_common/pico_stdio/stdio.c.obj
                0x10004b28                stdio_init_all
 .text.getchar_timeout_us
                0x10004b30       0x98 CMakeFiles/TEST_PICO_FREERTOS.dir/opt/pico-sdk/src/rp2_common/pico_stdio/stdio.c.obj
                0x10004b30                getchar_timeout_us
 .text.resetd_init
                0x10004bc8        0x4 CMakeFiles/TEST_PICO_FREERTOS.dir/opt/pico-sdk/src/rp2_common/pico_stdio_usb/reset_interface.c.obj
 .text.resetd_reset
                0x10004bcc        0xc CMakeFiles/TEST_PICO_FREERTOS.dir/opt/pico-sdk/src/rp2_common/pico_stdio_usb/reset_interface.c.obj
 .text.resetd_open
                0x10004bd8       0x28 CMakeFiles/TEST_PICO_FREERTOS.dir/opt/pico-sdk/src/rp2_common/pico_stdio_usb/reset_interface.c.obj
 .text.resetd_xfer_cb
                0x10004c00        0x4 CMakeFiles/TEST_PICO_FREERTOS.dir/opt/pico-sdk/src/rp2_common/pico_stdio_usb/reset_interface.c.obj
 .text.resetd_control_xfer_cb
                0x10004c04       0x60 CMakeFiles/TEST_PICO_FREERTOS.dir/opt/pico-sdk/src/rp2_common/pico_stdio_usb/reset_interface.c.obj
 .text.usbd_app_driver_get_cb
                0x10004c64        0xc CMakeFiles/TEST_PICO_FREERTOS.dir/opt/pico-sdk/src/rp2_common/pico_stdio_usb/reset_interface.c.obj
                0x10004c64                usbd_app_driver_get_cb
 .text.tud_cdc_line_coding_cb
                0x10004c70       0x34 CMakeFiles/TEST_PICO_FREERTOS.dir/opt/pico-sdk/src/rp2_common/pico_stdio_usb/reset_interface.c.obj
                0x10004c70                tud_cdc_line_coding_cb
 .text.stdio_usb_set_chars_available_callback
                0x10004ca4       0x14 CMakeFiles/TEST_PICO_FREERTOS.dir/opt/pico-sdk/src/rp2_common/pico_stdio_usb/stdio_usb.c.obj
                0x10004ca4                stdio_usb_set_chars_available_callback
 .text.usb_irq  0x10004cb8       0x10 CMakeFiles/TEST_PICO_FREERTOS.dir/opt/pico-sdk/src/rp2_common/pico_stdio_usb/stdio_usb.c.obj
 .text.timer_task
                0x10004cc8       0x54 CMakeFiles/TEST_PICO_FREERTOS.dir/opt/pico-sdk/src/rp2_common/pico_stdio_usb/stdio_usb.c.obj
 .text.stdio_usb_in_chars
                0x10004d1c       0x8c CMakeFiles/TEST_PICO_FREERTOS.dir/opt/pico-sdk/src/rp2_common/pico_stdio_usb/stdio_usb.c.obj
                0x10004d1c                stdio_usb_in_chars
 .text.stdio_usb_out_chars
                0x10004da8      0x100 CMakeFiles/TEST_PICO_FREERTOS.dir/opt/pico-sdk/src/rp2_common/pico_stdio_usb/stdio_usb.c.obj
 .text.low_priority_worker_irq
                0x10004ea8       0xa4 CMakeFiles/TEST_PICO_FREERTOS.dir/opt/pico-sdk/src/rp2_common/pico_stdio_usb/stdio_usb.c.obj
 .text.tud_cdc_rx_cb
                0x10004f4c       0x20 CMakeFiles/TEST_PICO_FREERTOS.dir/opt/pico-sdk/src/rp2_common/pico_stdio_usb/stdio_usb.c.obj
                0x10004f4c                tud_cdc_rx_cb
 .text.stdio_usb_init
                0x10004f6c       0xdc CMakeFiles/TEST_PICO_FREERTOS.dir/opt/pico-sdk/src/rp2_common/pico_stdio_usb/stdio_usb.c.obj
                0x10004f6c                stdio_usb_init
 .text.tud_descriptor_device_cb
                0x10005048        0x8 CMakeFiles/TEST_PICO_FREERTOS.dir/opt/pico-sdk/src/rp2_common/pico_stdio_usb/stdio_usb_descriptors.c.obj
                0x10005048                tud_descriptor_device_cb
 .text.tud_descriptor_configuration_cb
                0x10005050        0x8 CMakeFiles/TEST_PICO_FREERTOS.dir/opt/pico-sdk/src/rp2_common/pico_stdio_usb/stdio_usb_descriptors.c.obj
                0x10005050                tud_descriptor_configuration_cb
 .text.tud_descriptor_string_cb
                0x10005058       0x78 CMakeFiles/TEST_PICO_FREERTOS.dir/opt/pico-sdk/src/rp2_common/pico_stdio_usb/stdio_usb_descriptors.c.obj
                0x10005058                tud_descriptor_string_cb
 .text.startup._retrieve_unique_id_on_boot
                0x100050d0       0x10 CMakeFiles/TEST_PICO_FREERTOS.dir/opt/pico-sdk/src/rp2_common/pico_unique_id/unique_id.c.obj
 .text.pico_get_unique_board_id
                0x100050e0       0x10 CMakeFiles/TEST_PICO_FREERTOS.dir/opt/pico-sdk/src/rp2_common/pico_unique_id/unique_id.c.obj
                0x100050e0                pico_get_unique_board_id
 .text.pico_get_unique_board_id_string
                0x100050f0      0x1a8 CMakeFiles/TEST_PICO_FREERTOS.dir/opt/pico-sdk/src/rp2_common/pico_unique_id/unique_id.c.obj
                0x100050f0                pico_get_unique_board_id_string
 .text.flash_get_unique_id
                0x10005298       0x3c CMakeFiles/TEST_PICO_FREERTOS.dir/opt/pico-sdk/src/rp2_common/hardware_flash/flash.c.obj
                0x10005298                flash_get_unique_id
 .text.dcd_int_enable
                0x100052d4        0xc CMakeFiles/TEST_PICO_FREERTOS.dir/opt/pico-sdk/lib/tinyusb/src/portable/raspberrypi/rp2040/dcd_rp2040.c.obj
                0x100052d4                dcd_int_enable
 .text.dcd_set_address
                0x100052e0       0x14 CMakeFiles/TEST_PICO_FREERTOS.dir/opt/pico-sdk/lib/tinyusb/src/portable/raspberrypi/rp2040/dcd_rp2040.c.obj
                0x100052e0                dcd_set_address
 .text.dcd_connect
                0x100052f4       0x10 CMakeFiles/TEST_PICO_FREERTOS.dir/opt/pico-sdk/lib/tinyusb/src/portable/raspberrypi/rp2040/dcd_rp2040.c.obj
                0x100052f4                dcd_connect
 .text.dcd_init
                0x10005304       0x98 CMakeFiles/TEST_PICO_FREERTOS.dir/opt/pico-sdk/lib/tinyusb/src/portable/raspberrypi/rp2040/dcd_rp2040.c.obj
                0x10005304                dcd_init
 .text.dcd_edpt0_status_complete
                0x1000539c       0x1c CMakeFiles/TEST_PICO_FREERTOS.dir/opt/pico-sdk/lib/tinyusb/src/portable/raspberrypi/rp2040/dcd_rp2040.c.obj
                0x1000539c                dcd_edpt0_status_complete
 .text.dcd_edpt_open
                0x100053b8      0x108 CMakeFiles/TEST_PICO_FREERTOS.dir/opt/pico-sdk/lib/tinyusb/src/portable/raspberrypi/rp2040/dcd_rp2040.c.obj
                0x100053b8                dcd_edpt_open
 .text.dcd_edpt_close_all
                0x100054c0        0x8 CMakeFiles/TEST_PICO_FREERTOS.dir/opt/pico-sdk/lib/tinyusb/src/portable/raspberrypi/rp2040/dcd_rp2040.c.obj
                0x100054c0                dcd_edpt_close_all
 .text.dcd_edpt_xfer
                0x100054c8       0x24 CMakeFiles/TEST_PICO_FREERTOS.dir/opt/pico-sdk/lib/tinyusb/src/portable/raspberrypi/rp2040/dcd_rp2040.c.obj
                0x100054c8                dcd_edpt_xfer
 .text.dcd_edpt_stall
                0x100054ec       0x3c CMakeFiles/TEST_PICO_FREERTOS.dir/opt/pico-sdk/lib/tinyusb/src/portable/raspberrypi/rp2040/dcd_rp2040.c.obj
                0x100054ec                dcd_edpt_stall
 .text.dcd_edpt_clear_stall
                0x10005528       0x30 CMakeFiles/TEST_PICO_FREERTOS.dir/opt/pico-sdk/lib/tinyusb/src/portable/raspberrypi/rp2040/dcd_rp2040.c.obj
                0x10005528                dcd_edpt_clear_stall
 .text.rp2040_usb_init
                0x10005558       0x4c CMakeFiles/TEST_PICO_FREERTOS.dir/opt/pico-sdk/lib/tinyusb/src/portable/raspberrypi/rp2040/rp2040_usb.c.obj
                0x10005558                rp2040_usb_init
 .text.hw_endpoint_xfer_start
                0x100055a4       0x40 CMakeFiles/TEST_PICO_FREERTOS.dir/opt/pico-sdk/lib/tinyusb/src/portable/raspberrypi/rp2040/rp2040_usb.c.obj
                0x100055a4                hw_endpoint_xfer_start
 .text.tud_mounted
                0x100055e4       0x10 CMakeFiles/TEST_PICO_FREERTOS.dir/opt/pico-sdk/lib/tinyusb/src/device/usbd.c.obj
                0x100055e4                tud_mounted
 .text.tud_suspended
                0x100055f4       0x10 CMakeFiles/TEST_PICO_FREERTOS.dir/opt/pico-sdk/lib/tinyusb/src/device/usbd.c.obj
                0x100055f4                tud_suspended
 .text.tud_inited
                0x10005604       0x14 CMakeFiles/TEST_PICO_FREERTOS.dir/opt/pico-sdk/lib/tinyusb/src/device/usbd.c.obj
                0x10005604                tud_inited
 .text.tud_init
                0x10005618       0xd4 CMakeFiles/TEST_PICO_FREERTOS.dir/opt/pico-sdk/lib/tinyusb/src/device/usbd.c.obj
                0x10005618                tud_init
 .text.tud_task_ext
                0x100056ec      0x850 CMakeFiles/TEST_PICO_FREERTOS.dir/opt/pico-sdk/lib/tinyusb/src/device/usbd.c.obj
                0x100056ec                tud_task_ext
 .text.usbd_open_edpt_pair
                0x10005f3c       0x9c CMakeFiles/TEST_PICO_FREERTOS.dir/opt/pico-sdk/lib/tinyusb/src/device/usbd.c.obj
                0x10005f3c                usbd_open_edpt_pair
 .text.usbd_defer_func
                0x10005fd8       0x48 CMakeFiles/TEST_PICO_FREERTOS.dir/opt/pico-sdk/lib/tinyusb/src/device/usbd.c.obj
                0x10005fd8                usbd_defer_func
 .text.usbd_edpt_open
                0x10006020       0x34 CMakeFiles/TEST_PICO_FREERTOS.dir/opt/pico-sdk/lib/tinyusb/src/device/usbd.c.obj
                0x10006020                usbd_edpt_open
 .text.usbd_edpt_claim
                0x10006054       0x28 CMakeFiles/TEST_PICO_FREERTOS.dir/opt/pico-sdk/lib/tinyusb/src/device/usbd.c.obj
                0x10006054                usbd_edpt_claim
 .text.usbd_edpt_release
                0x1000607c       0x28 CMakeFiles/TEST_PICO_FREERTOS.dir/opt/pico-sdk/lib/tinyusb/src/device/usbd.c.obj
                0x1000607c                usbd_edpt_release
 .text.usbd_edpt_xfer
                0x100060a4       0x4c CMakeFiles/TEST_PICO_FREERTOS.dir/opt/pico-sdk/lib/tinyusb/src/device/usbd.c.obj
                0x100060a4                usbd_edpt_xfer
 .text.tud_control_status
                0x100060f0       0x2c CMakeFiles/TEST_PICO_FREERTOS.dir/opt/pico-sdk/lib/tinyusb/src/device/usbd_control.c.obj
                0x100060f0                tud_control_status
 .text.tud_control_xfer
                0x1000611c       0xa8 CMakeFiles/TEST_PICO_FREERTOS.dir/opt/pico-sdk/lib/tinyusb/src/device/usbd_control.c.obj
                0x1000611c                tud_control_xfer
 .text.usbd_control_reset
                0x100061c4       0x14 CMakeFiles/TEST_PICO_FREERTOS.dir/opt/pico-sdk/lib/tinyusb/src/device/usbd_control.c.obj
                0x100061c4                usbd_control_reset
 .text.usbd_control_set_complete_callback
                0x100061d8        0xc CMakeFiles/TEST_PICO_FREERTOS.dir/opt/pico-sdk/lib/tinyusb/src/device/usbd_control.c.obj
                0x100061d8                usbd_control_set_complete_callback
 .text.usbd_control_set_request
                0x100061e4       0x1c CMakeFiles/TEST_PICO_FREERTOS.dir/opt/pico-sdk/lib/tinyusb/src/device/usbd_control.c.obj
                0x100061e4                usbd_control_set_request
 .text.usbd_control_xfer_cb
                0x10006200       0xf4 CMakeFiles/TEST_PICO_FREERTOS.dir/opt/pico-sdk/lib/tinyusb/src/device/usbd_control.c.obj
                0x10006200                usbd_control_xfer_cb
 .text.tud_cdc_n_connected
                0x100062f4       0x30 CMakeFiles/TEST_PICO_FREERTOS.dir/opt/pico-sdk/lib/tinyusb/src/class/cdc/cdc_device.c.obj
                0x100062f4                tud_cdc_n_connected
 .text.tud_cdc_n_available
                0x10006324       0x18 CMakeFiles/TEST_PICO_FREERTOS.dir/opt/pico-sdk/lib/tinyusb/src/class/cdc/cdc_device.c.obj
                0x10006324                tud_cdc_n_available
 .text.tud_cdc_n_read
                0x1000633c       0x6c CMakeFiles/TEST_PICO_FREERTOS.dir/opt/pico-sdk/lib/tinyusb/src/class/cdc/cdc_device.c.obj
                0x1000633c                tud_cdc_n_read
 .text.tud_cdc_n_write_flush
                0x100063a8       0x78 CMakeFiles/TEST_PICO_FREERTOS.dir/opt/pico-sdk/lib/tinyusb/src/class/cdc/cdc_device.c.obj
                0x100063a8                tud_cdc_n_write_flush
 .text.tud_cdc_n_write
                0x10006420       0x34 CMakeFiles/TEST_PICO_FREERTOS.dir/opt/pico-sdk/lib/tinyusb/src/class/cdc/cdc_device.c.obj
                0x10006420                tud_cdc_n_write
 .text.tud_cdc_n_write_available
                0x10006454       0x18 CMakeFiles/TEST_PICO_FREERTOS.dir/opt/pico-sdk/lib/tinyusb/src/class/cdc/cdc_device.c.obj
                0x10006454                tud_cdc_n_write_available
 .text.cdcd_init
                0x1000646c       0x7c CMakeFiles/TEST_PICO_FREERTOS.dir/opt/pico-sdk/lib/tinyusb/src/class/cdc/cdc_device.c.obj
                0x1000646c                cdcd_init
 .text.cdcd_reset
                0x100064e8       0x2c CMakeFiles/TEST_PICO_FREERTOS.dir/opt/pico-sdk/lib/tinyusb/src/class/cdc/cdc_device.c.obj
                0x100064e8                cdcd_reset
 .text.cdcd_open
                0x10006514       0xe4 CMakeFiles/TEST_PICO_FREERTOS.dir/opt/pico-sdk/lib/tinyusb/src/class/cdc/cdc_device.c.obj
                0x10006514                cdcd_open
 .text.cdcd_control_xfer_cb
                0x100065f8       0xe4 CMakeFiles/TEST_PICO_FREERTOS.dir/opt/pico-sdk/lib/tinyusb/src/class/cdc/cdc_device.c.obj
                0x100065f8                cdcd_control_xfer_cb
 .text.cdcd_xfer_cb
                0x100066dc      0x13c CMakeFiles/TEST_PICO_FREERTOS.dir/opt/pico-sdk/lib/tinyusb/src/class/cdc/cdc_device.c.obj
                0x100066dc                cdcd_xfer_cb
 .text.tusb_init
                0x10006818        0xc CMakeFiles/TEST_PICO_FREERTOS.dir/opt/pico-sdk/lib/tinyusb/src/tusb.c.obj
                0x10006818                tusb_init
 .text.tusb_inited
                0x10006824        0x8 CMakeFiles/TEST_PICO_FREERTOS.dir/opt/pico-sdk/lib/tinyusb/src/tusb.c.obj
                0x10006824                tusb_inited
 .text.tu_edpt_claim
                0x1000682c       0x50 CMakeFiles/TEST_PICO_FREERTOS.dir/opt/pico-sdk/lib/tinyusb/src/tusb.c.obj
                0x1000682c                tu_edpt_claim
 .text.tu_edpt_release
                0x1000687c       0x38 CMakeFiles/TEST_PICO_FREERTOS.dir/opt/pico-sdk/lib/tinyusb/src/tusb.c.obj
                0x1000687c                tu_edpt_release
 .text.tu_edpt_validate
                0x100068b4       0x7c CMakeFiles/TEST_PICO_FREERTOS.dir/opt/pico-sdk/lib/tinyusb/src/tusb.c.obj
                0x100068b4                tu_edpt_validate
 .text.tu_edpt_bind_driver
                0x10006930       0x34 CMakeFiles/TEST_PICO_FREERTOS.dir/opt/pico-sdk/lib/tinyusb/src/tusb.c.obj
                0x10006930                tu_edpt_bind_driver
 .text.tu_fifo_config
                0x10006964       0x6c CMakeFiles/TEST_PICO_FREERTOS.dir/opt/pico-sdk/lib/tinyusb/src/common/tusb_fifo.c.obj
                0x10006964                tu_fifo_config
 .text.tu_fifo_count
                0x100069d0       0x2c CMakeFiles/TEST_PICO_FREERTOS.dir/opt/pico-sdk/lib/tinyusb/src/common/tusb_fifo.c.obj
                0x100069d0                tu_fifo_count
 .text.tu_fifo_empty
                0x100069fc       0x10 CMakeFiles/TEST_PICO_FREERTOS.dir/opt/pico-sdk/lib/tinyusb/src/common/tusb_fifo.c.obj
                0x100069fc                tu_fifo_empty
 .text.tu_fifo_remaining
                0x10006a0c       0x2c CMakeFiles/TEST_PICO_FREERTOS.dir/opt/pico-sdk/lib/tinyusb/src/common/tusb_fifo.c.obj
                0x10006a0c                tu_fifo_remaining
 .text.tu_fifo_read
                0x10006a38       0x9c CMakeFiles/TEST_PICO_FREERTOS.dir/opt/pico-sdk/lib/tinyusb/src/common/tusb_fifo.c.obj
                0x10006a38                tu_fifo_read
 .text.tu_fifo_read_n
                0x10006ad4       0xe8 CMakeFiles/TEST_PICO_FREERTOS.dir/opt/pico-sdk/lib/tinyusb/src/common/tusb_fifo.c.obj
                0x10006ad4                tu_fifo_read_n
 .text.tu_fifo_write
                0x10006bbc       0xa4 CMakeFiles/TEST_PICO_FREERTOS.dir/opt/pico-sdk/lib/tinyusb/src/common/tusb_fifo.c.obj
                0x10006bbc                tu_fifo_write
 .text.tu_fifo_write_n
                0x10006c60      0x178 CMakeFiles/TEST_PICO_FREERTOS.dir/opt/pico-sdk/lib/tinyusb/src/common/tusb_fifo.c.obj
                0x10006c60                tu_fifo_write_n
 .text.tu_fifo_clear
                0x10006dd8       0x40 CMakeFiles/TEST_PICO_FREERTOS.dir/opt/pico-sdk/lib/tinyusb/src/common/tusb_fifo.c.obj
                0x10006dd8                tu_fifo_clear
 .text.tu_fifo_set_overwritable
                0x10006e18       0x48 CMakeFiles/TEST_PICO_FREERTOS.dir/opt/pico-sdk/lib/tinyusb/src/common/tusb_fifo.c.obj
                0x10006e18                tu_fifo_set_overwritable
 .text.lwip_timeout_reached
                0x10006e60        0x8 CMakeFiles/TEST_PICO_FREERTOS.dir/opt/pico-sdk/src/rp2_common/pico_lwip/lwip_nosys.c.obj
 .text.update_next_timeout
                0x10006e68       0x5c CMakeFiles/TEST_PICO_FREERTOS.dir/opt/pico-sdk/src/rp2_common/pico_lwip/lwip_nosys.c.obj
 .text.lwip_nosys_init
                0x10006ec4       0x30 CMakeFiles/TEST_PICO_FREERTOS.dir/opt/pico-sdk/src/rp2_common/pico_lwip/lwip_nosys.c.obj
                0x10006ec4                lwip_nosys_init
 .text.lwip_nosys_deinit
                0x10006ef4       0x20 CMakeFiles/TEST_PICO_FREERTOS.dir/opt/pico-sdk/src/rp2_common/pico_lwip/lwip_nosys.c.obj
                0x10006ef4                lwip_nosys_deinit
 .text.sys_arch_protect
                0x10006f14        0x4 CMakeFiles/TEST_PICO_FREERTOS.dir/opt/pico-sdk/src/rp2_common/pico_lwip/lwip_nosys.c.obj
                0x10006f14                sys_arch_protect
 .text.sys_arch_unprotect
                0x10006f18        0x4 CMakeFiles/TEST_PICO_FREERTOS.dir/opt/pico-sdk/src/rp2_common/pico_lwip/lwip_nosys.c.obj
                0x10006f18                sys_arch_unprotect
 .text.sys_now  0x10006f1c       0x20 CMakeFiles/TEST_PICO_FREERTOS.dir/opt/pico-sdk/src/rp2_common/pico_lwip/lwip_nosys.c.obj
                0x10006f1c                sys_now
 .text.async_context_base_add_at_time_worker
                0x10006f3c       0x28 CMakeFiles/TEST_PICO_FREERTOS.dir/opt/pico-sdk/src/rp2_common/pico_async_context/async_context_base.c.obj
                0x10006f3c                async_context_base_add_at_time_worker
 .text.async_context_base_remove_at_time_worker
                0x10006f64       0x24 CMakeFiles/TEST_PICO_FREERTOS.dir/opt/pico-sdk/src/rp2_common/pico_async_context/async_context_base.c.obj
                0x10006f64                async_context_base_remove_at_time_worker
 .text.async_context_base_add_when_pending_worker
                0x10006f88       0x24 CMakeFiles/TEST_PICO_FREERTOS.dir/opt/pico-sdk/src/rp2_common/pico_async_context/async_context_base.c.obj
                0x10006f88                async_context_base_add_when_pending_worker
 .text.async_context_base_remove_when_pending_worker
                0x10006fac       0x24 CMakeFiles/TEST_PICO_FREERTOS.dir/opt/pico-sdk/src/rp2_common/pico_async_context/async_context_base.c.obj
                0x10006fac                async_context_base_remove_when_pending_worker
 .text.async_context_base_execute_once
                0x10006fd0      0x108 CMakeFiles/TEST_PICO_FREERTOS.dir/opt/pico-sdk/src/rp2_common/pico_async_context/async_context_base.c.obj
                0x10006fd0                async_context_base_execute_once
 .text.async_context_base_needs_servicing
                0x100070d8       0x54 CMakeFiles/TEST_PICO_FREERTOS.dir/opt/pico-sdk/src/rp2_common/pico_async_context/async_context_base.c.obj
                0x100070d8                async_context_base_needs_servicing
 .text.splitmix64
                0x1000712c       0x58 CMakeFiles/TEST_PICO_FREERTOS.dir/opt/pico-sdk/src/rp2_common/pico_rand/rand.c.obj
 .text.xoroshiro128ss
                0x10007184       0x90 CMakeFiles/TEST_PICO_FREERTOS.dir/opt/pico-sdk/src/rp2_common/pico_rand/rand.c.obj
 .text.get_rand_64
                0x10007214      0x488 CMakeFiles/TEST_PICO_FREERTOS.dir/opt/pico-sdk/src/rp2_common/pico_rand/rand.c.obj
                0x10007214                get_rand_64
 .text.get_rand_32
                0x1000769c        0x8 CMakeFiles/TEST_PICO_FREERTOS.dir/opt/pico-sdk/src/rp2_common/pico_rand/rand.c.obj
                0x1000769c                get_rand_32
 .text.lwip_init
                0x100076a4       0x24 CMakeFiles/TEST_PICO_FREERTOS.dir/opt/pico-sdk/lib/lwip/src/core/init.c.obj
                0x100076a4                lwip_init
 .text.lwip_htons
                0x100076c8        0x8 CMakeFiles/TEST_PICO_FREERTOS.dir/opt/pico-sdk/lib/lwip/src/core/def.c.obj
                0x100076c8                lwip_htons
 .text.lwip_htonl
                0x100076d0        0x4 CMakeFiles/TEST_PICO_FREERTOS.dir/opt/pico-sdk/lib/lwip/src/core/def.c.obj
                0x100076d0                lwip_htonl
 .text.dns_call_found
                0x100076d4      0x184 CMakeFiles/TEST_PICO_FREERTOS.dir/opt/pico-sdk/lib/lwip/src/core/dns.c.obj
 .text.dns_send.isra.0
                0x10007858      0x174 CMakeFiles/TEST_PICO_FREERTOS.dir/opt/pico-sdk/lib/lwip/src/core/dns.c.obj
 .text.dns_init
                0x100079cc        0x4 CMakeFiles/TEST_PICO_FREERTOS.dir/opt/pico-sdk/lib/lwip/src/core/dns.c.obj
                0x100079cc                dns_init
 .text.dns_setserver
                0x100079d0       0x24 CMakeFiles/TEST_PICO_FREERTOS.dir/opt/pico-sdk/lib/lwip/src/core/dns.c.obj
                0x100079d0                dns_setserver
 .text.dns_tmr  0x100079f4      0x130 CMakeFiles/TEST_PICO_FREERTOS.dir/opt/pico-sdk/lib/lwip/src/core/dns.c.obj
                0x100079f4                dns_tmr
 .text.lwip_standard_chksum
                0x10007b24       0xf4 CMakeFiles/TEST_PICO_FREERTOS.dir/opt/pico-sdk/lib/lwip/src/core/inet_chksum.c.obj
                0x10007b24                lwip_standard_chksum
 .text.inet_chksum_pseudo
                0x10007c18       0xbc CMakeFiles/TEST_PICO_FREERTOS.dir/opt/pico-sdk/lib/lwip/src/core/inet_chksum.c.obj
                0x10007c18                inet_chksum_pseudo
 .text.ip_chksum_pseudo
                0x10007cd4       0x10 CMakeFiles/TEST_PICO_FREERTOS.dir/opt/pico-sdk/lib/lwip/src/core/inet_chksum.c.obj
                0x10007cd4                ip_chksum_pseudo
 .text.inet_chksum
                0x10007ce4        0xc CMakeFiles/TEST_PICO_FREERTOS.dir/opt/pico-sdk/lib/lwip/src/core/inet_chksum.c.obj
                0x10007ce4                inet_chksum
 .text.mem_init
                0x10007cf0       0x3c CMakeFiles/TEST_PICO_FREERTOS.dir/opt/pico-sdk/lib/lwip/src/core/mem.c.obj
                0x10007cf0                mem_init
 .text.mem_free
                0x10007d2c      0x13c CMakeFiles/TEST_PICO_FREERTOS.dir/opt/pico-sdk/lib/lwip/src/core/mem.c.obj
                0x10007d2c                mem_free
 .text.mem_trim
                0x10007e68      0x104 CMakeFiles/TEST_PICO_FREERTOS.dir/opt/pico-sdk/lib/lwip/src/core/mem.c.obj
                0x10007e68                mem_trim
 .text.mem_malloc
                0x10007f6c      0x130 CMakeFiles/TEST_PICO_FREERTOS.dir/opt/pico-sdk/lib/lwip/src/core/mem.c.obj
                0x10007f6c                mem_malloc
 .text.memp_init
                0x1000809c       0x6c CMakeFiles/TEST_PICO_FREERTOS.dir/opt/pico-sdk/lib/lwip/src/core/memp.c.obj
                0x1000809c                memp_init
 .text.memp_malloc
                0x10008108       0x40 CMakeFiles/TEST_PICO_FREERTOS.dir/opt/pico-sdk/lib/lwip/src/core/memp.c.obj
                0x10008108                memp_malloc
 .text.memp_free
                0x10008148       0x38 CMakeFiles/TEST_PICO_FREERTOS.dir/opt/pico-sdk/lib/lwip/src/core/memp.c.obj
                0x10008148                memp_free
 .text.netif_do_set_ipaddr.isra.0
                0x10008180       0x70 CMakeFiles/TEST_PICO_FREERTOS.dir/opt/pico-sdk/lib/lwip/src/core/netif.c.obj
 .text.netif_init
                0x100081f0        0x4 CMakeFiles/TEST_PICO_FREERTOS.dir/opt/pico-sdk/lib/lwip/src/core/netif.c.obj
                0x100081f0                netif_init
 .text.netif_set_addr
                0x100081f4       0xb4 CMakeFiles/TEST_PICO_FREERTOS.dir/opt/pico-sdk/lib/lwip/src/core/netif.c.obj
                0x100081f4                netif_set_addr
 .text.netif_remove
                0x100082a8       0x94 CMakeFiles/TEST_PICO_FREERTOS.dir/opt/pico-sdk/lib/lwip/src/core/netif.c.obj
                0x100082a8                netif_remove
 .text.netif_set_link_up
                0x1000833c       0x44 CMakeFiles/TEST_PICO_FREERTOS.dir/opt/pico-sdk/lib/lwip/src/core/netif.c.obj
                0x1000833c                netif_set_link_up
 .text.netif_set_link_down
                0x10008380       0x20 CMakeFiles/TEST_PICO_FREERTOS.dir/opt/pico-sdk/lib/lwip/src/core/netif.c.obj
                0x10008380                netif_set_link_down
 .text.netif_get_by_index
                0x100083a0       0x2c CMakeFiles/TEST_PICO_FREERTOS.dir/opt/pico-sdk/lib/lwip/src/core/netif.c.obj
                0x100083a0                netif_get_by_index
 .text.pbuf_free.part.0
                0x100083cc       0x7c CMakeFiles/TEST_PICO_FREERTOS.dir/opt/pico-sdk/lib/lwip/src/core/pbuf.c.obj
 .text.pbuf_free_ooseq
                0x10008448       0x34 CMakeFiles/TEST_PICO_FREERTOS.dir/opt/pico-sdk/lib/lwip/src/core/pbuf.c.obj
                0x10008448                pbuf_free_ooseq
 .text.pbuf_alloc
                0x1000847c      0x134 CMakeFiles/TEST_PICO_FREERTOS.dir/opt/pico-sdk/lib/lwip/src/core/pbuf.c.obj
                0x1000847c                pbuf_alloc
 .text.pbuf_realloc
                0x100085b0       0x84 CMakeFiles/TEST_PICO_FREERTOS.dir/opt/pico-sdk/lib/lwip/src/core/pbuf.c.obj
                0x100085b0                pbuf_realloc
 .text.pbuf_add_header
                0x10008634       0x54 CMakeFiles/TEST_PICO_FREERTOS.dir/opt/pico-sdk/lib/lwip/src/core/pbuf.c.obj
                0x10008634                pbuf_add_header
 .text.pbuf_free
                0x10008688       0x18 CMakeFiles/TEST_PICO_FREERTOS.dir/opt/pico-sdk/lib/lwip/src/core/pbuf.c.obj
                0x10008688                pbuf_free
 .text.pbuf_clen
                0x100086a0       0x14 CMakeFiles/TEST_PICO_FREERTOS.dir/opt/pico-sdk/lib/lwip/src/core/pbuf.c.obj
                0x100086a0                pbuf_clen
 .text.pbuf_chain
                0x100086b4       0x64 CMakeFiles/TEST_PICO_FREERTOS.dir/opt/pico-sdk/lib/lwip/src/core/pbuf.c.obj
                0x100086b4                pbuf_chain
 .text.pbuf_copy_partial_pbuf
                0x10008718      0x158 CMakeFiles/TEST_PICO_FREERTOS.dir/opt/pico-sdk/lib/lwip/src/core/pbuf.c.obj
                0x10008718                pbuf_copy_partial_pbuf
 .text.pbuf_copy_partial
                0x10008870       0x70 CMakeFiles/TEST_PICO_FREERTOS.dir/opt/pico-sdk/lib/lwip/src/core/pbuf.c.obj
                0x10008870                pbuf_copy_partial
 .text.pbuf_take
                0x100088e0       0x78 CMakeFiles/TEST_PICO_FREERTOS.dir/opt/pico-sdk/lib/lwip/src/core/pbuf.c.obj
                0x100088e0                pbuf_take
 .text.pbuf_take_at
                0x10008958       0xc0 CMakeFiles/TEST_PICO_FREERTOS.dir/opt/pico-sdk/lib/lwip/src/core/pbuf.c.obj
                0x10008958                pbuf_take_at
 .text.pbuf_put_at
                0x10008a18       0x1c CMakeFiles/TEST_PICO_FREERTOS.dir/opt/pico-sdk/lib/lwip/src/core/pbuf.c.obj
                0x10008a18                pbuf_put_at
 .text.raw_netif_ip_addr_changed
                0x10008a34       0x40 CMakeFiles/TEST_PICO_FREERTOS.dir/opt/pico-sdk/lib/lwip/src/core/raw.c.obj
                0x10008a34                raw_netif_ip_addr_changed
 .text.stats_init
                0x10008a74        0x4 CMakeFiles/TEST_PICO_FREERTOS.dir/opt/pico-sdk/lib/lwip/src/core/stats.c.obj
                0x10008a74                stats_init
 .text.tcp_close_shutdown_fin
                0x10008a78       0x54 CMakeFiles/TEST_PICO_FREERTOS.dir/opt/pico-sdk/lib/lwip/src/core/tcp.c.obj
 .text.tcp_pcb_purge.part.0
                0x10008acc       0xc4 CMakeFiles/TEST_PICO_FREERTOS.dir/opt/pico-sdk/lib/lwip/src/core/tcp.c.obj
 .text.tcp_init
                0x10008b90       0x20 CMakeFiles/TEST_PICO_FREERTOS.dir/opt/pico-sdk/lib/lwip/src/core/tcp.c.obj
                0x10008b90                tcp_init
 .text.tcp_recved
                0x10008bb0       0x98 CMakeFiles/TEST_PICO_FREERTOS.dir/opt/pico-sdk/lib/lwip/src/core/tcp.c.obj
                0x10008bb0                tcp_recved
 .text.tcp_slowtmr
                0x10008c48      0x514 CMakeFiles/TEST_PICO_FREERTOS.dir/opt/pico-sdk/lib/lwip/src/core/tcp.c.obj
                0x10008c48                tcp_slowtmr
 .text.tcp_seg_free
                0x1000915c       0x1c CMakeFiles/TEST_PICO_FREERTOS.dir/opt/pico-sdk/lib/lwip/src/core/tcp.c.obj
                0x1000915c                tcp_seg_free
 .text.tcp_pcb_remove
                0x10009178       0xc8 CMakeFiles/TEST_PICO_FREERTOS.dir/opt/pico-sdk/lib/lwip/src/core/tcp.c.obj
                0x10009178                tcp_pcb_remove
 .text.tcp_abandon
                0x10009240      0x1a0 CMakeFiles/TEST_PICO_FREERTOS.dir/opt/pico-sdk/lib/lwip/src/core/tcp.c.obj
                0x10009240                tcp_abandon
 .text.tcp_process_refused_data
                0x100093e0       0x78 CMakeFiles/TEST_PICO_FREERTOS.dir/opt/pico-sdk/lib/lwip/src/core/tcp.c.obj
                0x100093e0                tcp_process_refused_data
 .text.tcp_fasttmr
                0x10009458       0x98 CMakeFiles/TEST_PICO_FREERTOS.dir/opt/pico-sdk/lib/lwip/src/core/tcp.c.obj
                0x10009458                tcp_fasttmr
 .text.tcp_tmr  0x100094f0       0x20 CMakeFiles/TEST_PICO_FREERTOS.dir/opt/pico-sdk/lib/lwip/src/core/tcp.c.obj
                0x100094f0                tcp_tmr
 .text.tcp_eff_send_mss_netif
                0x10009510       0x34 CMakeFiles/TEST_PICO_FREERTOS.dir/opt/pico-sdk/lib/lwip/src/core/tcp.c.obj
                0x10009510                tcp_eff_send_mss_netif
 .text.tcp_netif_ip_addr_changed
                0x10009544       0x94 CMakeFiles/TEST_PICO_FREERTOS.dir/opt/pico-sdk/lib/lwip/src/core/tcp.c.obj
                0x10009544                tcp_netif_ip_addr_changed
 .text.tcp_free_ooseq
                0x100095d8       0x40 CMakeFiles/TEST_PICO_FREERTOS.dir/opt/pico-sdk/lib/lwip/src/core/tcp.c.obj
                0x100095d8                tcp_free_ooseq
 .text.tcp_create_segment
                0x10009618       0xe8 CMakeFiles/TEST_PICO_FREERTOS.dir/opt/pico-sdk/lib/lwip/src/core/tcp_out.c.obj
 .text.tcp_output_control_segment
                0x10009700       0xb4 CMakeFiles/TEST_PICO_FREERTOS.dir/opt/pico-sdk/lib/lwip/src/core/tcp_out.c.obj
 .text.tcp_split_unsent_seg
                0x100097b4      0x1b4 CMakeFiles/TEST_PICO_FREERTOS.dir/opt/pico-sdk/lib/lwip/src/core/tcp_out.c.obj
                0x100097b4                tcp_split_unsent_seg
 .text.tcp_send_fin
                0x10009968      0x118 CMakeFiles/TEST_PICO_FREERTOS.dir/opt/pico-sdk/lib/lwip/src/core/tcp_out.c.obj
                0x10009968                tcp_send_fin
 .text.tcp_rexmit_rto_prepare
                0x10009a80       0x9c CMakeFiles/TEST_PICO_FREERTOS.dir/opt/pico-sdk/lib/lwip/src/core/tcp_out.c.obj
                0x10009a80                tcp_rexmit_rto_prepare
 .text.tcp_rst  0x10009b1c       0xe8 CMakeFiles/TEST_PICO_FREERTOS.dir/opt/pico-sdk/lib/lwip/src/core/tcp_out.c.obj
                0x10009b1c                tcp_rst
 .text.tcp_send_empty_ack
                0x10009c04       0xf0 CMakeFiles/TEST_PICO_FREERTOS.dir/opt/pico-sdk/lib/lwip/src/core/tcp_out.c.obj
                0x10009c04                tcp_send_empty_ack
 .text.tcp_output
                0x10009cf4      0x44c CMakeFiles/TEST_PICO_FREERTOS.dir/opt/pico-sdk/lib/lwip/src/core/tcp_out.c.obj
                0x10009cf4                tcp_output
 .text.tcp_rexmit_rto_commit
                0x1000a140       0x24 CMakeFiles/TEST_PICO_FREERTOS.dir/opt/pico-sdk/lib/lwip/src/core/tcp_out.c.obj
                0x1000a140                tcp_rexmit_rto_commit
 .text.tcp_keepalive
                0x1000a164       0xdc CMakeFiles/TEST_PICO_FREERTOS.dir/opt/pico-sdk/lib/lwip/src/core/tcp_out.c.obj
                0x1000a164                tcp_keepalive
 .text.tcp_zero_window_probe
                0x1000a240      0x1a8 CMakeFiles/TEST_PICO_FREERTOS.dir/opt/pico-sdk/lib/lwip/src/core/tcp_out.c.obj
                0x1000a240                tcp_zero_window_probe
 .text.lwip_cyclic_timer
                0x1000a3e8       0x98 CMakeFiles/TEST_PICO_FREERTOS.dir/opt/pico-sdk/lib/lwip/src/core/timeouts.c.obj
 .text.sys_timeouts_init
                0x1000a480       0x8c CMakeFiles/TEST_PICO_FREERTOS.dir/opt/pico-sdk/lib/lwip/src/core/timeouts.c.obj
                0x1000a480                sys_timeouts_init
 .text.sys_check_timeouts
                0x1000a50c       0x68 CMakeFiles/TEST_PICO_FREERTOS.dir/opt/pico-sdk/lib/lwip/src/core/timeouts.c.obj
                0x1000a50c                sys_check_timeouts
 .text.sys_timeouts_sleeptime
                0x1000a574       0x28 CMakeFiles/TEST_PICO_FREERTOS.dir/opt/pico-sdk/lib/lwip/src/core/timeouts.c.obj
                0x1000a574                sys_timeouts_sleeptime
 .text.udp_init
                0x1000a59c       0x20 CMakeFiles/TEST_PICO_FREERTOS.dir/opt/pico-sdk/lib/lwip/src/core/udp.c.obj
                0x1000a59c                udp_init
 .text.udp_bind
                0x1000a5bc      0x10c CMakeFiles/TEST_PICO_FREERTOS.dir/opt/pico-sdk/lib/lwip/src/core/udp.c.obj
                0x1000a5bc                udp_bind
 .text.udp_sendto_if_src
                0x1000a6c8      0x130 CMakeFiles/TEST_PICO_FREERTOS.dir/opt/pico-sdk/lib/lwip/src/core/udp.c.obj
                0x1000a6c8                udp_sendto_if_src
 .text.udp_sendto_if
                0x1000a7f8       0x48 CMakeFiles/TEST_PICO_FREERTOS.dir/opt/pico-sdk/lib/lwip/src/core/udp.c.obj
                0x1000a7f8                udp_sendto_if
 .text.udp_sendto
                0x1000a840       0x78 CMakeFiles/TEST_PICO_FREERTOS.dir/opt/pico-sdk/lib/lwip/src/core/udp.c.obj
                0x1000a840                udp_sendto
 .text.udp_connect
                0x1000a8b8       0x5c CMakeFiles/TEST_PICO_FREERTOS.dir/opt/pico-sdk/lib/lwip/src/core/udp.c.obj
                0x1000a8b8                udp_connect
 .text.udp_recv
                0x1000a914        0xc CMakeFiles/TEST_PICO_FREERTOS.dir/opt/pico-sdk/lib/lwip/src/core/udp.c.obj
                0x1000a914                udp_recv
 .text.udp_remove
                0x1000a920       0x3c CMakeFiles/TEST_PICO_FREERTOS.dir/opt/pico-sdk/lib/lwip/src/core/udp.c.obj
                0x1000a920                udp_remove
 .text.udp_new  0x1000a95c       0x1c CMakeFiles/TEST_PICO_FREERTOS.dir/opt/pico-sdk/lib/lwip/src/core/udp.c.obj
                0x1000a95c                udp_new
 .text.udp_netif_ip_addr_changed
                0x1000a978       0x40 CMakeFiles/TEST_PICO_FREERTOS.dir/opt/pico-sdk/lib/lwip/src/core/udp.c.obj
                0x1000a978                udp_netif_ip_addr_changed
 .text.dhcp_create_msg
                0x1000a9b8      0x160 CMakeFiles/TEST_PICO_FREERTOS.dir/opt/pico-sdk/lib/lwip/src/core/ipv4/dhcp.c.obj
 .text.dhcp_inc_pcb_refcount
                0x1000ab18       0x6c CMakeFiles/TEST_PICO_FREERTOS.dir/opt/pico-sdk/lib/lwip/src/core/ipv4/dhcp.c.obj
 .text.dhcp_bind
                0x1000ab84      0x154 CMakeFiles/TEST_PICO_FREERTOS.dir/opt/pico-sdk/lib/lwip/src/core/ipv4/dhcp.c.obj
 .text.dhcp_option_hostname.isra.0
                0x1000acd8       0x74 CMakeFiles/TEST_PICO_FREERTOS.dir/opt/pico-sdk/lib/lwip/src/core/ipv4/dhcp.c.obj
 .text.dhcp_handle_ack.isra.0
                0x1000ad4c       0xcc CMakeFiles/TEST_PICO_FREERTOS.dir/opt/pico-sdk/lib/lwip/src/core/ipv4/dhcp.c.obj
 .text.dhcp_reboot.isra.0
                0x1000ae18      0x17c CMakeFiles/TEST_PICO_FREERTOS.dir/opt/pico-sdk/lib/lwip/src/core/ipv4/dhcp.c.obj
 .text.dhcp_discover.isra.0
                0x1000af94      0x138 CMakeFiles/TEST_PICO_FREERTOS.dir/opt/pico-sdk/lib/lwip/src/core/ipv4/dhcp.c.obj
 .text.dhcp_select.isra.0
                0x1000b0cc      0x1e0 CMakeFiles/TEST_PICO_FREERTOS.dir/opt/pico-sdk/lib/lwip/src/core/ipv4/dhcp.c.obj
 .text.dhcp_recv
                0x1000b2ac      0x4a8 CMakeFiles/TEST_PICO_FREERTOS.dir/opt/pico-sdk/lib/lwip/src/core/ipv4/dhcp.c.obj
 .text.dhcp_start
                0x1000b754       0xa8 CMakeFiles/TEST_PICO_FREERTOS.dir/opt/pico-sdk/lib/lwip/src/core/ipv4/dhcp.c.obj
                0x1000b754                dhcp_start
 .text.dhcp_network_changed_link_up
                0x1000b7fc       0x40 CMakeFiles/TEST_PICO_FREERTOS.dir/opt/pico-sdk/lib/lwip/src/core/ipv4/dhcp.c.obj
                0x1000b7fc                dhcp_network_changed_link_up
 .text.dhcp_renew
                0x1000b83c      0x13c CMakeFiles/TEST_PICO_FREERTOS.dir/opt/pico-sdk/lib/lwip/src/core/ipv4/dhcp.c.obj
                0x1000b83c                dhcp_renew
 .text.dhcp_release_and_stop
                0x1000b978      0x158 CMakeFiles/TEST_PICO_FREERTOS.dir/opt/pico-sdk/lib/lwip/src/core/ipv4/dhcp.c.obj
                0x1000b978                dhcp_release_and_stop
 .text.dhcp_coarse_tmr
                0x1000bad0      0x1e0 CMakeFiles/TEST_PICO_FREERTOS.dir/opt/pico-sdk/lib/lwip/src/core/ipv4/dhcp.c.obj
                0x1000bad0                dhcp_coarse_tmr
 .text.dhcp_fine_tmr
                0x1000bcb0       0x78 CMakeFiles/TEST_PICO_FREERTOS.dir/opt/pico-sdk/lib/lwip/src/core/ipv4/dhcp.c.obj
                0x1000bcb0                dhcp_fine_tmr
 .text.dhcp_stop
                0x1000bd28      0x158 CMakeFiles/TEST_PICO_FREERTOS.dir/opt/pico-sdk/lib/lwip/src/core/ipv4/dhcp.c.obj
                0x1000bd28                dhcp_stop
 .text.etharp_raw
                0x1000be80       0xec CMakeFiles/TEST_PICO_FREERTOS.dir/opt/pico-sdk/lib/lwip/src/core/ipv4/etharp.c.obj
 .text.etharp_tmr
                0x1000bf6c       0x94 CMakeFiles/TEST_PICO_FREERTOS.dir/opt/pico-sdk/lib/lwip/src/core/ipv4/etharp.c.obj
                0x1000bf6c                etharp_tmr
 .text.etharp_cleanup_netif
                0x1000c000      0x188 CMakeFiles/TEST_PICO_FREERTOS.dir/opt/pico-sdk/lib/lwip/src/core/ipv4/etharp.c.obj
                0x1000c000                etharp_cleanup_netif
 .text.etharp_request
                0x1000c188       0x2c CMakeFiles/TEST_PICO_FREERTOS.dir/opt/pico-sdk/lib/lwip/src/core/ipv4/etharp.c.obj
                0x1000c188                etharp_request
 .text.icmp_time_exceeded
                0x1000c1b4       0xcc CMakeFiles/TEST_PICO_FREERTOS.dir/opt/pico-sdk/lib/lwip/src/core/ipv4/icmp.c.obj
                0x1000c1b4                icmp_time_exceeded
 .text.ip_reass_free_complete_datagram
                0x1000c280      0x11c CMakeFiles/TEST_PICO_FREERTOS.dir/opt/pico-sdk/lib/lwip/src/core/ipv4/ip4_frag.c.obj
 .text.ip_reass_tmr
                0x1000c39c       0x30 CMakeFiles/TEST_PICO_FREERTOS.dir/opt/pico-sdk/lib/lwip/src/core/ipv4/ip4_frag.c.obj
                0x1000c39c                ip_reass_tmr
 .text.ip4_frag
                0x1000c3cc      0x254 CMakeFiles/TEST_PICO_FREERTOS.dir/opt/pico-sdk/lib/lwip/src/core/ipv4/ip4_frag.c.obj
                0x1000c3cc                ip4_frag
 .text.ip4_route
                0x1000c620       0x7c CMakeFiles/TEST_PICO_FREERTOS.dir/opt/pico-sdk/lib/lwip/src/core/ipv4/ip4.c.obj
                0x1000c620                ip4_route
 .text.ip4_output_if
                0x1000c69c      0x190 CMakeFiles/TEST_PICO_FREERTOS.dir/opt/pico-sdk/lib/lwip/src/core/ipv4/ip4.c.obj
                0x1000c69c                ip4_output_if
 .text.ip4_output_if_src
                0x1000c82c      0x184 CMakeFiles/TEST_PICO_FREERTOS.dir/opt/pico-sdk/lib/lwip/src/core/ipv4/ip4.c.obj
                0x1000c82c                ip4_output_if_src
 .text.ethernet_output
                0x1000c9b0       0x6c CMakeFiles/TEST_PICO_FREERTOS.dir/opt/pico-sdk/lib/lwip/src/netif/ethernet.c.obj
                0x1000c9b0                ethernet_output
 .text.cyw43_arch_set_async_context
                0x1000ca1c        0xc CMakeFiles/TEST_PICO_FREERTOS.dir/opt/pico-sdk/src/rp2_common/pico_cyw43_arch/cyw43_arch.c.obj
                0x1000ca1c                cyw43_arch_set_async_context
 .text.cyw43_arch_gpio_put
                0x1000ca28       0x14 CMakeFiles/TEST_PICO_FREERTOS.dir/opt/pico-sdk/src/rp2_common/pico_cyw43_arch/cyw43_arch.c.obj
                0x1000ca28                cyw43_arch_gpio_put
 .text.cyw43_arch_async_context
                0x1000ca3c        0xc CMakeFiles/TEST_PICO_FREERTOS.dir/opt/pico-sdk/src/rp2_common/pico_cyw43_arch/cyw43_arch.c.obj
                0x1000ca3c                cyw43_arch_async_context
 .text.cyw43_arch_init
                0x1000ca48       0x74 CMakeFiles/TEST_PICO_FREERTOS.dir/opt/pico-sdk/src/rp2_common/pico_cyw43_arch/cyw43_arch_threadsafe_background.c.obj
                0x1000ca48                cyw43_arch_init
 .text.ns_delay.constprop.0
                0x1000cabc       0x20 CMakeFiles/TEST_PICO_FREERTOS.dir/opt/pico-sdk/src/rp2_common/pico_cyw43_driver/cyw43_bus_pio_spi.c.obj
 .text.cyw43_spi_deinit
                0x1000cadc       0x7c CMakeFiles/TEST_PICO_FREERTOS.dir/opt/pico-sdk/src/rp2_common/pico_cyw43_driver/cyw43_bus_pio_spi.c.obj
                0x1000cadc                cyw43_spi_deinit
 .text.cyw43_spi_init
                0x1000cb58      0x14c CMakeFiles/TEST_PICO_FREERTOS.dir/opt/pico-sdk/src/rp2_common/pico_cyw43_driver/cyw43_bus_pio_spi.c.obj
                0x1000cb58                cyw43_spi_init
 .text.cyw43_spi_transfer
                0x1000cca4      0x408 CMakeFiles/TEST_PICO_FREERTOS.dir/opt/pico-sdk/src/rp2_common/pico_cyw43_driver/cyw43_bus_pio_spi.c.obj
                0x1000cca4                cyw43_spi_transfer
 .text.cyw43_spi_gpio_setup
                0x1000d0ac       0x3c CMakeFiles/TEST_PICO_FREERTOS.dir/opt/pico-sdk/src/rp2_common/pico_cyw43_driver/cyw43_bus_pio_spi.c.obj
                0x1000d0ac                cyw43_spi_gpio_setup
 .text.cyw43_spi_reset
                0x1000d0e8       0x28 CMakeFiles/TEST_PICO_FREERTOS.dir/opt/pico-sdk/src/rp2_common/pico_cyw43_driver/cyw43_bus_pio_spi.c.obj
                0x1000d0e8                cyw43_spi_reset
 .text.read_reg_u32_swap
                0x1000d110       0x44 CMakeFiles/TEST_PICO_FREERTOS.dir/opt/pico-sdk/src/rp2_common/pico_cyw43_driver/cyw43_bus_pio_spi.c.obj
                0x1000d110                read_reg_u32_swap
 .text.cyw43_read_reg_u32
                0x1000d154       0x58 CMakeFiles/TEST_PICO_FREERTOS.dir/opt/pico-sdk/src/rp2_common/pico_cyw43_driver/cyw43_bus_pio_spi.c.obj
                0x1000d154                cyw43_read_reg_u32
 .text.cyw43_read_reg_u16
                0x1000d1ac       0x58 CMakeFiles/TEST_PICO_FREERTOS.dir/opt/pico-sdk/src/rp2_common/pico_cyw43_driver/cyw43_bus_pio_spi.c.obj
                0x1000d1ac                cyw43_read_reg_u16
 .text.cyw43_read_reg_u8
                0x1000d204       0x58 CMakeFiles/TEST_PICO_FREERTOS.dir/opt/pico-sdk/src/rp2_common/pico_cyw43_driver/cyw43_bus_pio_spi.c.obj
                0x1000d204                cyw43_read_reg_u8
 .text.write_reg_u32_swap
                0x1000d25c      0x1e8 CMakeFiles/TEST_PICO_FREERTOS.dir/opt/pico-sdk/src/rp2_common/pico_cyw43_driver/cyw43_bus_pio_spi.c.obj
                0x1000d25c                write_reg_u32_swap
 .text.cyw43_write_reg_u32
                0x1000d444      0x208 CMakeFiles/TEST_PICO_FREERTOS.dir/opt/pico-sdk/src/rp2_common/pico_cyw43_driver/cyw43_bus_pio_spi.c.obj
                0x1000d444                cyw43_write_reg_u32
 .text.cyw43_write_reg_u16
                0x1000d64c      0x208 CMakeFiles/TEST_PICO_FREERTOS.dir/opt/pico-sdk/src/rp2_common/pico_cyw43_driver/cyw43_bus_pio_spi.c.obj
                0x1000d64c                cyw43_write_reg_u16
 .text.cyw43_write_reg_u8
                0x1000d854      0x208 CMakeFiles/TEST_PICO_FREERTOS.dir/opt/pico-sdk/src/rp2_common/pico_cyw43_driver/cyw43_bus_pio_spi.c.obj
                0x1000d854                cyw43_write_reg_u8
 .text.cyw43_read_bytes
                0x1000da5c       0x78 CMakeFiles/TEST_PICO_FREERTOS.dir/opt/pico-sdk/src/rp2_common/pico_cyw43_driver/cyw43_bus_pio_spi.c.obj
                0x1000da5c                cyw43_read_bytes
 .text.cyw43_write_bytes
                0x1000dad4       0xd4 CMakeFiles/TEST_PICO_FREERTOS.dir/opt/pico-sdk/src/rp2_common/pico_cyw43_driver/cyw43_bus_pio_spi.c.obj
                0x1000dad4                cyw43_write_bytes
 .text.cyw43_set_backplane_window
                0x1000dba8       0x68 CMakeFiles/TEST_PICO_FREERTOS.dir/opt/pico-sdk/lib/cyw43-driver/src/cyw43_ll.c.obj
 .text.cyw43_ll_parse_async_event
                0x1000dc10      0x138 CMakeFiles/TEST_PICO_FREERTOS.dir/opt/pico-sdk/lib/cyw43-driver/src/cyw43_ll.c.obj
 .text.cyw43_kso_set
                0x1000dd48       0x80 CMakeFiles/TEST_PICO_FREERTOS.dir/opt/pico-sdk/lib/cyw43-driver/src/cyw43_ll.c.obj
 .text.cyw43_ll_sdpcm_poll_device
                0x1000ddc8      0x238 CMakeFiles/TEST_PICO_FREERTOS.dir/opt/pico-sdk/lib/cyw43-driver/src/cyw43_ll.c.obj
 .text.cyw43_sdpcm_send_common
                0x1000e000       0xf4 CMakeFiles/TEST_PICO_FREERTOS.dir/opt/pico-sdk/lib/cyw43-driver/src/cyw43_ll.c.obj
 .text.cyw43_do_ioctl
                0x1000e0f4      0x110 CMakeFiles/TEST_PICO_FREERTOS.dir/opt/pico-sdk/lib/cyw43-driver/src/cyw43_ll.c.obj
 .text.cyw43_do_ioctl.constprop.0
                0x1000e204      0x108 CMakeFiles/TEST_PICO_FREERTOS.dir/opt/pico-sdk/lib/cyw43-driver/src/cyw43_ll.c.obj
 .text.cyw43_read_backplane.constprop.0
                0x1000e30c       0xe4 CMakeFiles/TEST_PICO_FREERTOS.dir/opt/pico-sdk/lib/cyw43-driver/src/cyw43_ll.c.obj
 .text.reset_device_core.constprop.0
                0x1000e3f0      0x410 CMakeFiles/TEST_PICO_FREERTOS.dir/opt/pico-sdk/lib/cyw43-driver/src/cyw43_ll.c.obj
 .text.cyw43_ll_init
                0x1000e800       0x1c CMakeFiles/TEST_PICO_FREERTOS.dir/opt/pico-sdk/lib/cyw43-driver/src/cyw43_ll.c.obj
                0x1000e800                cyw43_ll_init
 .text.cyw43_ll_deinit
                0x1000e81c        0x8 CMakeFiles/TEST_PICO_FREERTOS.dir/opt/pico-sdk/lib/cyw43-driver/src/cyw43_ll.c.obj
                0x1000e81c                cyw43_ll_deinit
 .text.cyw43_ll_process_packets
                0x1000e824       0x54 CMakeFiles/TEST_PICO_FREERTOS.dir/opt/pico-sdk/lib/cyw43-driver/src/cyw43_ll.c.obj
                0x1000e824                cyw43_ll_process_packets
 .text.cyw43_ll_ioctl
                0x1000e878       0x20 CMakeFiles/TEST_PICO_FREERTOS.dir/opt/pico-sdk/lib/cyw43-driver/src/cyw43_ll.c.obj
                0x1000e878                cyw43_ll_ioctl
 .text.cyw43_ll_bus_sleep
                0x1000e898       0x34 CMakeFiles/TEST_PICO_FREERTOS.dir/opt/pico-sdk/lib/cyw43-driver/src/cyw43_ll.c.obj
                0x1000e898                cyw43_ll_bus_sleep
 .text.cyw43_ll_bus_init
                0x1000e8cc      0xb9c CMakeFiles/TEST_PICO_FREERTOS.dir/opt/pico-sdk/lib/cyw43-driver/src/cyw43_ll.c.obj
                0x1000e8cc                cyw43_ll_bus_init
 .text.cyw43_ll_wifi_get_mac
                0x1000f468       0x40 CMakeFiles/TEST_PICO_FREERTOS.dir/opt/pico-sdk/lib/cyw43-driver/src/cyw43_ll.c.obj
                0x1000f468                cyw43_ll_wifi_get_mac
 .text.cyw43_ll_wifi_set_wpa_auth
                0x1000f4a8       0x2c CMakeFiles/TEST_PICO_FREERTOS.dir/opt/pico-sdk/lib/cyw43-driver/src/cyw43_ll.c.obj
                0x1000f4a8                cyw43_ll_wifi_set_wpa_auth
 .text.cyw43_ll_wifi_rejoin
                0x1000f4d4       0x1c CMakeFiles/TEST_PICO_FREERTOS.dir/opt/pico-sdk/lib/cyw43-driver/src/cyw43_ll.c.obj
                0x1000f4d4                cyw43_ll_wifi_rejoin
 .text.cyw43_ll_gpio_set
                0x1000f4f0       0x68 CMakeFiles/TEST_PICO_FREERTOS.dir/opt/pico-sdk/lib/cyw43-driver/src/cyw43_ll.c.obj
                0x1000f4f0                cyw43_ll_gpio_set
 .text.cyw43_ll_has_work
                0x1000f558       0x14 CMakeFiles/TEST_PICO_FREERTOS.dir/opt/pico-sdk/lib/cyw43-driver/src/cyw43_ll.c.obj
                0x1000f558                cyw43_ll_has_work
 .text.cyw43_cb_tcpip_deinit
                0x1000f56c       0x4c CMakeFiles/TEST_PICO_FREERTOS.dir/opt/pico-sdk/lib/cyw43-driver/src/cyw43_lwip.c.obj
                0x1000f56c                cyw43_cb_tcpip_deinit
 .text.cyw43_cb_process_ethernet
                0x1000f5b8       0x6c CMakeFiles/TEST_PICO_FREERTOS.dir/opt/pico-sdk/lib/cyw43-driver/src/cyw43_lwip.c.obj
                0x1000f5b8                cyw43_cb_process_ethernet
 .text.cyw43_cb_tcpip_set_link_up
                0x1000f624       0x18 CMakeFiles/TEST_PICO_FREERTOS.dir/opt/pico-sdk/lib/cyw43-driver/src/cyw43_lwip.c.obj
                0x1000f624                cyw43_cb_tcpip_set_link_up
 .text.cyw43_cb_tcpip_set_link_down
                0x1000f63c       0x18 CMakeFiles/TEST_PICO_FREERTOS.dir/opt/pico-sdk/lib/cyw43-driver/src/cyw43_lwip.c.obj
                0x1000f63c                cyw43_cb_tcpip_set_link_down
 .text.cyw43_poll_func
                0x1000f654       0xc0 CMakeFiles/TEST_PICO_FREERTOS.dir/opt/pico-sdk/lib/cyw43-driver/src/cyw43_ctrl.c.obj
 .text.cyw43_init
                0x1000f714       0x6c CMakeFiles/TEST_PICO_FREERTOS.dir/opt/pico-sdk/lib/cyw43-driver/src/cyw43_ctrl.c.obj
                0x1000f714                cyw43_init
 .text.cyw43_deinit
                0x1000f780       0x90 CMakeFiles/TEST_PICO_FREERTOS.dir/opt/pico-sdk/lib/cyw43-driver/src/cyw43_ctrl.c.obj
                0x1000f780                cyw43_deinit
 .text.cyw43_cb_read_host_interrupt_pin
                0x1000f810        0xc CMakeFiles/TEST_PICO_FREERTOS.dir/opt/pico-sdk/lib/cyw43-driver/src/cyw43_ctrl.c.obj
                0x1000f810                cyw43_cb_read_host_interrupt_pin
 .text.cyw43_cb_ensure_awake
                0x1000f81c        0xc CMakeFiles/TEST_PICO_FREERTOS.dir/opt/pico-sdk/lib/cyw43-driver/src/cyw43_ctrl.c.obj
                0x1000f81c                cyw43_cb_ensure_awake
 .text.cyw43_cb_process_async_event
                0x1000f828      0x214 CMakeFiles/TEST_PICO_FREERTOS.dir/opt/pico-sdk/lib/cyw43-driver/src/cyw43_ctrl.c.obj
                0x1000f828                cyw43_cb_process_async_event
 .text.cyw43_gpio_set
                0x1000fa3c       0xa4 CMakeFiles/TEST_PICO_FREERTOS.dir/opt/pico-sdk/lib/cyw43-driver/src/cyw43_ctrl.c.obj
                0x1000fa3c                cyw43_gpio_set
 .text.pio_sm_unclaim
                0x1000fae0       0x20 CMakeFiles/TEST_PICO_FREERTOS.dir/opt/pico-sdk/src/rp2_common/hardware_pio/pio.c.obj
                0x1000fae0                pio_sm_unclaim
 .text.pio_claim_unused_sm
                0x1000fb00       0x3c CMakeFiles/TEST_PICO_FREERTOS.dir/opt/pico-sdk/src/rp2_common/hardware_pio/pio.c.obj
                0x1000fb00                pio_claim_unused_sm
 .text.pio_can_add_program
                0x1000fb3c       0x68 CMakeFiles/TEST_PICO_FREERTOS.dir/opt/pico-sdk/src/rp2_common/hardware_pio/pio.c.obj
                0x1000fb3c                pio_can_add_program
 .text.pio_add_program
                0x1000fba4       0xec CMakeFiles/TEST_PICO_FREERTOS.dir/opt/pico-sdk/src/rp2_common/hardware_pio/pio.c.obj
                0x1000fba4                pio_add_program
 .text.pio_remove_program
                0x1000fc90       0x34 CMakeFiles/TEST_PICO_FREERTOS.dir/opt/pico-sdk/src/rp2_common/hardware_pio/pio.c.obj
                0x1000fc90                pio_remove_program
 .text.pio_sm_set_pindirs_with_mask
                0x1000fcc4       0xa8 CMakeFiles/TEST_PICO_FREERTOS.dir/opt/pico-sdk/src/rp2_common/hardware_pio/pio.c.obj
                0x1000fcc4                pio_sm_set_pindirs_with_mask
 .text.pio_sm_set_consecutive_pindirs
                0x1000fd6c       0xa8 CMakeFiles/TEST_PICO_FREERTOS.dir/opt/pico-sdk/src/rp2_common/hardware_pio/pio.c.obj
                0x1000fd6c                pio_sm_set_consecutive_pindirs
 .text.dma_channel_unclaim
                0x1000fe14       0x14 CMakeFiles/TEST_PICO_FREERTOS.dir/opt/pico-sdk/src/rp2_common/hardware_dma/dma.c.obj
                0x1000fe14                dma_channel_unclaim
 .text.dma_claim_unused_channel
                0x1000fe28       0x24 CMakeFiles/TEST_PICO_FREERTOS.dir/opt/pico-sdk/src/rp2_common/hardware_dma/dma.c.obj
                0x1000fe28                dma_claim_unused_channel
 .text.dma_channel_cleanup
                0x1000fe4c       0x60 CMakeFiles/TEST_PICO_FREERTOS.dir/opt/pico-sdk/src/rp2_common/hardware_dma/dma.c.obj
                0x1000fe4c                dma_channel_cleanup
 .text.exception_set_exclusive_handler
                0x1000feac       0x48 CMakeFiles/TEST_PICO_FREERTOS.dir/opt/pico-sdk/src/rp2_common/hardware_exception/exception.c.obj
                0x1000feac                exception_set_exclusive_handler
 .text.cyw43_sleep_timeout_reached
                0x1000fef4       0x10 CMakeFiles/TEST_PICO_FREERTOS.dir/opt/pico-sdk/src/rp2_common/pico_cyw43_driver/cyw43_driver.c.obj
 .text.cyw43_irq_init
                0x1000ff04       0x28 CMakeFiles/TEST_PICO_FREERTOS.dir/opt/pico-sdk/src/rp2_common/pico_cyw43_driver/cyw43_driver.c.obj
                0x1000ff04                cyw43_irq_init
 .text.cyw43_irq_deinit
                0x1000ff2c       0x20 CMakeFiles/TEST_PICO_FREERTOS.dir/opt/pico-sdk/src/rp2_common/pico_cyw43_driver/cyw43_driver.c.obj
                0x1000ff2c                cyw43_irq_deinit
 .text.cyw43_gpio_irq_handler
                0x1000ff4c       0x44 CMakeFiles/TEST_PICO_FREERTOS.dir/opt/pico-sdk/src/rp2_common/pico_cyw43_driver/cyw43_driver.c.obj
 .text.cyw43_do_poll
                0x1000ff90       0x6c CMakeFiles/TEST_PICO_FREERTOS.dir/opt/pico-sdk/src/rp2_common/pico_cyw43_driver/cyw43_driver.c.obj
 .text.cyw43_post_poll_hook
                0x1000fffc       0x10 CMakeFiles/TEST_PICO_FREERTOS.dir/opt/pico-sdk/src/rp2_common/pico_cyw43_driver/cyw43_driver.c.obj
                0x1000fffc                cyw43_post_poll_hook
 .text.cyw43_schedule_internal_poll_dispatch
                0x1001000c       0x18 CMakeFiles/TEST_PICO_FREERTOS.dir/opt/pico-sdk/src/rp2_common/pico_cyw43_driver/cyw43_driver.c.obj
                0x1001000c                cyw43_schedule_internal_poll_dispatch
 .text.cyw43_driver_init
                0x10010024       0x38 CMakeFiles/TEST_PICO_FREERTOS.dir/opt/pico-sdk/src/rp2_common/pico_cyw43_driver/cyw43_driver.c.obj
                0x10010024                cyw43_driver_init
 .text.cyw43_driver_deinit
                0x1001005c       0x44 CMakeFiles/TEST_PICO_FREERTOS.dir/opt/pico-sdk/src/rp2_common/pico_cyw43_driver/cyw43_driver.c.obj
                0x1001005c                cyw43_driver_deinit
 .text.cyw43_hal_generate_laa_mac
                0x100100a0       0x28 CMakeFiles/TEST_PICO_FREERTOS.dir/opt/pico-sdk/src/rp2_common/pico_cyw43_driver/cyw43_driver.c.obj
                0x100100a0                cyw43_hal_generate_laa_mac
 .text.cyw43_thread_enter
                0x100100c8       0x14 CMakeFiles/TEST_PICO_FREERTOS.dir/opt/pico-sdk/src/rp2_common/pico_cyw43_driver/cyw43_driver.c.obj
                0x100100c8                cyw43_thread_enter
 .text.cyw43_thread_exit
                0x100100dc       0x14 CMakeFiles/TEST_PICO_FREERTOS.dir/opt/pico-sdk/src/rp2_common/pico_cyw43_driver/cyw43_driver.c.obj
                0x100100dc                cyw43_thread_exit
 .text.cyw43_await_background_or_timeout_us
                0x100100f0       0x30 CMakeFiles/TEST_PICO_FREERTOS.dir/opt/pico-sdk/src/rp2_common/pico_cyw43_driver/cyw43_driver.c.obj
                0x100100f0                cyw43_await_background_or_timeout_us
 .text.cyw43_delay_ms
                0x10010120       0x44 CMakeFiles/TEST_PICO_FREERTOS.dir/opt/pico-sdk/src/rp2_common/pico_cyw43_driver/cyw43_driver.c.obj
                0x10010120                cyw43_delay_ms
 .text.handle_sync_func_call
                0x10010164       0x24 CMakeFiles/TEST_PICO_FREERTOS.dir/opt/pico-sdk/src/rp2_common/pico_async_context/async_context_threadsafe_background.c.obj
 .text.async_context_threadsafe_background_acquire_lock_blocking
                0x10010188        0xc CMakeFiles/TEST_PICO_FREERTOS.dir/opt/pico-sdk/src/rp2_common/pico_async_context/async_context_threadsafe_background.c.obj
 .text.process_under_lock
                0x10010194       0xcc CMakeFiles/TEST_PICO_FREERTOS.dir/opt/pico-sdk/src/rp2_common/pico_async_context/async_context_threadsafe_background.c.obj
 .text.async_context_threadsafe_background_deinit
                0x10010260       0x64 CMakeFiles/TEST_PICO_FREERTOS.dir/opt/pico-sdk/src/rp2_common/pico_async_context/async_context_threadsafe_background.c.obj
 .text.low_priority_irq_handler
                0x100102c4       0x3c CMakeFiles/TEST_PICO_FREERTOS.dir/opt/pico-sdk/src/rp2_common/pico_async_context/async_context_threadsafe_background.c.obj
 .text.async_context_threadsafe_background_wait_for_work_until
                0x10010300        0xc CMakeFiles/TEST_PICO_FREERTOS.dir/opt/pico-sdk/src/rp2_common/pico_async_context/async_context_threadsafe_background.c.obj
 .text.async_context_threadsafe_background_wait_until
                0x1001030c       0x1c CMakeFiles/TEST_PICO_FREERTOS.dir/opt/pico-sdk/src/rp2_common/pico_async_context/async_context_threadsafe_background.c.obj
 .text.async_context_threadsafe_background_execute_sync
                0x10010328       0xf0 CMakeFiles/TEST_PICO_FREERTOS.dir/opt/pico-sdk/src/rp2_common/pico_async_context/async_context_threadsafe_background.c.obj
                0x10010328                async_context_threadsafe_background_execute_sync
 .text.async_context_threadsafe_background_lock_check
                0x10010418       0x24 CMakeFiles/TEST_PICO_FREERTOS.dir/opt/pico-sdk/src/rp2_common/pico_async_context/async_context_threadsafe_background.c.obj
 .text.async_context_threadsafe_background_set_work_pending
                0x1001043c       0x50 CMakeFiles/TEST_PICO_FREERTOS.dir/opt/pico-sdk/src/rp2_common/pico_async_context/async_context_threadsafe_background.c.obj
 .text.alarm_handler
                0x1001048c       0x58 CMakeFiles/TEST_PICO_FREERTOS.dir/opt/pico-sdk/src/rp2_common/pico_async_context/async_context_threadsafe_background.c.obj
 .text.async_context_threadsafe_background_release_lock
                0x100104e4       0x7c CMakeFiles/TEST_PICO_FREERTOS.dir/opt/pico-sdk/src/rp2_common/pico_async_context/async_context_threadsafe_background.c.obj
 .text.async_context_threadsafe_background_add_at_time_worker
                0x10010560       0x90 CMakeFiles/TEST_PICO_FREERTOS.dir/opt/pico-sdk/src/rp2_common/pico_async_context/async_context_threadsafe_background.c.obj
 .text.async_context_threadsafe_background_when_pending_worker
                0x100105f0       0x90 CMakeFiles/TEST_PICO_FREERTOS.dir/opt/pico-sdk/src/rp2_common/pico_async_context/async_context_threadsafe_background.c.obj
 .text.async_context_threadsafe_background_add_when_pending_worker
                0x10010680       0x90 CMakeFiles/TEST_PICO_FREERTOS.dir/opt/pico-sdk/src/rp2_common/pico_async_context/async_context_threadsafe_background.c.obj
 .text.async_context_threadsafe_background_remove_at_time_worker
                0x10010710       0x90 CMakeFiles/TEST_PICO_FREERTOS.dir/opt/pico-sdk/src/rp2_common/pico_async_context/async_context_threadsafe_background.c.obj
 .text.async_context_threadsafe_background_default_config
                0x100107a0        0xc CMakeFiles/TEST_PICO_FREERTOS.dir/opt/pico-sdk/src/rp2_common/pico_async_context/async_context_threadsafe_background.c.obj
                0x100107a0                async_context_threadsafe_background_default_config
 .text.async_context_threadsafe_background_init
                0x100107ac       0xa4 CMakeFiles/TEST_PICO_FREERTOS.dir/opt/pico-sdk/src/rp2_common/pico_async_context/async_context_threadsafe_background.c.obj
                0x100107ac                async_context_threadsafe_background_init
 .text.pvPortMalloc
                0x10010850      0x124 CMakeFiles/TEST_PICO_FREERTOS.dir/home/fraser/rp_pico/freertos/FreeRTOS-Kernel/portable/MemMang/heap_4.c.obj
                0x10010850                pvPortMalloc
 .text.vPortFree
                0x10010974       0x98 CMakeFiles/TEST_PICO_FREERTOS.dir/home/fraser/rp_pico/freertos/FreeRTOS-Kernel/portable/MemMang/heap_4.c.obj
                0x10010974                vPortFree
 .text.vPortSVCHandler
                0x10010a0c        0x4 CMakeFiles/TEST_PICO_FREERTOS.dir/home/fraser/rp_pico/freertos/FreeRTOS-Kernel/portable/ThirdParty/GCC/RP2040/port.c.obj
                0x10010a0c                vPortSVCHandler
 .text.vPortStartFirstTask
                0x10010a10       0x34 CMakeFiles/TEST_PICO_FREERTOS.dir/home/fraser/rp_pico/freertos/FreeRTOS-Kernel/portable/ThirdParty/GCC/RP2040/port.c.obj
 *fill*         0x10010a44        0xc 
 .text.xPortPendSVHandler
                0x10010a50       0x64 CMakeFiles/TEST_PICO_FREERTOS.dir/home/fraser/rp_pico/freertos/FreeRTOS-Kernel/portable/ThirdParty/GCC/RP2040/port.c.obj
                0x10010a50                xPortPendSVHandler
 .text.prvFIFOInterruptHandler