Archive member included to satisfy reference by file (symbol)

/usr/lib/gcc/arm-none-eabi/14.1.0/thumb/v6-m/nofp/libgcc.a(_dvmd_tls.o)
                              CMakeFiles/TEST_PICO_FREERTOS.dir/opt/pico-sdk/src/rp2_common/pico_divider/divider.S.obj (__aeabi_idiv0)
/usr/lib/gcc/arm-none-eabi/14.1.0/../../../../arm-none-eabi/lib/thumb/v6-m/nofp/libc.a(libc_a-atexit.o)
                              /usr/lib/gcc/arm-none-eabi/14.1.0/../../../../arm-none-eabi/lib/thumb/v6-m/nofp/crt0.o (atexit)
/usr/lib/gcc/arm-none-eabi/14.1.0/../../../../arm-none-eabi/lib/thumb/v6-m/nofp/libc.a(libc_a-atoi.o)
                              CMakeFiles/TEST_PICO_FREERTOS.dir/opt/pico-sdk/lib/lwip/src/core/netif.c.obj (atoi)
/usr/lib/gcc/arm-none-eabi/14.1.0/../../../../arm-none-eabi/lib/thumb/v6-m/nofp/libc.a(libc_a-calloc.o)
                              CMakeFiles/TEST_PICO_FREERTOS.dir/opt/pico-sdk/src/rp2_common/pico_malloc/pico_malloc.c.obj (calloc)
/usr/lib/gcc/arm-none-eabi/14.1.0/../../../../arm-none-eabi/lib/thumb/v6-m/nofp/libc.a(libc_a-callocr.o)
                              /usr/lib/gcc/arm-none-eabi/14.1.0/../../../../arm-none-eabi/lib/thumb/v6-m/nofp/libc.a(libc_a-calloc.o) (_calloc_r)
/usr/lib/gcc/arm-none-eabi/14.1.0/../../../../arm-none-eabi/lib/thumb/v6-m/nofp/libc.a(libc_a-malloc.o)
                              CMakeFiles/TEST_PICO_FREERTOS.dir/opt/pico-sdk/src/rp2_common/pico_malloc/pico_malloc.c.obj (malloc)
/usr/lib/gcc/arm-none-eabi/14.1.0/../../../../arm-none-eabi/lib/thumb/v6-m/nofp/libc.a(libc_a-mallocr.o)
                              /usr/lib/gcc/arm-none-eabi/14.1.0/../../../../arm-none-eabi/lib/thumb/v6-m/nofp/libc.a(libc_a-callocr.o) (_malloc_r)
/usr/lib/gcc/arm-none-eabi/14.1.0/../../../../arm-none-eabi/lib/thumb/v6-m/nofp/libc.a(libc_a-mlock.o)
                              /usr/lib/gcc/arm-none-eabi/14.1.0/../../../../arm-none-eabi/lib/thumb/v6-m/nofp/libc.a(libc_a-mallocr.o) (__malloc_lock)
/usr/lib/gcc/arm-none-eabi/14.1.0/../../../../arm-none-eabi/lib/thumb/v6-m/nofp/libc.a(libc_a-realloc.o)
                              CMakeFiles/TEST_PICO_FREERTOS.dir/opt/pico-sdk/src/rp2_common/pico_malloc/pico_malloc.c.obj (realloc)
/usr/lib/gcc/arm-none-eabi/14.1.0/../../../../arm-none-eabi/lib/thumb/v6-m/nofp/libc.a(libc_a-reallocr.o)
                              /usr/lib/gcc/arm-none-eabi/14.1.0/../../../../arm-none-eabi/lib/thumb/v6-m/nofp/libc.a(libc_a-realloc.o) (_realloc_r)
/usr/lib/gcc/arm-none-eabi/14.1.0/../../../../arm-none-eabi/lib/thumb/v6-m/nofp/libc.a(libc_a-strtol.o)
                              /usr/lib/gcc/arm-none-eabi/14.1.0/../../../../arm-none-eabi/lib/thumb/v6-m/nofp/libc.a(libc_a-atoi.o) (_strtol_r)
/usr/lib/gcc/arm-none-eabi/14.1.0/../../../../arm-none-eabi/lib/thumb/v6-m/nofp/libc.a(libc_a-ctype_.o)
                              CMakeFiles/TEST_PICO_FREERTOS.dir/opt/pico-sdk/lib/lwip/src/core/dns.c.obj (_ctype_)
/usr/lib/gcc/arm-none-eabi/14.1.0/../../../../arm-none-eabi/lib/thumb/v6-m/nofp/libc.a(libc_a-memcmp.o)
                              CMakeFiles/TEST_PICO_FREERTOS.dir/opt/pico-sdk/lib/lwip/src/netif/ethernet.c.obj (memcmp)
/usr/lib/gcc/arm-none-eabi/14.1.0/../../../../arm-none-eabi/lib/thumb/v6-m/nofp/libc.a(libc_a-memmove.o)
                              CMakeFiles/TEST_PICO_FREERTOS.dir/opt/pico-sdk/lib/lwip/src/core/def.c.obj (memmove)
/usr/lib/gcc/arm-none-eabi/14.1.0/../../../../arm-none-eabi/lib/thumb/v6-m/nofp/libc.a(libc_a-strncmp.o)
                              CMakeFiles/TEST_PICO_FREERTOS.dir/opt/pico-sdk/lib/lwip/src/core/def.c.obj (strncmp)
/usr/lib/gcc/arm-none-eabi/14.1.0/../../../../arm-none-eabi/lib/thumb/v6-m/nofp/libc.a(libc_a-impure.o)
                              /usr/lib/gcc/arm-none-eabi/14.1.0/../../../../arm-none-eabi/lib/thumb/v6-m/nofp/libc.a(libc_a-calloc.o) (_impure_ptr)
/usr/lib/gcc/arm-none-eabi/14.1.0/../../../../arm-none-eabi/lib/thumb/v6-m/nofp/libc.a(libc_a-sbrkr.o)
                              /usr/lib/gcc/arm-none-eabi/14.1.0/../../../../arm-none-eabi/lib/thumb/v6-m/nofp/libc.a(libc_a-mallocr.o) (_sbrk_r)
/usr/lib/gcc/arm-none-eabi/14.1.0/../../../../arm-none-eabi/lib/thumb/v6-m/nofp/libc.a(libc_a-errno.o)
                              /usr/lib/gcc/arm-none-eabi/14.1.0/../../../../arm-none-eabi/lib/thumb/v6-m/nofp/libc.a(libc_a-callocr.o) (__errno)
/usr/lib/gcc/arm-none-eabi/14.1.0/../../../../arm-none-eabi/lib/thumb/v6-m/nofp/libc.a(libc_a-init.o)
                              /usr/lib/gcc/arm-none-eabi/14.1.0/../../../../arm-none-eabi/lib/thumb/v6-m/nofp/crt0.o (__libc_init_array)
/usr/lib/gcc/arm-none-eabi/14.1.0/../../../../arm-none-eabi/lib/thumb/v6-m/nofp/libc.a(libc_a-fini.o)
                              /usr/lib/gcc/arm-none-eabi/14.1.0/../../../../arm-none-eabi/lib/thumb/v6-m/nofp/crt0.o (__libc_fini_array)
/usr/lib/gcc/arm-none-eabi/14.1.0/../../../../arm-none-eabi/lib/thumb/v6-m/nofp/libc.a(libc_a-lock.o)
[...]
Memory Configuration

Name             Origin             Length             Attributes
FLASH            0x10000000         0x00200000         xr
RAM              0x20000000         0x00040000         xrw
SCRATCH_X        0x20040000         0x00001000         xrw
SCRATCH_Y        0x20041000         0x00001000         xrw
*default*        0x00000000         0xffffffff

Linker script and memory map

LOAD /usr/lib/gcc/arm-none-eabi/14.1.0/thumb/v6-m/nofp/crti.o
LOAD /usr/lib/gcc/arm-none-eabi/14.1.0/thumb/v6-m/nofp/crtbegin.o
LOAD /usr/lib/gcc/arm-none-eabi/14.1.0/../../../../arm-none-eabi/lib/thumb/v6-m/nofp/crt0.o

.flash_begin    0x10000000        0x0
                0x10000000                        __flash_binary_start = .

.boot2          0x10000000      0x100
                0x10000000                        __boot2_start__ = .
 *(.boot2)
 .boot2         0x10000000      0x100 /tmp/ccT4Xycs.o
                0x10000100                        __boot2_end__ = .
                0x00000001                        ASSERT (((__boot2_end__ - __boot2_start__) == 0x100), ERROR: Pico second stage bootloader must be 256 bytes in size)

.text           0x10000100    0x134c8
                0x10000100                        __logical_binary_start = .
 *(.vectors)
 .vectors       0x10000100       0xd4 CMakeFiles/TEST_PICO_FREERTOS.dir/opt/pico-sdk/src/rp2_common/pico_standard_link/crt0.S.obj
                0x10000100                __vectors
                0x10000100                __VECTOR_TABLE
                0x100001c0                isr_invalid
                0x100001c0                __default_isrs_start
                0x100001c2                isr_nmi
                0x100001c4                isr_hardfault
                0x100001c6                isr_svcall
                0x100001c8                isr_pendsv
                0x100001ca                isr_systick
                0x100001cc                isr_irq30
                0x100001cc                __unhandled_user_irq
                0x100001cc                isr_irq13
                0x100001cc                isr_irq27
                0x100001cc                isr_irq31
                0x100001cc                isr_irq5
                0x100001cc                isr_irq11
                0x100001cc                isr_irq23
                0x100001cc                isr_irq18
                0x100001cc                isr_irq28
                0x100001cc                isr_irq19
                0x100001cc                isr_irq0
                0x100001cc                isr_irq6
                0x100001cc                isr_irq22
                0x100001cc                isr_irq17
                0x100001cc                isr_irq14
                0x100001cc                isr_irq2
                0x100001cc                isr_irq10
                0x100001cc                isr_irq8
                0x100001cc                isr_irq24
                0x100001cc                isr_irq1
                0x100001cc                isr_irq7
                0x100001cc                isr_irq21
                0x100001cc                isr_irq20
                0x100001cc                isr_irq15
                0x100001cc                isr_irq25
                0x100001cc                isr_irq4
                0x100001cc                isr_irq16
                0x100001cc                isr_irq29
                0x100001cc                isr_irq26
                0x100001cc                __default_isrs_end
                0x100001cc                isr_irq3
                0x100001cc                isr_irq12
                0x100001cc                isr_irq9
                0x100001d2                unhandled_user_irq_num_in_r0
 *(.binary_info_header)
 .binary_info_header
                0x100001d4       0x14 CMakeFiles/TEST_PICO_FREERTOS.dir/opt/pico-sdk/src/rp2_common/pico_standard_link/crt0.S.obj
                0x100001e8                        __binary_info_header_end = .
 *(.reset)
 .reset         0x100001e8       0xa0 CMakeFiles/TEST_PICO_FREERTOS.dir/opt/pico-sdk/src/rp2_common/pico_standard_link/crt0.S.obj
                0x100001e8                _entry_point
 .reset         0x10000288       0x30 CMakeFiles/TEST_PICO_FREERTOS.dir/opt/pico-sdk/src/rp2_common/pico_standard_link/binary_info.c.obj
 *(.init)
 .init          0x100002b8        0x4 /usr/lib/gcc/arm-none-eabi/14.1.0/thumb/v6-m/nofp/crti.o
                0x100002b8                _init
 *(EXCLUDE_FILE(*libm.a: *libc.a:*lib_a-mem*.o *libgcc.a:) .text*)
 .text.frame_dummy
                0x100002bc       0x20 /usr/lib/gcc/arm-none-eabi/14.1.0/thumb/v6-m/nofp/crtbegin.o
 .text.start_task
                0x100002dc       0x28 CMakeFiles/TEST_PICO_FREERTOS.dir/test.c.obj
                0x100002dc                start_task
 .text.get_block
                0x10000304       0x68 CMakeFiles/TEST_PICO_FREERTOS.dir/test.c.obj
                0x10000304                get_block
 .text.count_func
                0x1000036c       0x50 CMakeFiles/TEST_PICO_FREERTOS.dir/test.c.obj
                0x1000036c                count_func
 .text.startup.main
                0x100003bc       0x18 CMakeFiles/TEST_PICO_FREERTOS.dir/test.c.obj
                0x100003bc                main
 .text.perform_task
                0x100003d4       0x30 CMakeFiles/TEST_PICO_FREERTOS.dir/test.c.obj
                0x100003d4                perform_task
 .text.task     0x10000404       0x1c CMakeFiles/TEST_PICO_FREERTOS.dir/test.c.obj
                0x10000404                task
 .text.gpio_set_function
                0x10000420       0x30 CMakeFiles/TEST_PICO_FREERTOS.dir/opt/pico-sdk/src/rp2_common/hardware_gpio/gpio.c.obj
                0x10000420                gpio_set_function
 .text.gpio_set_pulls
                0x10000450       0x24 CMakeFiles/TEST_PICO_FREERTOS.dir/opt/pico-sdk/src/rp2_common/hardware_gpio/gpio.c.obj
                0x10000450                gpio_set_pulls
 .text.gpio_set_input_hysteresis_enabled
                0x10000474       0x28 CMakeFiles/TEST_PICO_FREERTOS.dir/opt/pico-sdk/src/rp2_common/hardware_gpio/gpio.c.obj
                0x10000474                gpio_set_input_hysteresis_enabled
 .text.gpio_set_irq_enabled
                0x1000049c       0x54 CMakeFiles/TEST_PICO_FREERTOS.dir/opt/pico-sdk/src/rp2_common/hardware_gpio/gpio.c.obj
                0x1000049c                gpio_set_irq_enabled
 .text.gpio_add_raw_irq_handler_with_order_priority_masked
                0x100004f0       0x44 CMakeFiles/TEST_PICO_FREERTOS.dir/opt/pico-sdk/src/rp2_common/hardware_gpio/gpio.c.obj
                0x100004f0                gpio_add_raw_irq_handler_with_order_priority_masked
 .text.gpio_remove_raw_irq_handler_masked
                0x10000534       0x20 CMakeFiles/TEST_PICO_FREERTOS.dir/opt/pico-sdk/src/rp2_common/hardware_gpio/gpio.c.obj
                0x10000534                gpio_remove_raw_irq_handler_masked
 .text.gpio_init
                0x10000554       0x3c CMakeFiles/TEST_PICO_FREERTOS.dir/opt/pico-sdk/src/rp2_common/hardware_gpio/gpio.c.obj
                0x10000554                gpio_init
 .text.running_on_fpga
                0x10000590       0x10 CMakeFiles/TEST_PICO_FREERTOS.dir/opt/pico-sdk/src/rp2_common/pico_platform/platform.c.obj
                0x10000590                running_on_fpga
 .text.hw_claim_lock
                0x100005a0       0x18 CMakeFiles/TEST_PICO_FREERTOS.dir/opt/pico-sdk/src/rp2_common/hardware_claim/claim.c.obj
                0x100005a0                hw_claim_lock
 .text.hw_claim_unlock
                0x100005b8       0x14 CMakeFiles/TEST_PICO_FREERTOS.dir/opt/pico-sdk/src/rp2_common/hardware_claim/claim.c.obj
                0x100005b8                hw_claim_unlock
 .text.hw_claim_or_assert
                0x100005cc       0x44 CMakeFiles/TEST_PICO_FREERTOS.dir/opt/pico-sdk/src/rp2_common/hardware_claim/claim.c.obj
                0x100005cc                hw_claim_or_assert
 .text.hw_claim_unused_from_range
                0x10000610       0x88 CMakeFiles/TEST_PICO_FREERTOS.dir/opt/pico-sdk/src/rp2_common/hardware_claim/claim.c.obj
                0x10000610                hw_claim_unused_from_range
 .text.hw_claim_clear
                0x10000698       0x38 CMakeFiles/TEST_PICO_FREERTOS.dir/opt/pico-sdk/src/rp2_common/hardware_claim/claim.c.obj
                0x10000698                hw_claim_clear
 .text.spin_locks_reset
                0x100006d0       0x1c CMakeFiles/TEST_PICO_FREERTOS.dir/opt/pico-sdk/src/rp2_common/hardware_sync/sync.c.obj
                0x100006d0                spin_locks_reset
 .text.next_striped_spin_lock_num
                0x100006ec       0x18 CMakeFiles/TEST_PICO_FREERTOS.dir/opt/pico-sdk/src/rp2_common/hardware_sync/sync.c.obj
                0x100006ec                next_striped_spin_lock_num
 .text.spin_lock_claim_unused
                0x10000704       0x24 CMakeFiles/TEST_PICO_FREERTOS.dir/opt/pico-sdk/src/rp2_common/hardware_sync/sync.c.obj
                0x10000704                spin_lock_claim_unused
 .text.irq_set_enabled
                0x10000728       0x24 CMakeFiles/TEST_PICO_FREERTOS.dir/opt/pico-sdk/src/rp2_common/hardware_irq/irq.c.obj
                0x10000728                irq_set_enabled
 .text.irq_set_pending
                0x1000074c       0x10 CMakeFiles/TEST_PICO_FREERTOS.dir/opt/pico-sdk/src/rp2_common/hardware_irq/irq.c.obj
                0x1000074c                irq_set_pending
 .text.irq_has_shared_handler
                0x1000075c       0x2c CMakeFiles/TEST_PICO_FREERTOS.dir/opt/pico-sdk/src/rp2_common/hardware_irq/irq.c.obj
                0x1000075c                irq_has_shared_handler
 .text.irq_get_vtable_handler
                0x10000788       0x10 CMakeFiles/TEST_PICO_FREERTOS.dir/opt/pico-sdk/src/rp2_common/hardware_irq/irq.c.obj
                0x10000788                irq_get_vtable_handler
 .text.irq_set_exclusive_handler
                0x10000798       0x54 CMakeFiles/TEST_PICO_FREERTOS.dir/opt/pico-sdk/src/rp2_common/hardware_irq/irq.c.obj
                0x10000798                irq_set_exclusive_handler
 .text.irq_add_shared_handler
                0x100007ec      0x1f4 CMakeFiles/TEST_PICO_FREERTOS.dir/opt/pico-sdk/src/rp2_common/hardware_irq/irq.c.obj
                0x100007ec                irq_add_shared_handler
 .text.irq_remove_handler
                0x100009e0      0x1bc CMakeFiles/TEST_PICO_FREERTOS.dir/opt/pico-sdk/src/rp2_common/hardware_irq/irq.c.obj
                0x100009e0                irq_remove_handler
 .text.irq_set_priority
                0x10000b9c       0x28 CMakeFiles/TEST_PICO_FREERTOS.dir/opt/pico-sdk/src/rp2_common/hardware_irq/irq.c.obj
                0x10000b9c                irq_set_priority
 .text.irq_add_tail_to_free_list
                0x10000bc4       0xb4 CMakeFiles/TEST_PICO_FREERTOS.dir/opt/pico-sdk/src/rp2_common/hardware_irq/irq.c.obj
                0x10000bc4                irq_add_tail_to_free_list
 .text.irq_init_priorities
                0x10000c78       0x24 CMakeFiles/TEST_PICO_FREERTOS.dir/opt/pico-sdk/src/rp2_common/hardware_irq/irq.c.obj
                0x10000c78                irq_init_priorities
 .text.user_irq_unclaim
                0x10000c9c       0x14 CMakeFiles/TEST_PICO_FREERTOS.dir/opt/pico-sdk/src/rp2_common/hardware_irq/irq.c.obj
                0x10000c9c                user_irq_unclaim
 .text.user_irq_claim_unused
                0x10000cb0       0x2c CMakeFiles/TEST_PICO_FREERTOS.dir/opt/pico-sdk/src/rp2_common/hardware_irq/irq.c.obj
                0x10000cb0                user_irq_claim_unused
 .text.sem_init
                0x10000cdc       0x20 CMakeFiles/TEST_PICO_FREERTOS.dir/opt/pico-sdk/src/common/pico_sync/sem.c.obj
                0x10000cdc                sem_init
 .text.lock_init
                0x10000cfc       0x10 CMakeFiles/TEST_PICO_FREERTOS.dir/opt/pico-sdk/src/common/pico_sync/lock_core.c.obj
                0x10000cfc                lock_init
 .text.mutex_init
                0x10000d0c       0x1c CMakeFiles/TEST_PICO_FREERTOS.dir/opt/pico-sdk/src/common/pico_sync/mutex.c.obj
                0x10000d0c                mutex_init
 .text.recursive_mutex_init
                0x10000d28       0x20 CMakeFiles/TEST_PICO_FREERTOS.dir/opt/pico-sdk/src/common/pico_sync/mutex.c.obj
                0x10000d28                recursive_mutex_init
 .text.critical_section_init
                0x10000d48       0x1c CMakeFiles/TEST_PICO_FREERTOS.dir/opt/pico-sdk/src/common/pico_sync/critical_section.c.obj
                0x10000d48                critical_section_init
 .text.critical_section_init_with_lock_num
                0x10000d64       0x14 CMakeFiles/TEST_PICO_FREERTOS.dir/opt/pico-sdk/src/common/pico_sync/critical_section.c.obj
                0x10000d64                critical_section_init_with_lock_num
 .text.timer_pool_entry_comparator
                0x10000d78       0x34 CMakeFiles/TEST_PICO_FREERTOS.dir/opt/pico-sdk/src/common/pico_time/time.c.obj
                0x10000d78                timer_pool_entry_comparator
 .text.sleep_until_callback
                0x10000dac       0x24 CMakeFiles/TEST_PICO_FREERTOS.dir/opt/pico-sdk/src/common/pico_time/time.c.obj
 .text.add_alarm_under_lock.isra.0
                0x10000dd0      0x100 CMakeFiles/TEST_PICO_FREERTOS.dir/opt/pico-sdk/src/common/pico_time/time.c.obj
 .text.alarm_pool_alarm_callback
                0x10000ed0      0x1a8 CMakeFiles/TEST_PICO_FREERTOS.dir/opt/pico-sdk/src/common/pico_time/time.c.obj
 .text.alarm_pool_init_default
                0x10001078       0x6c CMakeFiles/TEST_PICO_FREERTOS.dir/opt/pico-sdk/src/common/pico_time/time.c.obj
                0x10001078                alarm_pool_init_default
 .text.alarm_pool_get_default
                0x100010e4        0x8 CMakeFiles/TEST_PICO_FREERTOS.dir/opt/pico-sdk/src/common/pico_time/time.c.obj
                0x100010e4                alarm_pool_get_default
 .text.alarm_pool_create_with_unused_hardware_alarm
                0x100010ec       0x74 CMakeFiles/TEST_PICO_FREERTOS.dir/opt/pico-sdk/src/common/pico_time/time.c.obj
                0x100010ec                alarm_pool_create_with_unused_hardware_alarm
 .text.alarm_pool_destroy
                0x10001160       0x44 CMakeFiles/TEST_PICO_FREERTOS.dir/opt/pico-sdk/src/common/pico_time/time.c.obj
                0x10001160                alarm_pool_destroy
 .text.alarm_pool_add_alarm_at
                0x100011a4      0x174 CMakeFiles/TEST_PICO_FREERTOS.dir/opt/pico-sdk/src/common/pico_time/time.c.obj
                0x100011a4                alarm_pool_add_alarm_at
 .text.alarm_pool_add_alarm_at_force_in_context
                0x10001318      0x114 CMakeFiles/TEST_PICO_FREERTOS.dir/opt/pico-sdk/src/common/pico_time/time.c.obj
                0x10001318                alarm_pool_add_alarm_at_force_in_context
 .text.alarm_pool_cancel_alarm
                0x1000142c       0x70 CMakeFiles/TEST_PICO_FREERTOS.dir/opt/pico-sdk/src/common/pico_time/time.c.obj
                0x1000142c                alarm_pool_cancel_alarm
 .text.alarm_pool_core_num
                0x1000149c        0x4 CMakeFiles/TEST_PICO_FREERTOS.dir/opt/pico-sdk/src/common/pico_time/time.c.obj
                0x1000149c                alarm_pool_core_num
 .text.sleep_until
                0x100014a0       0xbc CMakeFiles/TEST_PICO_FREERTOS.dir/opt/pico-sdk/src/common/pico_time/time.c.obj
                0x100014a0                sleep_until
 .text.sleep_ms
                0x1000155c       0xec CMakeFiles/TEST_PICO_FREERTOS.dir/opt/pico-sdk/src/common/pico_time/time.c.obj
                0x1000155c                sleep_ms
 .text.best_effort_wfe_or_timeout
                0x10001648       0xe0 CMakeFiles/TEST_PICO_FREERTOS.dir/opt/pico-sdk/src/common/pico_time/time.c.obj
                0x10001648                best_effort_wfe_or_timeout
 .text.hardware_alarm_irq_handler
                0x10001728       0xbc CMakeFiles/TEST_PICO_FREERTOS.dir/opt/pico-sdk/src/rp2_common/hardware_timer/timer.c.obj
 .text.hardware_alarm_claim
                0x100017e4       0x18 CMakeFiles/TEST_PICO_FREERTOS.dir/opt/pico-sdk/src/rp2_common/hardware_timer/timer.c.obj
                0x100017e4                hardware_alarm_claim
 .text.hardware_alarm_unclaim
                0x100017fc       0x14 CMakeFiles/TEST_PICO_FREERTOS.dir/opt/pico-sdk/src/rp2_common/hardware_timer/timer.c.obj
                0x100017fc                hardware_alarm_unclaim
 .text.hardware_alarm_claim_unused
                0x10001810       0x24 CMakeFiles/TEST_PICO_FREERTOS.dir/opt/pico-sdk/src/rp2_common/hardware_timer/timer.c.obj
                0x10001810                hardware_alarm_claim_unused
 .text.time_us_64
                0x10001834       0x14 CMakeFiles/TEST_PICO_FREERTOS.dir/opt/pico-sdk/src/rp2_common/hardware_timer/timer.c.obj
                0x10001834                time_us_64
 .text.busy_wait_us
                0x10001848       0x68 CMakeFiles/TEST_PICO_FREERTOS.dir/opt/pico-sdk/src/rp2_common/hardware_timer/timer.c.obj
                0x10001848                busy_wait_us
 .text.busy_wait_until
                0x100018b0       0x20 CMakeFiles/TEST_PICO_FREERTOS.dir/opt/pico-sdk/src/rp2_common/hardware_timer/timer.c.obj
                0x100018b0                busy_wait_until
 .text.hardware_alarm_set_callback
                0x100018d0       0x8c CMakeFiles/TEST_PICO_FREERTOS.dir/opt/pico-sdk/src/rp2_common/hardware_timer/timer.c.obj
                0x100018d0                hardware_alarm_set_callback
 .text.hardware_alarm_set_target
                0x1000195c       0xd0 CMakeFiles/TEST_PICO_FREERTOS.dir/opt/pico-sdk/src/rp2_common/hardware_timer/timer.c.obj
                0x1000195c                hardware_alarm_set_target
 .text.hardware_alarm_cancel
                0x10001a2c       0x3c CMakeFiles/TEST_PICO_FREERTOS.dir/opt/pico-sdk/src/rp2_common/hardware_timer/timer.c.obj
                0x10001a2c                hardware_alarm_cancel
 .text.hardware_alarm_force_irq
                0x10001a68       0x3c CMakeFiles/TEST_PICO_FREERTOS.dir/opt/pico-sdk/src/rp2_common/hardware_timer/timer.c.obj
                0x10001a68                hardware_alarm_force_irq
 .text.ph_merge_nodes
                0x10001aa4       0x50 CMakeFiles/TEST_PICO_FREERTOS.dir/opt/pico-sdk/src/common/pico_util/pheap.c.obj
 .text.ph_create
                0x10001af4       0x60 CMakeFiles/TEST_PICO_FREERTOS.dir/opt/pico-sdk/src/common/pico_util/pheap.c.obj
                0x10001af4                ph_create
 .text.ph_post_alloc_init
                0x10001b54       0x3c CMakeFiles/TEST_PICO_FREERTOS.dir/opt/pico-sdk/src/common/pico_util/pheap.c.obj
                0x10001b54                ph_post_alloc_init
 .text.ph_destroy
                0x10001b90       0x14 CMakeFiles/TEST_PICO_FREERTOS.dir/opt/pico-sdk/src/common/pico_util/pheap.c.obj
                0x10001b90                ph_destroy
 .text.ph_merge_two_pass
                0x10001ba4       0x88 CMakeFiles/TEST_PICO_FREERTOS.dir/opt/pico-sdk/src/common/pico_util/pheap.c.obj
                0x10001ba4                ph_merge_two_pass
 .text.ph_remove_any_head
                0x10001c2c      0x124 CMakeFiles/TEST_PICO_FREERTOS.dir/opt/pico-sdk/src/common/pico_util/pheap.c.obj
 .text.ph_remove_head
                0x10001d50      0x128 CMakeFiles/TEST_PICO_FREERTOS.dir/opt/pico-sdk/src/common/pico_util/pheap.c.obj
                0x10001d50                ph_remove_head
 .text.ph_remove_and_free_node
                0x10001e78       0x78 CMakeFiles/TEST_PICO_FREERTOS.dir/opt/pico-sdk/src/common/pico_util/pheap.c.obj
                0x10001e78                ph_remove_and_free_node
 .text.clocks_init
                0x10001ef0      0x2c8 CMakeFiles/TEST_PICO_FREERTOS.dir/opt/pico-sdk/src/rp2_common/hardware_clocks/clocks.c.obj
                0x10001ef0                clocks_init
 .text.clock_get_hz
                0x100021b8        0xc CMakeFiles/TEST_PICO_FREERTOS.dir/opt/pico-sdk/src/rp2_common/hardware_clocks/clocks.c.obj
                0x100021b8                clock_get_hz
 .text.pll_init
                0x100021c4       0xa4 CMakeFiles/TEST_PICO_FREERTOS.dir/opt/pico-sdk/src/rp2_common/hardware_pll/pll.c.obj
                0x100021c4                pll_init
 .text.watchdog_start_tick
                0x10002268       0x10 CMakeFiles/TEST_PICO_FREERTOS.dir/opt/pico-sdk/src/rp2_common/hardware_watchdog/watchdog.c.obj
                0x10002268                watchdog_start_tick
 .text.watchdog_reboot
                0x10002278       0x9c CMakeFiles/TEST_PICO_FREERTOS.dir/opt/pico-sdk/src/rp2_common/hardware_watchdog/watchdog.c.obj
                0x10002278                watchdog_reboot
 .text.xosc_init
                0x10002314       0x28 CMakeFiles/TEST_PICO_FREERTOS.dir/opt/pico-sdk/src/rp2_common/hardware_xosc/xosc.c.obj
                0x10002314                xosc_init
 .text.runtime_init
                0x1000233c       0xf0 CMakeFiles/TEST_PICO_FREERTOS.dir/opt/pico-sdk/src/rp2_common/pico_runtime/runtime.c.obj
                0x1000233c                runtime_init
 .text._exit    0x1000242c        0x4 CMakeFiles/TEST_PICO_FREERTOS.dir/opt/pico-sdk/src/rp2_common/pico_runtime/runtime.c.obj
                0x1000242c                _exit
 .text._sbrk    0x10002430       0x34 CMakeFiles/TEST_PICO_FREERTOS.dir/opt/pico-sdk/src/rp2_common/pico_runtime/runtime.c.obj
                0x10002430                _sbrk
 .text.exit     0x10002464        0x8 CMakeFiles/TEST_PICO_FREERTOS.dir/opt/pico-sdk/src/rp2_common/pico_runtime/runtime.c.obj
                0x10002464                exit
 .text.panic    0x1000246c       0x30 CMakeFiles/TEST_PICO_FREERTOS.dir/opt/pico-sdk/src/rp2_common/pico_runtime/runtime.c.obj
                0x1000246c                panic
 .text.panic_unsupported
                0x1000249c        0xc CMakeFiles/TEST_PICO_FREERTOS.dir/opt/pico-sdk/src/rp2_common/pico_runtime/runtime.c.obj
                0x1000249c                panic_unsupported
 .text.hard_assertion_failure
                0x100024a8        0xc CMakeFiles/TEST_PICO_FREERTOS.dir/opt/pico-sdk/src/rp2_common/pico_runtime/runtime.c.obj
                0x100024a8                hard_assertion_failure
 .text._out_null
                0x100024b4        0x4 CMakeFiles/TEST_PICO_FREERTOS.dir/opt/pico-sdk/src/rp2_common/pico_printf/printf.c.obj
 .text._out_rev
                0x100024b8       0xac CMakeFiles/TEST_PICO_FREERTOS.dir/opt/pico-sdk/src/rp2_common/pico_printf/printf.c.obj
 .text._ntoa_format
                0x10002564      0x1cc CMakeFiles/TEST_PICO_FREERTOS.dir/opt/pico-sdk/src/rp2_common/pico_printf/printf.c.obj
 .text._out_char
                0x10002730       0x10 CMakeFiles/TEST_PICO_FREERTOS.dir/opt/pico-sdk/src/rp2_common/pico_printf/printf.c.obj
 .text._out_fct
                0x10002740       0x10 CMakeFiles/TEST_PICO_FREERTOS.dir/opt/pico-sdk/src/rp2_common/pico_printf/printf.c.obj
 .text._ftoa    0x10002750      0x4a8 CMakeFiles/TEST_PICO_FREERTOS.dir/opt/pico-sdk/src/rp2_common/pico_printf/printf.c.obj
 .text._etoa    0x10002bf8      0x57c CMakeFiles/TEST_PICO_FREERTOS.dir/opt/pico-sdk/src/rp2_common/pico_printf/printf.c.obj
 .text._vsnprintf
                0x10003174      0xbe0 CMakeFiles/TEST_PICO_FREERTOS.dir/opt/pico-sdk/src/rp2_common/pico_printf/printf.c.obj
 .text.vfctprintf
                0x10003d54       0x24 CMakeFiles/TEST_PICO_FREERTOS.dir/opt/pico-sdk/src/rp2_common/pico_printf/printf.c.obj
                0x10003d54                vfctprintf
 .text.weak_raw_vprintf
                0x10003d78       0x30 CMakeFiles/TEST_PICO_FREERTOS.dir/opt/pico-sdk/src/rp2_common/pico_printf/printf.c.obj
                0x10003d78                weak_raw_vprintf
 .text          0x10003da8       0x10 CMakeFiles/TEST_PICO_FREERTOS.dir/opt/pico-sdk/src/rp2_common/pico_bit_ops/bit_ops_aeabi.S.obj
 .text.ctzsi    0x10003db8        0xc CMakeFiles/TEST_PICO_FREERTOS.dir/opt/pico-sdk/src/rp2_common/pico_bit_ops/bit_ops_aeabi.S.obj
                0x10003db8                __wrap___ctzsi2
 .text.rom_func_lookup
                0x10003dc4       0x10 CMakeFiles/TEST_PICO_FREERTOS.dir/opt/pico-sdk/src/rp2_common/pico_bootrom/bootrom.c.obj
                0x10003dc4                rom_func_lookup
 .text.rom_data_lookup
                0x10003dd4       0x10 CMakeFiles/TEST_PICO_FREERTOS.dir/opt/pico-sdk/src/rp2_common/pico_bootrom/bootrom.c.obj
                0x10003dd4                rom_data_lookup
 .text.rom_funcs_lookup
                0x10003de4       0x44 CMakeFiles/TEST_PICO_FREERTOS.dir/opt/pico-sdk/src/rp2_common/pico_bootrom/bootrom.c.obj
                0x10003de4                rom_funcs_lookup
 .text.__wrap___aeabi_idiv
                0x10003e28       0x50 CMakeFiles/TEST_PICO_FREERTOS.dir/opt/pico-sdk/src/rp2_common/pico_divider/divider.S.obj
                0x10003e28                __wrap___aeabi_idivmod
                0x10003e28                divmod_s32s32
                0x10003e28                div_s32s32
                0x10003e28                __wrap___aeabi_idiv
                0x10003e30                divmod_s32s32_unsafe
                0x10003e5c                divmod_s32s32_savestate
 .text.__wrap___aeabi_uidiv
                0x10003e78       0x4c CMakeFiles/TEST_PICO_FREERTOS.dir/opt/pico-sdk/src/rp2_common/pico_divider/divider.S.obj
                0x10003e78                __wrap___aeabi_uidiv
                0x10003e78                __wrap___aeabi_uidivmod
                0x10003e78                div_u32u32
                0x10003e78                divmod_u32u32
                0x10003e80                divmod_u32u32_unsafe
                0x10003ea8                divmod_u32u32_savestate
 .text.__wrap___aeabi_ldiv
                0x10003ec4      0x424 CMakeFiles/TEST_PICO_FREERTOS.dir/opt/pico-sdk/src/rp2_common/pico_divider/divider.S.obj
                0x10003ec4                div_s64s64
                0x10003ec4                divmod_s64s64
                0x10003ec4                __wrap___aeabi_ldivmod
                0x10003ef4                div_u64u64
                0x10003ef4                divmod_u64u64
                0x10003ef4                __wrap___aeabi_uldivmod
                0x10003f04                divmod_u64u64_savestate
                0x10003f24                divmod_s64s64_unsafe
                0x10003fac                divmod_u64u64_unsafe
 .text.__wrap___aeabi_darithmetic
                0x100042e8       0x60 CMakeFiles/TEST_PICO_FREERTOS.dir/opt/pico-sdk/src/rp2_common/pico_double/double_aeabi.S.obj
                0x100042e8                __wrap___aeabi_drsub
                0x100042ee                __wrap___aeabi_dsub
                0x100042f8                __wrap___aeabi_dadd
                0x10004302                __wrap___aeabi_ddiv
                0x10004336                __wrap___aeabi_dmul
 .text.__wrap___aeabi_cdcmple
                0x10004348       0x6c CMakeFiles/TEST_PICO_FREERTOS.dir/opt/pico-sdk/src/rp2_common/pico_double/double_aeabi.S.obj
                0x10004348                __wrap___aeabi_cdrcmple
                0x10004358                __wrap___aeabi_cdcmple
                0x10004358                __wrap___aeabi_cdcmpeq
 .text.__wrap___aeabi_dcmplt
                0x100043b4        0xc CMakeFiles/TEST_PICO_FREERTOS.dir/opt/pico-sdk/src/rp2_common/pico_double/double_aeabi.S.obj
                0x100043b4                __wrap___aeabi_dcmplt
 .text.__wrap___aeabi_dcmple
                0x100043c0       0x10 CMakeFiles/TEST_PICO_FREERTOS.dir/opt/pico-sdk/src/rp2_common/pico_double/double_aeabi.S.obj
                0x100043c0                __wrap___aeabi_dcmple
 .text.__wrap___aeabi_dcmpge
                0x100043d0       0x10 CMakeFiles/TEST_PICO_FREERTOS.dir/opt/pico-sdk/src/rp2_common/pico_double/double_aeabi.S.obj
                0x100043d0                __wrap___aeabi_dcmpge
 .text.__wrap___aeabi_dcmpgt
                0x100043e0        0xa CMakeFiles/TEST_PICO_FREERTOS.dir/opt/pico-sdk/src/rp2_common/pico_double/double_aeabi.S.obj
                0x100043e0                __wrap___aeabi_dcmpgt
 .text.__wrap___aeabi_dcmpun
                0x100043ea       0x1c CMakeFiles/TEST_PICO_FREERTOS.dir/opt/pico-sdk/src/rp2_common/pico_double/double_aeabi.S.obj
                0x100043ea                __wrap___aeabi_dcmpun
 *fill*         0x10004406        0x2 
 .text.__wrap___aeabi_i2d
                0x10004408       0x38 CMakeFiles/TEST_PICO_FREERTOS.dir/opt/pico-sdk/src/rp2_common/pico_double/double_aeabi.S.obj
                0x10004408                __wrap___aeabi_ui2d
                0x10004410                __wrap___aeabi_i2d
 .text.__wrap___aeabi_d2iz
                0x10004440       0x48 CMakeFiles/TEST_PICO_FREERTOS.dir/opt/pico-sdk/src/rp2_common/pico_double/double_aeabi.S.obj
                0x10004440                __wrap___aeabi_d2iz
                0x10004440                double2int_z
 .text.__wrap___aeabi_d2uiz
                0x10004488       0x10 CMakeFiles/TEST_PICO_FREERTOS.dir/opt/pico-sdk/src/rp2_common/pico_double/double_aeabi.S.obj
                0x10004488                double2uint
                0x10004488                __wrap___aeabi_d2uiz
 .text.missing_double_func_shim
                0x10004498        0xc CMakeFiles/TEST_PICO_FREERTOS.dir/opt/pico-sdk/src/rp2_common/pico_double/double_init_rom.c.obj
 .text.__aeabi_double_init
                0x100044a4       0x94 CMakeFiles/TEST_PICO_FREERTOS.dir/opt/pico-sdk/src/rp2_common/pico_double/double_init_rom.c.obj
                0x100044a4                __aeabi_double_init
 .text.double_table_shim_on_use_helper
                0x10004538       0x2c CMakeFiles/TEST_PICO_FREERTOS.dir/opt/pico-sdk/src/rp2_common/pico_double/double_v1_rom_shim.S.obj
                0x10004538                double_table_shim_on_use_helper
 .text.__aeabi_lmul
                0x10004564       0x32 CMakeFiles/TEST_PICO_FREERTOS.dir/opt/pico-sdk/src/rp2_common/pico_int64_ops/pico_int64_ops_aeabi.S.obj
                0x10004564                __wrap___aeabi_lmul
 *fill*         0x10004596        0x2 
 .text.missing_float_func_shim
                0x10004598        0xc CMakeFiles/TEST_PICO_FREERTOS.dir/opt/pico-sdk/src/rp2_common/pico_float/float_init_rom.c.obj
 .text.__aeabi_float_init
                0x100045a4       0x5c CMakeFiles/TEST_PICO_FREERTOS.dir/opt/pico-sdk/src/rp2_common/pico_float/float_init_rom.c.obj
                0x100045a4                __aeabi_float_init
 .text.__wrap_malloc
                0x10004600       0x3c CMakeFiles/TEST_PICO_FREERTOS.dir/opt/pico-sdk/src/rp2_common/pico_malloc/pico_malloc.c.obj
                0x10004600                __wrap_malloc
 .text.__wrap_calloc
                0x1000463c       0x40 CMakeFiles/TEST_PICO_FREERTOS.dir/opt/pico-sdk/src/rp2_common/pico_malloc/pico_malloc.c.obj
                0x1000463c                __wrap_calloc
 .text.__wrap_free
                0x1000467c       0x20 CMakeFiles/TEST_PICO_FREERTOS.dir/opt/pico-sdk/src/rp2_common/pico_malloc/pico_malloc.c.obj
                0x1000467c                __wrap_free
 .text          0x1000469c       0x10 CMakeFiles/TEST_PICO_FREERTOS.dir/opt/pico-sdk/src/rp2_common/pico_mem_ops/mem_ops_aeabi.S.obj
                0x1000469c                __aeabi_mem_init
 .text.memset   0x100046ac        0xc CMakeFiles/TEST_PICO_FREERTOS.dir/opt/pico-sdk/src/rp2_common/pico_mem_ops/mem_ops_aeabi.S.obj
                0x100046ac                __wrap_memset
 .text.memcpy   0x100046b8        0xc CMakeFiles/TEST_PICO_FREERTOS.dir/opt/pico-sdk/src/rp2_common/pico_mem_ops/mem_ops_aeabi.S.obj
                0x100046b8                __wrap___aeabi_memcpy
                0x100046b8                __wrap_memcpy
 .text.stdio_out_chars_crlf
                0x100046c4       0xb0 CMakeFiles/TEST_PICO_FREERTOS.dir/opt/pico-sdk/src/rp2_common/pico_stdio/stdio.c.obj
 .text.stdio_buffered_printer
                0x10004774       0x64 CMakeFiles/TEST_PICO_FREERTOS.dir/opt/pico-sdk/src/rp2_common/pico_stdio/stdio.c.obj
 .text.__wrap_putchar
                0x100047d8       0x94 CMakeFiles/TEST_PICO_FREERTOS.dir/opt/pico-sdk/src/rp2_common/pico_stdio/stdio.c.obj
                0x100047d8                __wrap_putchar
 .text.__wrap_puts
                0x1000486c       0xd4 CMakeFiles/TEST_PICO_FREERTOS.dir/opt/pico-sdk/src/rp2_common/pico_stdio/stdio.c.obj
                0x1000486c                __wrap_puts
 .text.stdio_set_driver_enabled
                0x10004940       0x30 CMakeFiles/TEST_PICO_FREERTOS.dir/opt/pico-sdk/src/rp2_common/pico_stdio/stdio.c.obj
                0x10004940                stdio_set_driver_enabled
 .text.__wrap_vprintf
                0x10004970       0xcc CMakeFiles/TEST_PICO_FREERTOS.dir/opt/pico-sdk/src/rp2_common/pico_stdio/stdio.c.obj
                0x10004970                __wrap_vprintf
 .text.__wrap_printf
                0x10004a3c       0x18 CMakeFiles/TEST_PICO_FREERTOS.dir/opt/pico-sdk/src/rp2_common/pico_stdio/stdio.c.obj
                0x10004a3c                __wrap_printf
 .text.stdio_init_all
                0x10004a54        0x8 CMakeFiles/TEST_PICO_FREERTOS.dir/opt/pico-sdk/src/rp2_common/pico_stdio/stdio.c.obj
                0x10004a54                stdio_init_all
 .text.getchar_timeout_us
                0x10004a5c       0x98 CMakeFiles/TEST_PICO_FREERTOS.dir/opt/pico-sdk/src/rp2_common/pico_stdio/stdio.c.obj
                0x10004a5c                getchar_timeout_us
 .text.resetd_init
                0x10004af4        0x4 CMakeFiles/TEST_PICO_FREERTOS.dir/opt/pico-sdk/src/rp2_common/pico_stdio_usb/reset_interface.c.obj
 .text.resetd_reset
                0x10004af8        0xc CMakeFiles/TEST_PICO_FREERTOS.dir/opt/pico-sdk/src/rp2_common/pico_stdio_usb/reset_interface.c.obj
 .text.resetd_open
                0x10004b04       0x28 CMakeFiles/TEST_PICO_FREERTOS.dir/opt/pico-sdk/src/rp2_common/pico_stdio_usb/reset_interface.c.obj
 .text.resetd_xfer_cb
                0x10004b2c        0x4 CMakeFiles/TEST_PICO_FREERTOS.dir/opt/pico-sdk/src/rp2_common/pico_stdio_usb/reset_interface.c.obj
 .text.resetd_control_xfer_cb
                0x10004b30       0x60 CMakeFiles/TEST_PICO_FREERTOS.dir/opt/pico-sdk/src/rp2_common/pico_stdio_usb/reset_interface.c.obj
 .text.usbd_app_driver_get_cb
                0x10004b90        0xc CMakeFiles/TEST_PICO_FREERTOS.dir/opt/pico-sdk/src/rp2_common/pico_stdio_usb/reset_interface.c.obj
                0x10004b90                usbd_app_driver_get_cb
 .text.tud_cdc_line_coding_cb
                0x10004b9c       0x34 CMakeFiles/TEST_PICO_FREERTOS.dir/opt/pico-sdk/src/rp2_common/pico_stdio_usb/reset_interface.c.obj
                0x10004b9c                tud_cdc_line_coding_cb
 .text.stdio_usb_set_chars_available_callback
                0x10004bd0       0x14 CMakeFiles/TEST_PICO_FREERTOS.dir/opt/pico-sdk/src/rp2_common/pico_stdio_usb/stdio_usb.c.obj
                0x10004bd0                stdio_usb_set_chars_available_callback
 .text.usb_irq  0x10004be4       0x10 CMakeFiles/TEST_PICO_FREERTOS.dir/opt/pico-sdk/src/rp2_common/pico_stdio_usb/stdio_usb.c.obj
 .text.timer_task
                0x10004bf4       0x54 CMakeFiles/TEST_PICO_FREERTOS.dir/opt/pico-sdk/src/rp2_common/pico_stdio_usb/stdio_usb.c.obj
 .text.stdio_usb_in_chars
                0x10004c48       0x8c CMakeFiles/TEST_PICO_FREERTOS.dir/opt/pico-sdk/src/rp2_common/pico_stdio_usb/stdio_usb.c.obj
                0x10004c48                stdio_usb_in_chars
 .text.stdio_usb_out_chars
                0x10004cd4      0x100 CMakeFiles/TEST_PICO_FREERTOS.dir/opt/pico-sdk/src/rp2_common/pico_stdio_usb/stdio_usb.c.obj
 .text.low_priority_worker_irq
                0x10004dd4       0xa4 CMakeFiles/TEST_PICO_FREERTOS.dir/opt/pico-sdk/src/rp2_common/pico_stdio_usb/stdio_usb.c.obj
 .text.tud_cdc_rx_cb
                0x10004e78       0x20 CMakeFiles/TEST_PICO_FREERTOS.dir/opt/pico-sdk/src/rp2_common/pico_stdio_usb/stdio_usb.c.obj
                0x10004e78                tud_cdc_rx_cb
 .text.stdio_usb_init
                0x10004e98       0xdc CMakeFiles/TEST_PICO_FREERTOS.dir/opt/pico-sdk/src/rp2_common/pico_stdio_usb/stdio_usb.c.obj
                0x10004e98                stdio_usb_init
 .text.tud_descriptor_device_cb
                0x10004f74        0x8 CMakeFiles/TEST_PICO_FREERTOS.dir/opt/pico-sdk/src/rp2_common/pico_stdio_usb/stdio_usb_descriptors.c.obj
                0x10004f74                tud_descriptor_device_cb
 .text.tud_descriptor_configuration_cb
                0x10004f7c        0x8 CMakeFiles/TEST_PICO_FREERTOS.dir/opt/pico-sdk/src/rp2_common/pico_stdio_usb/stdio_usb_descriptors.c.obj
                0x10004f7c                tud_descriptor_configuration_cb
 .text.tud_descriptor_string_cb
                0x10004f84       0x78 CMakeFiles/TEST_PICO_FREERTOS.dir/opt/pico-sdk/src/rp2_common/pico_stdio_usb/stdio_usb_descriptors.c.obj
                0x10004f84                tud_descriptor_string_cb
 .text.startup._retrieve_unique_id_on_boot
                0x10004ffc       0x10 CMakeFiles/TEST_PICO_FREERTOS.dir/opt/pico-sdk/src/rp2_common/pico_unique_id/unique_id.c.obj
 .text.pico_get_unique_board_id
                0x1000500c       0x10 CMakeFiles/TEST_PICO_FREERTOS.dir/opt/pico-sdk/src/rp2_common/pico_unique_id/unique_id.c.obj
                0x1000500c                pico_get_unique_board_id
 .text.pico_get_unique_board_id_string
                0x1000501c      0x1a8 CMakeFiles/TEST_PICO_FREERTOS.dir/opt/pico-sdk/src/rp2_common/pico_unique_id/unique_id.c.obj
                0x1000501c                pico_get_unique_board_id_string
 .text.flash_get_unique_id
                0x100051c4       0x3c CMakeFiles/TEST_PICO_FREERTOS.dir/opt/pico-sdk/src/rp2_common/hardware_flash/flash.c.obj
                0x100051c4                flash_get_unique_id
 .text.dcd_int_enable
                0x10005200        0xc CMakeFiles/TEST_PICO_FREERTOS.dir/opt/pico-sdk/lib/tinyusb/src/portable/raspberrypi/rp2040/dcd_rp2040.c.obj
                0x10005200                dcd_int_enable
 .text.dcd_set_address
                0x1000520c       0x14 CMakeFiles/TEST_PICO_FREERTOS.dir/opt/pico-sdk/lib/tinyusb/src/portable/raspberrypi/rp2040/dcd_rp2040.c.obj
                0x1000520c                dcd_set_address
 .text.dcd_connect
                0x10005220       0x10 CMakeFiles/TEST_PICO_FREERTOS.dir/opt/pico-sdk/lib/tinyusb/src/portable/raspberrypi/rp2040/dcd_rp2040.c.obj
                0x10005220                dcd_connect
 .text.dcd_init
                0x10005230       0x98 CMakeFiles/TEST_PICO_FREERTOS.dir/opt/pico-sdk/lib/tinyusb/src/portable/raspberrypi/rp2040/dcd_rp2040.c.obj
                0x10005230                dcd_init
 .text.dcd_edpt0_status_complete
                0x100052c8       0x1c CMakeFiles/TEST_PICO_FREERTOS.dir/opt/pico-sdk/lib/tinyusb/src/portable/raspberrypi/rp2040/dcd_rp2040.c.obj
                0x100052c8                dcd_edpt0_status_complete
 .text.dcd_edpt_open
                0x100052e4      0x108 CMakeFiles/TEST_PICO_FREERTOS.dir/opt/pico-sdk/lib/tinyusb/src/portable/raspberrypi/rp2040/dcd_rp2040.c.obj
                0x100052e4                dcd_edpt_open
 .text.dcd_edpt_close_all
                0x100053ec        0x8 CMakeFiles/TEST_PICO_FREERTOS.dir/opt/pico-sdk/lib/tinyusb/src/portable/raspberrypi/rp2040/dcd_rp2040.c.obj
                0x100053ec                dcd_edpt_close_all
 .text.dcd_edpt_xfer
                0x100053f4       0x24 CMakeFiles/TEST_PICO_FREERTOS.dir/opt/pico-sdk/lib/tinyusb/src/portable/raspberrypi/rp2040/dcd_rp2040.c.obj
                0x100053f4                dcd_edpt_xfer
 .text.dcd_edpt_stall
                0x10005418       0x3c CMakeFiles/TEST_PICO_FREERTOS.dir/opt/pico-sdk/lib/tinyusb/src/portable/raspberrypi/rp2040/dcd_rp2040.c.obj
                0x10005418                dcd_edpt_stall
 .text.dcd_edpt_clear_stall
                0x10005454       0x30 CMakeFiles/TEST_PICO_FREERTOS.dir/opt/pico-sdk/lib/tinyusb/src/portable/raspberrypi/rp2040/dcd_rp2040.c.obj
                0x10005454                dcd_edpt_clear_stall
 .text.rp2040_usb_init
                0x10005484       0x4c CMakeFiles/TEST_PICO_FREERTOS.dir/opt/pico-sdk/lib/tinyusb/src/portable/raspberrypi/rp2040/rp2040_usb.c.obj
                0x10005484                rp2040_usb_init
 .text.hw_endpoint_xfer_start
                0x100054d0       0x40 CMakeFiles/TEST_PICO_FREERTOS.dir/opt/pico-sdk/lib/tinyusb/src/portable/raspberrypi/rp2040/rp2040_usb.c.obj
                0x100054d0                hw_endpoint_xfer_start
 .text.tud_mounted
                0x10005510       0x10 CMakeFiles/TEST_PICO_FREERTOS.dir/opt/pico-sdk/lib/tinyusb/src/device/usbd.c.obj
                0x10005510                tud_mounted
 .text.tud_suspended
                0x10005520       0x10 CMakeFiles/TEST_PICO_FREERTOS.dir/opt/pico-sdk/lib/tinyusb/src/device/usbd.c.obj
                0x10005520                tud_suspended
 .text.tud_inited
                0x10005530       0x14 CMakeFiles/TEST_PICO_FREERTOS.dir/opt/pico-sdk/lib/tinyusb/src/device/usbd.c.obj
                0x10005530                tud_inited
 .text.tud_init
                0x10005544       0xd4 CMakeFiles/TEST_PICO_FREERTOS.dir/opt/pico-sdk/lib/tinyusb/src/device/usbd.c.obj
                0x10005544                tud_init
 .text.tud_task_ext
                0x10005618      0x850 CMakeFiles/TEST_PICO_FREERTOS.dir/opt/pico-sdk/lib/tinyusb/src/device/usbd.c.obj
                0x10005618                tud_task_ext
 .text.usbd_open_edpt_pair
                0x10005e68       0x9c CMakeFiles/TEST_PICO_FREERTOS.dir/opt/pico-sdk/lib/tinyusb/src/device/usbd.c.obj
                0x10005e68                usbd_open_edpt_pair
 .text.usbd_defer_func
                0x10005f04       0x48 CMakeFiles/TEST_PICO_FREERTOS.dir/opt/pico-sdk/lib/tinyusb/src/device/usbd.c.obj
                0x10005f04                usbd_defer_func
 .text.usbd_edpt_open
                0x10005f4c       0x34 CMakeFiles/TEST_PICO_FREERTOS.dir/opt/pico-sdk/lib/tinyusb/src/device/usbd.c.obj
                0x10005f4c                usbd_edpt_open
 .text.usbd_edpt_claim
                0x10005f80       0x28 CMakeFiles/TEST_PICO_FREERTOS.dir/opt/pico-sdk/lib/tinyusb/src/device/usbd.c.obj
                0x10005f80                usbd_edpt_claim
 .text.usbd_edpt_release
                0x10005fa8       0x28 CMakeFiles/TEST_PICO_FREERTOS.dir/opt/pico-sdk/lib/tinyusb/src/device/usbd.c.obj
                0x10005fa8                usbd_edpt_release
 .text.usbd_edpt_xfer
                0x10005fd0       0x4c CMakeFiles/TEST_PICO_FREERTOS.dir/opt/pico-sdk/lib/tinyusb/src/device/usbd.c.obj
                0x10005fd0                usbd_edpt_xfer
 .text.tud_control_status
                0x1000601c       0x2c CMakeFiles/TEST_PICO_FREERTOS.dir/opt/pico-sdk/lib/tinyusb/src/device/usbd_control.c.obj
                0x1000601c                tud_control_status
 .text.tud_control_xfer
                0x10006048       0xa8 CMakeFiles/TEST_PICO_FREERTOS.dir/opt/pico-sdk/lib/tinyusb/src/device/usbd_control.c.obj
                0x10006048                tud_control_xfer
 .text.usbd_control_reset
                0x100060f0       0x14 CMakeFiles/TEST_PICO_FREERTOS.dir/opt/pico-sdk/lib/tinyusb/src/device/usbd_control.c.obj
                0x100060f0                usbd_control_reset
 .text.usbd_control_set_complete_callback
                0x10006104        0xc CMakeFiles/TEST_PICO_FREERTOS.dir/opt/pico-sdk/lib/tinyusb/src/device/usbd_control.c.obj
                0x10006104                usbd_control_set_complete_callback
 .text.usbd_control_set_request
                0x10006110       0x1c CMakeFiles/TEST_PICO_FREERTOS.dir/opt/pico-sdk/lib/tinyusb/src/device/usbd_control.c.obj
                0x10006110                usbd_control_set_request
 .text.usbd_control_xfer_cb
                0x1000612c       0xf4 CMakeFiles/TEST_PICO_FREERTOS.dir/opt/pico-sdk/lib/tinyusb/src/device/usbd_control.c.obj
                0x1000612c                usbd_control_xfer_cb
 .text.tud_cdc_n_connected
                0x10006220       0x30 CMakeFiles/TEST_PICO_FREERTOS.dir/opt/pico-sdk/lib/tinyusb/src/class/cdc/cdc_device.c.obj
                0x10006220                tud_cdc_n_connected
 .text.tud_cdc_n_available
                0x10006250       0x18 CMakeFiles/TEST_PICO_FREERTOS.dir/opt/pico-sdk/lib/tinyusb/src/class/cdc/cdc_device.c.obj
                0x10006250                tud_cdc_n_available
 .text.tud_cdc_n_read
                0x10006268       0x6c CMakeFiles/TEST_PICO_FREERTOS.dir/opt/pico-sdk/lib/tinyusb/src/class/cdc/cdc_device.c.obj
                0x10006268                tud_cdc_n_read
 .text.tud_cdc_n_write_flush
                0x100062d4       0x78 CMakeFiles/TEST_PICO_FREERTOS.dir/opt/pico-sdk/lib/tinyusb/src/class/cdc/cdc_device.c.obj
                0x100062d4                tud_cdc_n_write_flush
 .text.tud_cdc_n_write
                0x1000634c       0x34 CMakeFiles/TEST_PICO_FREERTOS.dir/opt/pico-sdk/lib/tinyusb/src/class/cdc/cdc_device.c.obj
                0x1000634c                tud_cdc_n_write
 .text.tud_cdc_n_write_available
                0x10006380       0x18 CMakeFiles/TEST_PICO_FREERTOS.dir/opt/pico-sdk/lib/tinyusb/src/class/cdc/cdc_device.c.obj
                0x10006380                tud_cdc_n_write_available
 .text.cdcd_init
                0x10006398       0x7c CMakeFiles/TEST_PICO_FREERTOS.dir/opt/pico-sdk/lib/tinyusb/src/class/cdc/cdc_device.c.obj
                0x10006398                cdcd_init
 .text.cdcd_reset
                0x10006414       0x2c CMakeFiles/TEST_PICO_FREERTOS.dir/opt/pico-sdk/lib/tinyusb/src/class/cdc/cdc_device.c.obj
                0x10006414                cdcd_reset
 .text.cdcd_open
                0x10006440       0xe4 CMakeFiles/TEST_PICO_FREERTOS.dir/opt/pico-sdk/lib/tinyusb/src/class/cdc/cdc_device.c.obj
                0x10006440                cdcd_open
 .text.cdcd_control_xfer_cb
                0x10006524       0xe4 CMakeFiles/TEST_PICO_FREERTOS.dir/opt/pico-sdk/lib/tinyusb/src/class/cdc/cdc_device.c.obj
                0x10006524                cdcd_control_xfer_cb
 .text.cdcd_xfer_cb
                0x10006608      0x13c CMakeFiles/TEST_PICO_FREERTOS.dir/opt/pico-sdk/lib/tinyusb/src/class/cdc/cdc_device.c.obj
                0x10006608                cdcd_xfer_cb
 .text.tusb_init
                0x10006744        0xc CMakeFiles/TEST_PICO_FREERTOS.dir/opt/pico-sdk/lib/tinyusb/src/tusb.c.obj
                0x10006744                tusb_init
 .text.tusb_inited
                0x10006750        0x8 CMakeFiles/TEST_PICO_FREERTOS.dir/opt/pico-sdk/lib/tinyusb/src/tusb.c.obj
                0x10006750                tusb_inited
 .text.tu_edpt_claim
                0x10006758       0x50 CMakeFiles/TEST_PICO_FREERTOS.dir/opt/pico-sdk/lib/tinyusb/src/tusb.c.obj
                0x10006758                tu_edpt_claim
 .text.tu_edpt_release
                0x100067a8       0x38 CMakeFiles/TEST_PICO_FREERTOS.dir/opt/pico-sdk/lib/tinyusb/src/tusb.c.obj
                0x100067a8                tu_edpt_release
 .text.tu_edpt_validate
                0x100067e0       0x7c CMakeFiles/TEST_PICO_FREERTOS.dir/opt/pico-sdk/lib/tinyusb/src/tusb.c.obj
                0x100067e0                tu_edpt_validate
 .text.tu_edpt_bind_driver
                0x1000685c       0x34 CMakeFiles/TEST_PICO_FREERTOS.dir/opt/pico-sdk/lib/tinyusb/src/tusb.c.obj
                0x1000685c                tu_edpt_bind_driver
 .text.tu_fifo_config
                0x10006890       0x6c CMakeFiles/TEST_PICO_FREERTOS.dir/opt/pico-sdk/lib/tinyusb/src/common/tusb_fifo.c.obj
                0x10006890                tu_fifo_config
 .text.tu_fifo_count
                0x100068fc       0x2c CMakeFiles/TEST_PICO_FREERTOS.dir/opt/pico-sdk/lib/tinyusb/src/common/tusb_fifo.c.obj
                0x100068fc                tu_fifo_count
 .text.tu_fifo_empty
                0x10006928       0x10 CMakeFiles/TEST_PICO_FREERTOS.dir/opt/pico-sdk/lib/tinyusb/src/common/tusb_fifo.c.obj
                0x10006928                tu_fifo_empty
 .text.tu_fifo_remaining
                0x10006938       0x2c CMakeFiles/TEST_PICO_FREERTOS.dir/opt/pico-sdk/lib/tinyusb/src/common/tusb_fifo.c.obj
                0x10006938                tu_fifo_remaining
 .text.tu_fifo_read
                0x10006964       0x9c CMakeFiles/TEST_PICO_FREERTOS.dir/opt/pico-sdk/lib/tinyusb/src/common/tusb_fifo.c.obj
                0x10006964                tu_fifo_read
 .text.tu_fifo_read_n
                0x10006a00       0xe8 CMakeFiles/TEST_PICO_FREERTOS.dir/opt/pico-sdk/lib/tinyusb/src/common/tusb_fifo.c.obj
                0x10006a00                tu_fifo_read_n
 .text.tu_fifo_write
                0x10006ae8       0xa4 CMakeFiles/TEST_PICO_FREERTOS.dir/opt/pico-sdk/lib/tinyusb/src/common/tusb_fifo.c.obj
                0x10006ae8                tu_fifo_write
 .text.tu_fifo_write_n
                0x10006b8c      0x178 CMakeFiles/TEST_PICO_FREERTOS.dir/opt/pico-sdk/lib/tinyusb/src/common/tusb_fifo.c.obj
                0x10006b8c                tu_fifo_write_n
 .text.tu_fifo_clear
                0x10006d04       0x40 CMakeFiles/TEST_PICO_FREERTOS.dir/opt/pico-sdk/lib/tinyusb/src/common/tusb_fifo.c.obj
                0x10006d04                tu_fifo_clear
 .text.tu_fifo_set_overwritable
                0x10006d44       0x48 CMakeFiles/TEST_PICO_FREERTOS.dir/opt/pico-sdk/lib/tinyusb/src/common/tusb_fifo.c.obj
                0x10006d44                tu_fifo_set_overwritable
 .text.lwip_timeout_reached
                0x10006d8c        0x8 CMakeFiles/TEST_PICO_FREERTOS.dir/opt/pico-sdk/src/rp2_common/pico_lwip/lwip_nosys.c.obj
 .text.update_next_timeout
                0x10006d94       0x5c CMakeFiles/TEST_PICO_FREERTOS.dir/opt/pico-sdk/src/rp2_common/pico_lwip/lwip_nosys.c.obj
 .text.lwip_nosys_init
                0x10006df0       0x30 CMakeFiles/TEST_PICO_FREERTOS.dir/opt/pico-sdk/src/rp2_common/pico_lwip/lwip_nosys.c.obj
                0x10006df0                lwip_nosys_init
 .text.lwip_nosys_deinit
                0x10006e20       0x20 CMakeFiles/TEST_PICO_FREERTOS.dir/opt/pico-sdk/src/rp2_common/pico_lwip/lwip_nosys.c.obj
                0x10006e20                lwip_nosys_deinit
 .text.sys_arch_protect
                0x10006e40        0x4 CMakeFiles/TEST_PICO_FREERTOS.dir/opt/pico-sdk/src/rp2_common/pico_lwip/lwip_nosys.c.obj
                0x10006e40                sys_arch_protect
 .text.sys_arch_unprotect
                0x10006e44        0x4 CMakeFiles/TEST_PICO_FREERTOS.dir/opt/pico-sdk/src/rp2_common/pico_lwip/lwip_nosys.c.obj
                0x10006e44                sys_arch_unprotect
 .text.sys_now  0x10006e48       0x20 CMakeFiles/TEST_PICO_FREERTOS.dir/opt/pico-sdk/src/rp2_common/pico_lwip/lwip_nosys.c.obj
                0x10006e48                sys_now
 .text.async_context_base_add_at_time_worker
                0x10006e68       0x28 CMakeFiles/TEST_PICO_FREERTOS.dir/opt/pico-sdk/src/rp2_common/pico_async_context/async_context_base.c.obj
                0x10006e68                async_context_base_add_at_time_worker
 .text.async_context_base_remove_at_time_worker
                0x10006e90       0x24 CMakeFiles/TEST_PICO_FREERTOS.dir/opt/pico-sdk/src/rp2_common/pico_async_context/async_context_base.c.obj
                0x10006e90                async_context_base_remove_at_time_worker
 .text.async_context_base_add_when_pending_worker
                0x10006eb4       0x24 CMakeFiles/TEST_PICO_FREERTOS.dir/opt/pico-sdk/src/rp2_common/pico_async_context/async_context_base.c.obj
                0x10006eb4                async_context_base_add_when_pending_worker
 .text.async_context_base_remove_when_pending_worker
                0x10006ed8       0x24 CMakeFiles/TEST_PICO_FREERTOS.dir/opt/pico-sdk/src/rp2_common/pico_async_context/async_context_base.c.obj
                0x10006ed8                async_context_base_remove_when_pending_worker
 .text.async_context_base_execute_once
                0x10006efc      0x108 CMakeFiles/TEST_PICO_FREERTOS.dir/opt/pico-sdk/src/rp2_common/pico_async_context/async_context_base.c.obj
                0x10006efc                async_context_base_execute_once
 .text.async_context_base_needs_servicing
                0x10007004       0x54 CMakeFiles/TEST_PICO_FREERTOS.dir/opt/pico-sdk/src/rp2_common/pico_async_context/async_context_base.c.obj
                0x10007004                async_context_base_needs_servicing
 .text.splitmix64
                0x10007058       0x58 CMakeFiles/TEST_PICO_FREERTOS.dir/opt/pico-sdk/src/rp2_common/pico_rand/rand.c.obj
 .text.xoroshiro128ss
                0x100070b0       0x90 CMakeFiles/TEST_PICO_FREERTOS.dir/opt/pico-sdk/src/rp2_common/pico_rand/rand.c.obj
 .text.get_rand_64
                0x10007140      0x488 CMakeFiles/TEST_PICO_FREERTOS.dir/opt/pico-sdk/src/rp2_common/pico_rand/rand.c.obj
                0x10007140                get_rand_64
 .text.get_rand_32
                0x100075c8        0x8 CMakeFiles/TEST_PICO_FREERTOS.dir/opt/pico-sdk/src/rp2_common/pico_rand/rand.c.obj
                0x100075c8                get_rand_32
 .text.lwip_init
                0x100075d0       0x24 CMakeFiles/TEST_PICO_FREERTOS.dir/opt/pico-sdk/lib/lwip/src/core/init.c.obj
                0x100075d0                lwip_init
 .text.lwip_htons
                0x100075f4        0x8 CMakeFiles/TEST_PICO_FREERTOS.dir/opt/pico-sdk/lib/lwip/src/core/def.c.obj
                0x100075f4                lwip_htons
 .text.lwip_htonl
                0x100075fc        0x4 CMakeFiles/TEST_PICO_FREERTOS.dir/opt/pico-sdk/lib/lwip/src/core/def.c.obj
                0x100075fc                lwip_htonl
 .text.dns_call_found
                0x10007600      0x184 CMakeFiles/TEST_PICO_FREERTOS.dir/opt/pico-sdk/lib/lwip/src/core/dns.c.obj
 .text.dns_send.isra.0
                0x10007784      0x174 CMakeFiles/TEST_PICO_FREERTOS.dir/opt/pico-sdk/lib/lwip/src/core/dns.c.obj
 .text.dns_init
                0x100078f8        0x4 CMakeFiles/TEST_PICO_FREERTOS.dir/opt/pico-sdk/lib/lwip/src/core/dns.c.obj
                0x100078f8                dns_init
 .text.dns_setserver
                0x100078fc       0x24 CMakeFiles/TEST_PICO_FREERTOS.dir/opt/pico-sdk/lib/lwip/src/core/dns.c.obj
                0x100078fc                dns_setserver
 .text.dns_tmr  0x10007920      0x130 CMakeFiles/TEST_PICO_FREERTOS.dir/opt/pico-sdk/lib/lwip/src/core/dns.c.obj
                0x10007920                dns_tmr
 .text.lwip_standard_chksum
                0x10007a50       0xf4 CMakeFiles/TEST_PICO_FREERTOS.dir/opt/pico-sdk/lib/lwip/src/core/inet_chksum.c.obj
                0x10007a50                lwip_standard_chksum
 .text.inet_chksum_pseudo
                0x10007b44       0xbc CMakeFiles/TEST_PICO_FREERTOS.dir/opt/pico-sdk/lib/lwip/src/core/inet_chksum.c.obj
                0x10007b44                inet_chksum_pseudo
 .text.ip_chksum_pseudo
                0x10007c00       0x10 CMakeFiles/TEST_PICO_FREERTOS.dir/opt/pico-sdk/lib/lwip/src/core/inet_chksum.c.obj
                0x10007c00                ip_chksum_pseudo
 .text.inet_chksum
                0x10007c10        0xc CMakeFiles/TEST_PICO_FREERTOS.dir/opt/pico-sdk/lib/lwip/src/core/inet_chksum.c.obj
                0x10007c10                inet_chksum
 .text.mem_init
                0x10007c1c       0x3c CMakeFiles/TEST_PICO_FREERTOS.dir/opt/pico-sdk/lib/lwip/src/core/mem.c.obj
                0x10007c1c                mem_init
 .text.mem_free
                0x10007c58      0x13c CMakeFiles/TEST_PICO_FREERTOS.dir/opt/pico-sdk/lib/lwip/src/core/mem.c.obj
                0x10007c58                mem_free
 .text.mem_trim
                0x10007d94      0x104 CMakeFiles/TEST_PICO_FREERTOS.dir/opt/pico-sdk/lib/lwip/src/core/mem.c.obj
                0x10007d94                mem_trim
 .text.mem_malloc
                0x10007e98      0x130 CMakeFiles/TEST_PICO_FREERTOS.dir/opt/pico-sdk/lib/lwip/src/core/mem.c.obj
                0x10007e98                mem_malloc
 .text.memp_init
                0x10007fc8       0x6c CMakeFiles/TEST_PICO_FREERTOS.dir/opt/pico-sdk/lib/lwip/src/core/memp.c.obj
                0x10007fc8                memp_init
 .text.memp_malloc
                0x10008034       0x40 CMakeFiles/TEST_PICO_FREERTOS.dir/opt/pico-sdk/lib/lwip/src/core/memp.c.obj
                0x10008034                memp_malloc
 .text.memp_free
                0x10008074       0x38 CMakeFiles/TEST_PICO_FREERTOS.dir/opt/pico-sdk/lib/lwip/src/core/memp.c.obj
                0x10008074                memp_free
 .text.netif_do_set_ipaddr.isra.0
                0x100080ac       0x70 CMakeFiles/TEST_PICO_FREERTOS.dir/opt/pico-sdk/lib/lwip/src/core/netif.c.obj
 .text.netif_init
                0x1000811c        0x4 CMakeFiles/TEST_PICO_FREERTOS.dir/opt/pico-sdk/lib/lwip/src/core/netif.c.obj
                0x1000811c                netif_init
 .text.netif_set_addr
                0x10008120       0xb4 CMakeFiles/TEST_PICO_FREERTOS.dir/opt/pico-sdk/lib/lwip/src/core/netif.c.obj
                0x10008120                netif_set_addr
 .text.netif_remove
                0x100081d4       0x94 CMakeFiles/TEST_PICO_FREERTOS.dir/opt/pico-sdk/lib/lwip/src/core/netif.c.obj
                0x100081d4                netif_remove
 .text.netif_set_link_up
                0x10008268       0x44 CMakeFiles/TEST_PICO_FREERTOS.dir/opt/pico-sdk/lib/lwip/src/core/netif.c.obj
                0x10008268                netif_set_link_up
 .text.netif_set_link_down
                0x100082ac       0x20 CMakeFiles/TEST_PICO_FREERTOS.dir/opt/pico-sdk/lib/lwip/src/core/netif.c.obj
                0x100082ac                netif_set_link_down
 .text.netif_get_by_index
                0x100082cc       0x2c CMakeFiles/TEST_PICO_FREERTOS.dir/opt/pico-sdk/lib/lwip/src/core/netif.c.obj
                0x100082cc                netif_get_by_index
 .text.pbuf_free.part.0
                0x100082f8       0x7c CMakeFiles/TEST_PICO_FREERTOS.dir/opt/pico-sdk/lib/lwip/src/core/pbuf.c.obj
 .text.pbuf_free_ooseq
                0x10008374       0x34 CMakeFiles/TEST_PICO_FREERTOS.dir/opt/pico-sdk/lib/lwip/src/core/pbuf.c.obj
                0x10008374                pbuf_free_ooseq
 .text.pbuf_alloc
                0x100083a8      0x134 CMakeFiles/TEST_PICO_FREERTOS.dir/opt/pico-sdk/lib/lwip/src/core/pbuf.c.obj
                0x100083a8                pbuf_alloc
 .text.pbuf_realloc
                0x100084dc       0x84 CMakeFiles/TEST_PICO_FREERTOS.dir/opt/pico-sdk/lib/lwip/src/core/pbuf.c.obj
                0x100084dc                pbuf_realloc
 .text.pbuf_add_header
                0x10008560       0x54 CMakeFiles/TEST_PICO_FREERTOS.dir/opt/pico-sdk/lib/lwip/src/core/pbuf.c.obj
                0x10008560                pbuf_add_header
 .text.pbuf_free
                0x100085b4       0x18 CMakeFiles/TEST_PICO_FREERTOS.dir/opt/pico-sdk/lib/lwip/src/core/pbuf.c.obj
                0x100085b4                pbuf_free
 .text.pbuf_clen
                0x100085cc       0x14 CMakeFiles/TEST_PICO_FREERTOS.dir/opt/pico-sdk/lib/lwip/src/core/pbuf.c.obj
                0x100085cc                pbuf_clen
 .text.pbuf_chain
                0x100085e0       0x64 CMakeFiles/TEST_PICO_FREERTOS.dir/opt/pico-sdk/lib/lwip/src/core/pbuf.c.obj
                0x100085e0                pbuf_chain
 .text.pbuf_copy_partial_pbuf
                0x10008644      0x158 CMakeFiles/TEST_PICO_FREERTOS.dir/opt/pico-sdk/lib/lwip/src/core/pbuf.c.obj
                0x10008644                pbuf_copy_partial_pbuf
 .text.pbuf_copy_partial
                0x1000879c       0x70 CMakeFiles/TEST_PICO_FREERTOS.dir/opt/pico-sdk/lib/lwip/src/core/pbuf.c.obj
                0x1000879c                pbuf_copy_partial
 .text.pbuf_take
                0x1000880c       0x78 CMakeFiles/TEST_PICO_FREERTOS.dir/opt/pico-sdk/lib/lwip/src/core/pbuf.c.obj
                0x1000880c                pbuf_take
 .text.pbuf_take_at
                0x10008884       0xc0 CMakeFiles/TEST_PICO_FREERTOS.dir/opt/pico-sdk/lib/lwip/src/core/pbuf.c.obj
                0x10008884                pbuf_take_at
 .text.pbuf_put_at
                0x10008944       0x1c CMakeFiles/TEST_PICO_FREERTOS.dir/opt/pico-sdk/lib/lwip/src/core/pbuf.c.obj
                0x10008944                pbuf_put_at
 .text.raw_netif_ip_addr_changed
                0x10008960       0x40 CMakeFiles/TEST_PICO_FREERTOS.dir/opt/pico-sdk/lib/lwip/src/core/raw.c.obj
                0x10008960                raw_netif_ip_addr_changed
 .text.stats_init
                0x100089a0        0x4 CMakeFiles/TEST_PICO_FREERTOS.dir/opt/pico-sdk/lib/lwip/src/core/stats.c.obj
                0x100089a0                stats_init
 .text.tcp_close_shutdown_fin
                0x100089a4       0x54 CMakeFiles/TEST_PICO_FREERTOS.dir/opt/pico-sdk/lib/lwip/src/core/tcp.c.obj
 .text.tcp_pcb_purge.part.0
                0x100089f8       0xc4 CMakeFiles/TEST_PICO_FREERTOS.dir/opt/pico-sdk/lib/lwip/src/core/tcp.c.obj
 .text.tcp_init
                0x10008abc       0x20 CMakeFiles/TEST_PICO_FREERTOS.dir/opt/pico-sdk/lib/lwip/src/core/tcp.c.obj
                0x10008abc                tcp_init
 .text.tcp_recved
                0x10008adc       0x98 CMakeFiles/TEST_PICO_FREERTOS.dir/opt/pico-sdk/lib/lwip/src/core/tcp.c.obj
                0x10008adc                tcp_recved
 .text.tcp_slowtmr
                0x10008b74      0x514 CMakeFiles/TEST_PICO_FREERTOS.dir/opt/pico-sdk/lib/lwip/src/core/tcp.c.obj
                0x10008b74                tcp_slowtmr
 .text.tcp_seg_free
                0x10009088       0x1c CMakeFiles/TEST_PICO_FREERTOS.dir/opt/pico-sdk/lib/lwip/src/core/tcp.c.obj
                0x10009088                tcp_seg_free
 .text.tcp_pcb_remove
                0x100090a4       0xc8 CMakeFiles/TEST_PICO_FREERTOS.dir/opt/pico-sdk/lib/lwip/src/core/tcp.c.obj
                0x100090a4                tcp_pcb_remove
 .text.tcp_abandon
                0x1000916c      0x1a0 CMakeFiles/TEST_PICO_FREERTOS.dir/opt/pico-sdk/lib/lwip/src/core/tcp.c.obj
                0x1000916c                tcp_abandon
 .text.tcp_process_refused_data
                0x1000930c       0x78 CMakeFiles/TEST_PICO_FREERTOS.dir/opt/pico-sdk/lib/lwip/src/core/tcp.c.obj
                0x1000930c                tcp_process_refused_data
 .text.tcp_fasttmr
                0x10009384       0x98 CMakeFiles/TEST_PICO_FREERTOS.dir/opt/pico-sdk/lib/lwip/src/core/tcp.c.obj
                0x10009384                tcp_fasttmr
 .text.tcp_tmr  0x1000941c       0x20 CMakeFiles/TEST_PICO_FREERTOS.dir/opt/pico-sdk/lib/lwip/src/core/tcp.c.obj
                0x1000941c                tcp_tmr
 .text.tcp_eff_send_mss_netif
                0x1000943c       0x34 CMakeFiles/TEST_PICO_FREERTOS.dir/opt/pico-sdk/lib/lwip/src/core/tcp.c.obj
                0x1000943c                tcp_eff_send_mss_netif
 .text.tcp_netif_ip_addr_changed
                0x10009470       0x94 CMakeFiles/TEST_PICO_FREERTOS.dir/opt/pico-sdk/lib/lwip/src/core/tcp.c.obj
                0x10009470                tcp_netif_ip_addr_changed
 .text.tcp_free_ooseq
                0x10009504       0x40 CMakeFiles/TEST_PICO_FREERTOS.dir/opt/pico-sdk/lib/lwip/src/core/tcp.c.obj
                0x10009504                tcp_free_ooseq
 .text.tcp_create_segment
                0x10009544       0xe8 CMakeFiles/TEST_PICO_FREERTOS.dir/opt/pico-sdk/lib/lwip/src/core/tcp_out.c.obj
 .text.tcp_output_control_segment
                0x1000962c       0xb4 CMakeFiles/TEST_PICO_FREERTOS.dir/opt/pico-sdk/lib/lwip/src/core/tcp_out.c.obj
 .text.tcp_split_unsent_seg
                0x100096e0      0x1b4 CMakeFiles/TEST_PICO_FREERTOS.dir/opt/pico-sdk/lib/lwip/src/core/tcp_out.c.obj
                0x100096e0                tcp_split_unsent_seg
 .text.tcp_send_fin
                0x10009894      0x118 CMakeFiles/TEST_PICO_FREERTOS.dir/opt/pico-sdk/lib/lwip/src/core/tcp_out.c.obj
                0x10009894                tcp_send_fin
 .text.tcp_rexmit_rto_prepare
                0x100099ac       0x9c CMakeFiles/TEST_PICO_FREERTOS.dir/opt/pico-sdk/lib/lwip/src/core/tcp_out.c.obj
                0x100099ac                tcp_rexmit_rto_prepare
 .text.tcp_rst  0x10009a48       0xe8 CMakeFiles/TEST_PICO_FREERTOS.dir/opt/pico-sdk/lib/lwip/src/core/tcp_out.c.obj
                0x10009a48                tcp_rst
 .text.tcp_send_empty_ack
                0x10009b30       0xf0 CMakeFiles/TEST_PICO_FREERTOS.dir/opt/pico-sdk/lib/lwip/src/core/tcp_out.c.obj
                0x10009b30                tcp_send_empty_ack
 .text.tcp_output
                0x10009c20      0x44c CMakeFiles/TEST_PICO_FREERTOS.dir/opt/pico-sdk/lib/lwip/src/core/tcp_out.c.obj
                0x10009c20                tcp_output
 .text.tcp_rexmit_rto_commit
                0x1000a06c       0x24 CMakeFiles/TEST_PICO_FREERTOS.dir/opt/pico-sdk/lib/lwip/src/core/tcp_out.c.obj
                0x1000a06c                tcp_rexmit_rto_commit
 .text.tcp_keepalive
                0x1000a090       0xdc CMakeFiles/TEST_PICO_FREERTOS.dir/opt/pico-sdk/lib/lwip/src/core/tcp_out.c.obj
                0x1000a090                tcp_keepalive
 .text.tcp_zero_window_probe
                0x1000a16c      0x1a8 CMakeFiles/TEST_PICO_FREERTOS.dir/opt/pico-sdk/lib/lwip/src/core/tcp_out.c.obj
                0x1000a16c                tcp_zero_window_probe
 .text.lwip_cyclic_timer
                0x1000a314       0x98 CMakeFiles/TEST_PICO_FREERTOS.dir/opt/pico-sdk/lib/lwip/src/core/timeouts.c.obj
 .text.sys_timeouts_init
                0x1000a3ac       0x8c CMakeFiles/TEST_PICO_FREERTOS.dir/opt/pico-sdk/lib/lwip/src/core/timeouts.c.obj
                0x1000a3ac                sys_timeouts_init
 .text.sys_check_timeouts
                0x1000a438       0x68 CMakeFiles/TEST_PICO_FREERTOS.dir/opt/pico-sdk/lib/lwip/src/core/timeouts.c.obj
                0x1000a438                sys_check_timeouts
 .text.sys_timeouts_sleeptime
                0x1000a4a0       0x28 CMakeFiles/TEST_PICO_FREERTOS.dir/opt/pico-sdk/lib/lwip/src/core/timeouts.c.obj
                0x1000a4a0                sys_timeouts_sleeptime
 .text.udp_init
                0x1000a4c8       0x20 CMakeFiles/TEST_PICO_FREERTOS.dir/opt/pico-sdk/lib/lwip/src/core/udp.c.obj
                0x1000a4c8                udp_init
 .text.udp_bind
                0x1000a4e8      0x10c CMakeFiles/TEST_PICO_FREERTOS.dir/opt/pico-sdk/lib/lwip/src/core/udp.c.obj
                0x1000a4e8                udp_bind
 .text.udp_sendto_if_src
                0x1000a5f4      0x130 CMakeFiles/TEST_PICO_FREERTOS.dir/opt/pico-sdk/lib/lwip/src/core/udp.c.obj
                0x1000a5f4                udp_sendto_if_src
 .text.udp_sendto_if
                0x1000a724       0x48 CMakeFiles/TEST_PICO_FREERTOS.dir/opt/pico-sdk/lib/lwip/src/core/udp.c.obj
                0x1000a724                udp_sendto_if
 .text.udp_sendto
                0x1000a76c       0x78 CMakeFiles/TEST_PICO_FREERTOS.dir/opt/pico-sdk/lib/lwip/src/core/udp.c.obj
                0x1000a76c                udp_sendto
 .text.udp_connect
                0x1000a7e4       0x5c CMakeFiles/TEST_PICO_FREERTOS.dir/opt/pico-sdk/lib/lwip/src/core/udp.c.obj
                0x1000a7e4                udp_connect
 .text.udp_recv
                0x1000a840        0xc CMakeFiles/TEST_PICO_FREERTOS.dir/opt/pico-sdk/lib/lwip/src/core/udp.c.obj
                0x1000a840                udp_recv
 .text.udp_remove
                0x1000a84c       0x3c CMakeFiles/TEST_PICO_FREERTOS.dir/opt/pico-sdk/lib/lwip/src/core/udp.c.obj
                0x1000a84c                udp_remove
 .text.udp_new  0x1000a888       0x1c CMakeFiles/TEST_PICO_FREERTOS.dir/opt/pico-sdk/lib/lwip/src/core/udp.c.obj
                0x1000a888                udp_new
 .text.udp_netif_ip_addr_changed
                0x1000a8a4       0x40 CMakeFiles/TEST_PICO_FREERTOS.dir/opt/pico-sdk/lib/lwip/src/core/udp.c.obj
                0x1000a8a4                udp_netif_ip_addr_changed
 .text.dhcp_create_msg
                0x1000a8e4      0x160 CMakeFiles/TEST_PICO_FREERTOS.dir/opt/pico-sdk/lib/lwip/src/core/ipv4/dhcp.c.obj
 .text.dhcp_inc_pcb_refcount
                0x1000aa44       0x6c CMakeFiles/TEST_PICO_FREERTOS.dir/opt/pico-sdk/lib/lwip/src/core/ipv4/dhcp.c.obj
 .text.dhcp_bind
                0x1000aab0      0x154 CMakeFiles/TEST_PICO_FREERTOS.dir/opt/pico-sdk/lib/lwip/src/core/ipv4/dhcp.c.obj
 .text.dhcp_option_hostname.isra.0
                0x1000ac04       0x74 CMakeFiles/TEST_PICO_FREERTOS.dir/opt/pico-sdk/lib/lwip/src/core/ipv4/dhcp.c.obj
 .text.dhcp_handle_ack.isra.0
                0x1000ac78       0xcc CMakeFiles/TEST_PICO_FREERTOS.dir/opt/pico-sdk/lib/lwip/src/core/ipv4/dhcp.c.obj
 .text.dhcp_reboot.isra.0
                0x1000ad44      0x17c CMakeFiles/TEST_PICO_FREERTOS.dir/opt/pico-sdk/lib/lwip/src/core/ipv4/dhcp.c.obj
 .text.dhcp_discover.isra.0
                0x1000aec0      0x138 CMakeFiles/TEST_PICO_FREERTOS.dir/opt/pico-sdk/lib/lwip/src/core/ipv4/dhcp.c.obj
 .text.dhcp_select.isra.0
                0x1000aff8      0x1e0 CMakeFiles/TEST_PICO_FREERTOS.dir/opt/pico-sdk/lib/lwip/src/core/ipv4/dhcp.c.obj
 .text.dhcp_recv
                0x1000b1d8      0x4a8 CMakeFiles/TEST_PICO_FREERTOS.dir/opt/pico-sdk/lib/lwip/src/core/ipv4/dhcp.c.obj
 .text.dhcp_start
                0x1000b680       0xa8 CMakeFiles/TEST_PICO_FREERTOS.dir/opt/pico-sdk/lib/lwip/src/core/ipv4/dhcp.c.obj
                0x1000b680                dhcp_start
 .text.dhcp_network_changed_link_up
                0x1000b728       0x40 CMakeFiles/TEST_PICO_FREERTOS.dir/opt/pico-sdk/lib/lwip/src/core/ipv4/dhcp.c.obj
                0x1000b728                dhcp_network_changed_link_up
 .text.dhcp_renew
                0x1000b768      0x13c CMakeFiles/TEST_PICO_FREERTOS.dir/opt/pico-sdk/lib/lwip/src/core/ipv4/dhcp.c.obj
                0x1000b768                dhcp_renew
 .text.dhcp_release_and_stop
                0x1000b8a4      0x158 CMakeFiles/TEST_PICO_FREERTOS.dir/opt/pico-sdk/lib/lwip/src/core/ipv4/dhcp.c.obj
                0x1000b8a4                dhcp_release_and_stop
 .text.dhcp_coarse_tmr
                0x1000b9fc      0x1e0 CMakeFiles/TEST_PICO_FREERTOS.dir/opt/pico-sdk/lib/lwip/src/core/ipv4/dhcp.c.obj
                0x1000b9fc                dhcp_coarse_tmr
 .text.dhcp_fine_tmr
                0x1000bbdc       0x78 CMakeFiles/TEST_PICO_FREERTOS.dir/opt/pico-sdk/lib/lwip/src/core/ipv4/dhcp.c.obj
                0x1000bbdc                dhcp_fine_tmr
 .text.dhcp_stop
                0x1000bc54      0x158 CMakeFiles/TEST_PICO_FREERTOS.dir/opt/pico-sdk/lib/lwip/src/core/ipv4/dhcp.c.obj
                0x1000bc54                dhcp_stop
 .text.etharp_raw
                0x1000bdac       0xec CMakeFiles/TEST_PICO_FREERTOS.dir/opt/pico-sdk/lib/lwip/src/core/ipv4/etharp.c.obj
 .text.etharp_tmr
                0x1000be98       0x94 CMakeFiles/TEST_PICO_FREERTOS.dir/opt/pico-sdk/lib/lwip/src/core/ipv4/etharp.c.obj
                0x1000be98                etharp_tmr
 .text.etharp_cleanup_netif
                0x1000bf2c      0x188 CMakeFiles/TEST_PICO_FREERTOS.dir/opt/pico-sdk/lib/lwip/src/core/ipv4/etharp.c.obj
                0x1000bf2c                etharp_cleanup_netif
 .text.etharp_request
                0x1000c0b4       0x2c CMakeFiles/TEST_PICO_FREERTOS.dir/opt/pico-sdk/lib/lwip/src/core/ipv4/etharp.c.obj
                0x1000c0b4                etharp_request
 .text.icmp_time_exceeded
                0x1000c0e0       0xcc CMakeFiles/TEST_PICO_FREERTOS.dir/opt/pico-sdk/lib/lwip/src/core/ipv4/icmp.c.obj
                0x1000c0e0                icmp_time_exceeded
 .text.ip_reass_free_complete_datagram
                0x1000c1ac      0x11c CMakeFiles/TEST_PICO_FREERTOS.dir/opt/pico-sdk/lib/lwip/src/core/ipv4/ip4_frag.c.obj
 .text.ip_reass_tmr
                0x1000c2c8       0x30 CMakeFiles/TEST_PICO_FREERTOS.dir/opt/pico-sdk/lib/lwip/src/core/ipv4/ip4_frag.c.obj
                0x1000c2c8                ip_reass_tmr
 .text.ip4_frag
                0x1000c2f8      0x254 CMakeFiles/TEST_PICO_FREERTOS.dir/opt/pico-sdk/lib/lwip/src/core/ipv4/ip4_frag.c.obj
                0x1000c2f8                ip4_frag
 .text.ip4_route
                0x1000c54c       0x7c CMakeFiles/TEST_PICO_FREERTOS.dir/opt/pico-sdk/lib/lwip/src/core/ipv4/ip4.c.obj
                0x1000c54c                ip4_route
 .text.ip4_output_if
                0x1000c5c8      0x190 CMakeFiles/TEST_PICO_FREERTOS.dir/opt/pico-sdk/lib/lwip/src/core/ipv4/ip4.c.obj
                0x1000c5c8                ip4_output_if
 .text.ip4_output_if_src
                0x1000c758      0x184 CMakeFiles/TEST_PICO_FREERTOS.dir/opt/pico-sdk/lib/lwip/src/core/ipv4/ip4.c.obj
                0x1000c758                ip4_output_if_src
 .text.ethernet_output
                0x1000c8dc       0x6c CMakeFiles/TEST_PICO_FREERTOS.dir/opt/pico-sdk/lib/lwip/src/netif/ethernet.c.obj
                0x1000c8dc                ethernet_output
 .text.cyw43_arch_set_async_context
                0x1000c948        0xc CMakeFiles/TEST_PICO_FREERTOS.dir/opt/pico-sdk/src/rp2_common/pico_cyw43_arch/cyw43_arch.c.obj
                0x1000c948                cyw43_arch_set_async_context
 .text.cyw43_arch_gpio_put
                0x1000c954       0x14 CMakeFiles/TEST_PICO_FREERTOS.dir/opt/pico-sdk/src/rp2_common/pico_cyw43_arch/cyw43_arch.c.obj
                0x1000c954                cyw43_arch_gpio_put
 .text.cyw43_arch_async_context
                0x1000c968        0xc CMakeFiles/TEST_PICO_FREERTOS.dir/opt/pico-sdk/src/rp2_common/pico_cyw43_arch/cyw43_arch.c.obj
                0x1000c968                cyw43_arch_async_context
 .text.cyw43_arch_init
                0x1000c974       0x74 CMakeFiles/TEST_PICO_FREERTOS.dir/opt/pico-sdk/src/rp2_common/pico_cyw43_arch/cyw43_arch_threadsafe_background.c.obj
                0x1000c974                cyw43_arch_init
 .text.ns_delay.constprop.0
                0x1000c9e8       0x20 CMakeFiles/TEST_PICO_FREERTOS.dir/opt/pico-sdk/src/rp2_common/pico_cyw43_driver/cyw43_bus_pio_spi.c.obj
 .text.cyw43_spi_deinit
                0x1000ca08       0x7c CMakeFiles/TEST_PICO_FREERTOS.dir/opt/pico-sdk/src/rp2_common/pico_cyw43_driver/cyw43_bus_pio_spi.c.obj
                0x1000ca08                cyw43_spi_deinit
 .text.cyw43_spi_init
                0x1000ca84      0x14c CMakeFiles/TEST_PICO_FREERTOS.dir/opt/pico-sdk/src/rp2_common/pico_cyw43_driver/cyw43_bus_pio_spi.c.obj
                0x1000ca84                cyw43_spi_init
 .text.cyw43_spi_transfer
                0x1000cbd0      0x408 CMakeFiles/TEST_PICO_FREERTOS.dir/opt/pico-sdk/src/rp2_common/pico_cyw43_driver/cyw43_bus_pio_spi.c.obj
                0x1000cbd0                cyw43_spi_transfer
 .text.cyw43_spi_gpio_setup
                0x1000cfd8       0x3c CMakeFiles/TEST_PICO_FREERTOS.dir/opt/pico-sdk/src/rp2_common/pico_cyw43_driver/cyw43_bus_pio_spi.c.obj
                0x1000cfd8                cyw43_spi_gpio_setup
 .text.cyw43_spi_reset
                0x1000d014       0x28 CMakeFiles/TEST_PICO_FREERTOS.dir/opt/pico-sdk/src/rp2_common/pico_cyw43_driver/cyw43_bus_pio_spi.c.obj
                0x1000d014                cyw43_spi_reset
 .text.read_reg_u32_swap
                0x1000d03c       0x44 CMakeFiles/TEST_PICO_FREERTOS.dir/opt/pico-sdk/src/rp2_common/pico_cyw43_driver/cyw43_bus_pio_spi.c.obj
                0x1000d03c                read_reg_u32_swap
 .text.cyw43_read_reg_u32
                0x1000d080       0x58 CMakeFiles/TEST_PICO_FREERTOS.dir/opt/pico-sdk/src/rp2_common/pico_cyw43_driver/cyw43_bus_pio_spi.c.obj
                0x1000d080                cyw43_read_reg_u32
 .text.cyw43_read_reg_u16
                0x1000d0d8       0x58 CMakeFiles/TEST_PICO_FREERTOS.dir/opt/pico-sdk/src/rp2_common/pico_cyw43_driver/cyw43_bus_pio_spi.c.obj
                0x1000d0d8                cyw43_read_reg_u16
 .text.cyw43_read_reg_u8
                0x1000d130       0x58 CMakeFiles/TEST_PICO_FREERTOS.dir/opt/pico-sdk/src/rp2_common/pico_cyw43_driver/cyw43_bus_pio_spi.c.obj
                0x1000d130                cyw43_read_reg_u8
 .text.write_reg_u32_swap
                0x1000d188      0x1e8 CMakeFiles/TEST_PICO_FREERTOS.dir/opt/pico-sdk/src/rp2_common/pico_cyw43_driver/cyw43_bus_pio_spi.c.obj
                0x1000d188                write_reg_u32_swap
 .text.cyw43_write_reg_u32
                0x1000d370      0x208 CMakeFiles/TEST_PICO_FREERTOS.dir/opt/pico-sdk/src/rp2_common/pico_cyw43_driver/cyw43_bus_pio_spi.c.obj
                0x1000d370                cyw43_write_reg_u32
 .text.cyw43_write_reg_u16
                0x1000d578      0x208 CMakeFiles/TEST_PICO_FREERTOS.dir/opt/pico-sdk/src/rp2_common/pico_cyw43_driver/cyw43_bus_pio_spi.c.obj
                0x1000d578                cyw43_write_reg_u16
 .text.cyw43_write_reg_u8
                0x1000d780      0x208 CMakeFiles/TEST_PICO_FREERTOS.dir/opt/pico-sdk/src/rp2_common/pico_cyw43_driver/cyw43_bus_pio_spi.c.obj
                0x1000d780                cyw43_write_reg_u8
 .text.cyw43_read_bytes
                0x1000d988       0x78 CMakeFiles/TEST_PICO_FREERTOS.dir/opt/pico-sdk/src/rp2_common/pico_cyw43_driver/cyw43_bus_pio_spi.c.obj
                0x1000d988                cyw43_read_bytes
 .text.cyw43_write_bytes
                0x1000da00       0xd4 CMakeFiles/TEST_PICO_FREERTOS.dir/opt/pico-sdk/src/rp2_common/pico_cyw43_driver/cyw43_bus_pio_spi.c.obj
                0x1000da00                cyw43_write_bytes
 .text.cyw43_set_backplane_window
                0x1000dad4       0x68 CMakeFiles/TEST_PICO_FREERTOS.dir/opt/pico-sdk/lib/cyw43-driver/src/cyw43_ll.c.obj
 .text.cyw43_ll_parse_async_event
                0x1000db3c      0x138 CMakeFiles/TEST_PICO_FREERTOS.dir/opt/pico-sdk/lib/cyw43-driver/src/cyw43_ll.c.obj
 .text.cyw43_kso_set
                0x1000dc74       0x80 CMakeFiles/TEST_PICO_FREERTOS.dir/opt/pico-sdk/lib/cyw43-driver/src/cyw43_ll.c.obj
 .text.cyw43_ll_sdpcm_poll_device
                0x1000dcf4      0x238 CMakeFiles/TEST_PICO_FREERTOS.dir/opt/pico-sdk/lib/cyw43-driver/src/cyw43_ll.c.obj
 .text.cyw43_sdpcm_send_common
                0x1000df2c       0xf4 CMakeFiles/TEST_PICO_FREERTOS.dir/opt/pico-sdk/lib/cyw43-driver/src/cyw43_ll.c.obj
 .text.cyw43_do_ioctl
                0x1000e020      0x110 CMakeFiles/TEST_PICO_FREERTOS.dir/opt/pico-sdk/lib/cyw43-driver/src/cyw43_ll.c.obj
 .text.cyw43_do_ioctl.constprop.0
                0x1000e130      0x108 CMakeFiles/TEST_PICO_FREERTOS.dir/opt/pico-sdk/lib/cyw43-driver/src/cyw43_ll.c.obj
 .text.cyw43_read_backplane.constprop.0
                0x1000e238       0xe4 CMakeFiles/TEST_PICO_FREERTOS.dir/opt/pico-sdk/lib/cyw43-driver/src/cyw43_ll.c.obj
 .text.reset_device_core.constprop.0
                0x1000e31c      0x410 CMakeFiles/TEST_PICO_FREERTOS.dir/opt/pico-sdk/lib/cyw43-driver/src/cyw43_ll.c.obj
 .text.cyw43_ll_init
                0x1000e72c       0x1c CMakeFiles/TEST_PICO_FREERTOS.dir/opt/pico-sdk/lib/cyw43-driver/src/cyw43_ll.c.obj
                0x1000e72c                cyw43_ll_init
 .text.cyw43_ll_deinit
                0x1000e748        0x8 CMakeFiles/TEST_PICO_FREERTOS.dir/opt/pico-sdk/lib/cyw43-driver/src/cyw43_ll.c.obj
                0x1000e748                cyw43_ll_deinit
 .text.cyw43_ll_process_packets
                0x1000e750       0x54 CMakeFiles/TEST_PICO_FREERTOS.dir/opt/pico-sdk/lib/cyw43-driver/src/cyw43_ll.c.obj
                0x1000e750                cyw43_ll_process_packets
 .text.cyw43_ll_ioctl
                0x1000e7a4       0x20 CMakeFiles/TEST_PICO_FREERTOS.dir/opt/pico-sdk/lib/cyw43-driver/src/cyw43_ll.c.obj
                0x1000e7a4                cyw43_ll_ioctl
 .text.cyw43_ll_bus_sleep
                0x1000e7c4       0x34 CMakeFiles/TEST_PICO_FREERTOS.dir/opt/pico-sdk/lib/cyw43-driver/src/cyw43_ll.c.obj
                0x1000e7c4                cyw43_ll_bus_sleep
 .text.cyw43_ll_bus_init
                0x1000e7f8      0xb9c CMakeFiles/TEST_PICO_FREERTOS.dir/opt/pico-sdk/lib/cyw43-driver/src/cyw43_ll.c.obj
                0x1000e7f8                cyw43_ll_bus_init
 .text.cyw43_ll_wifi_get_mac
                0x1000f394       0x40 CMakeFiles/TEST_PICO_FREERTOS.dir/opt/pico-sdk/lib/cyw43-driver/src/cyw43_ll.c.obj
                0x1000f394                cyw43_ll_wifi_get_mac
 .text.cyw43_ll_wifi_set_wpa_auth
                0x1000f3d4       0x2c CMakeFiles/TEST_PICO_FREERTOS.dir/opt/pico-sdk/lib/cyw43-driver/src/cyw43_ll.c.obj
                0x1000f3d4                cyw43_ll_wifi_set_wpa_auth
 .text.cyw43_ll_wifi_rejoin
                0x1000f400       0x1c CMakeFiles/TEST_PICO_FREERTOS.dir/opt/pico-sdk/lib/cyw43-driver/src/cyw43_ll.c.obj
                0x1000f400                cyw43_ll_wifi_rejoin
 .text.cyw43_ll_gpio_set
                0x1000f41c       0x68 CMakeFiles/TEST_PICO_FREERTOS.dir/opt/pico-sdk/lib/cyw43-driver/src/cyw43_ll.c.obj
                0x1000f41c                cyw43_ll_gpio_set
 .text.cyw43_ll_has_work
                0x1000f484       0x14 CMakeFiles/TEST_PICO_FREERTOS.dir/opt/pico-sdk/lib/cyw43-driver/src/cyw43_ll.c.obj
                0x1000f484                cyw43_ll_has_work
 .text.cyw43_cb_tcpip_deinit
                0x1000f498       0x4c CMakeFiles/TEST_PICO_FREERTOS.dir/opt/pico-sdk/lib/cyw43-driver/src/cyw43_lwip.c.obj
                0x1000f498                cyw43_cb_tcpip_deinit
 .text.cyw43_cb_process_ethernet
                0x1000f4e4       0x6c CMakeFiles/TEST_PICO_FREERTOS.dir/opt/pico-sdk/lib/cyw43-driver/src/cyw43_lwip.c.obj
                0x1000f4e4                cyw43_cb_process_ethernet
 .text.cyw43_cb_tcpip_set_link_up
                0x1000f550       0x18 CMakeFiles/TEST_PICO_FREERTOS.dir/opt/pico-sdk/lib/cyw43-driver/src/cyw43_lwip.c.obj
                0x1000f550                cyw43_cb_tcpip_set_link_up
 .text.cyw43_cb_tcpip_set_link_down
                0x1000f568       0x18 CMakeFiles/TEST_PICO_FREERTOS.dir/opt/pico-sdk/lib/cyw43-driver/src/cyw43_lwip.c.obj
                0x1000f568                cyw43_cb_tcpip_set_link_down
 .text.cyw43_poll_func
                0x1000f580       0xc0 CMakeFiles/TEST_PICO_FREERTOS.dir/opt/pico-sdk/lib/cyw43-driver/src/cyw43_ctrl.c.obj
 .text.cyw43_init
                0x1000f640       0x6c CMakeFiles/TEST_PICO_FREERTOS.dir/opt/pico-sdk/lib/cyw43-driver/src/cyw43_ctrl.c.obj
                0x1000f640                cyw43_init
 .text.cyw43_deinit
                0x1000f6ac       0x90 CMakeFiles/TEST_PICO_FREERTOS.dir/opt/pico-sdk/lib/cyw43-driver/src/cyw43_ctrl.c.obj
                0x1000f6ac                cyw43_deinit
 .text.cyw43_cb_read_host_interrupt_pin
                0x1000f73c        0xc CMakeFiles/TEST_PICO_FREERTOS.dir/opt/pico-sdk/lib/cyw43-driver/src/cyw43_ctrl.c.obj
                0x1000f73c                cyw43_cb_read_host_interrupt_pin
 .text.cyw43_cb_ensure_awake
                0x1000f748        0xc CMakeFiles/TEST_PICO_FREERTOS.dir/opt/pico-sdk/lib/cyw43-driver/src/cyw43_ctrl.c.obj
                0x1000f748                cyw43_cb_ensure_awake
 .text.cyw43_cb_process_async_event
                0x1000f754      0x214 CMakeFiles/TEST_PICO_FREERTOS.dir/opt/pico-sdk/lib/cyw43-driver/src/cyw43_ctrl.c.obj
                0x1000f754                cyw43_cb_process_async_event
 .text.cyw43_gpio_set
                0x1000f968       0xa4 CMakeFiles/TEST_PICO_FREERTOS.dir/opt/pico-sdk/lib/cyw43-driver/src/cyw43_ctrl.c.obj
                0x1000f968                cyw43_gpio_set
 .text.pio_sm_unclaim
                0x1000fa0c       0x20 CMakeFiles/TEST_PICO_FREERTOS.dir/opt/pico-sdk/src/rp2_common/hardware_pio/pio.c.obj
                0x1000fa0c                pio_sm_unclaim
 .text.pio_claim_unused_sm
                0x1000fa2c       0x3c CMakeFiles/TEST_PICO_FREERTOS.dir/opt/pico-sdk/src/rp2_common/hardware_pio/pio.c.obj
                0x1000fa2c                pio_claim_unused_sm
 .text.pio_can_add_program
                0x1000fa68       0x68 CMakeFiles/TEST_PICO_FREERTOS.dir/opt/pico-sdk/src/rp2_common/hardware_pio/pio.c.obj
                0x1000fa68                pio_can_add_program
 .text.pio_add_program
                0x1000fad0       0xec CMakeFiles/TEST_PICO_FREERTOS.dir/opt/pico-sdk/src/rp2_common/hardware_pio/pio.c.obj
                0x1000fad0                pio_add_program
 .text.pio_remove_program
                0x1000fbbc       0x34 CMakeFiles/TEST_PICO_FREERTOS.dir/opt/pico-sdk/src/rp2_common/hardware_pio/pio.c.obj
                0x1000fbbc                pio_remove_program
 .text.pio_sm_set_pindirs_with_mask
                0x1000fbf0       0xa8 CMakeFiles/TEST_PICO_FREERTOS.dir/opt/pico-sdk/src/rp2_common/hardware_pio/pio.c.obj
                0x1000fbf0                pio_sm_set_pindirs_with_mask
 .text.pio_sm_set_consecutive_pindirs
                0x1000fc98       0xa8 CMakeFiles/TEST_PICO_FREERTOS.dir/opt/pico-sdk/src/rp2_common/hardware_pio/pio.c.obj
                0x1000fc98                pio_sm_set_consecutive_pindirs
 .text.dma_channel_unclaim
                0x1000fd40       0x14 CMakeFiles/TEST_PICO_FREERTOS.dir/opt/pico-sdk/src/rp2_common/hardware_dma/dma.c.obj
                0x1000fd40                dma_channel_unclaim
 .text.dma_claim_unused_channel
                0x1000fd54       0x24 CMakeFiles/TEST_PICO_FREERTOS.dir/opt/pico-sdk/src/rp2_common/hardware_dma/dma.c.obj
                0x1000fd54                dma_claim_unused_channel
 .text.dma_channel_cleanup
                0x1000fd78       0x60 CMakeFiles/TEST_PICO_FREERTOS.dir/opt/pico-sdk/src/rp2_common/hardware_dma/dma.c.obj
                0x1000fd78                dma_channel_cleanup
 .text.exception_set_exclusive_handler
                0x1000fdd8       0x48 CMakeFiles/TEST_PICO_FREERTOS.dir/opt/pico-sdk/src/rp2_common/hardware_exception/exception.c.obj
                0x1000fdd8                exception_set_exclusive_handler
 .text.cyw43_sleep_timeout_reached
                0x1000fe20       0x10 CMakeFiles/TEST_PICO_FREERTOS.dir/opt/pico-sdk/src/rp2_common/pico_cyw43_driver/cyw43_driver.c.obj
 .text.cyw43_irq_init
                0x1000fe30       0x28 CMakeFiles/TEST_PICO_FREERTOS.dir/opt/pico-sdk/src/rp2_common/pico_cyw43_driver/cyw43_driver.c.obj
                0x1000fe30                cyw43_irq_init
 .text.cyw43_irq_deinit
                0x1000fe58       0x20 CMakeFiles/TEST_PICO_FREERTOS.dir/opt/pico-sdk/src/rp2_common/pico_cyw43_driver/cyw43_driver.c.obj
                0x1000fe58                cyw43_irq_deinit
 .text.cyw43_gpio_irq_handler
                0x1000fe78       0x44 CMakeFiles/TEST_PICO_FREERTOS.dir/opt/pico-sdk/src/rp2_common/pico_cyw43_driver/cyw43_driver.c.obj
 .text.cyw43_do_poll
                0x1000febc       0x6c CMakeFiles/TEST_PICO_FREERTOS.dir/opt/pico-sdk/src/rp2_common/pico_cyw43_driver/cyw43_driver.c.obj
 .text.cyw43_post_poll_hook
                0x1000ff28       0x10 CMakeFiles/TEST_PICO_FREERTOS.dir/opt/pico-sdk/src/rp2_common/pico_cyw43_driver/cyw43_driver.c.obj
                0x1000ff28                cyw43_post_poll_hook
 .text.cyw43_schedule_internal_poll_dispatch
                0x1000ff38       0x18 CMakeFiles/TEST_PICO_FREERTOS.dir/opt/pico-sdk/src/rp2_common/pico_cyw43_driver/cyw43_driver.c.obj
                0x1000ff38                cyw43_schedule_internal_poll_dispatch
 .text.cyw43_driver_init
                0x1000ff50       0x38 CMakeFiles/TEST_PICO_FREERTOS.dir/opt/pico-sdk/src/rp2_common/pico_cyw43_driver/cyw43_driver.c.obj
                0x1000ff50                cyw43_driver_init
 .text.cyw43_driver_deinit
                0x1000ff88       0x44 CMakeFiles/TEST_PICO_FREERTOS.dir/opt/pico-sdk/src/rp2_common/pico_cyw43_driver/cyw43_driver.c.obj
                0x1000ff88                cyw43_driver_deinit
 .text.cyw43_hal_generate_laa_mac
                0x1000ffcc       0x28 CMakeFiles/TEST_PICO_FREERTOS.dir/opt/pico-sdk/src/rp2_common/pico_cyw43_driver/cyw43_driver.c.obj
                0x1000ffcc                cyw43_hal_generate_laa_mac
 .text.cyw43_thread_enter
                0x1000fff4       0x14 CMakeFiles/TEST_PICO_FREERTOS.dir/opt/pico-sdk/src/rp2_common/pico_cyw43_driver/cyw43_driver.c.obj
                0x1000fff4                cyw43_thread_enter
 .text.cyw43_thread_exit
                0x10010008       0x14 CMakeFiles/TEST_PICO_FREERTOS.dir/opt/pico-sdk/src/rp2_common/pico_cyw43_driver/cyw43_driver.c.obj
                0x10010008                cyw43_thread_exit
 .text.cyw43_await_background_or_timeout_us
                0x1001001c       0x30 CMakeFiles/TEST_PICO_FREERTOS.dir/opt/pico-sdk/src/rp2_common/pico_cyw43_driver/cyw43_driver.c.obj
                0x1001001c                cyw43_await_background_or_timeout_us
 .text.cyw43_delay_ms
                0x1001004c       0x44 CMakeFiles/TEST_PICO_FREERTOS.dir/opt/pico-sdk/src/rp2_common/pico_cyw43_driver/cyw43_driver.c.obj
                0x1001004c                cyw43_delay_ms
 .text.handle_sync_func_call
                0x10010090       0x24 CMakeFiles/TEST_PICO_FREERTOS.dir/opt/pico-sdk/src/rp2_common/pico_async_context/async_context_threadsafe_background.c.obj
 .text.async_context_threadsafe_background_acquire_lock_blocking
                0x100100b4        0xc CMakeFiles/TEST_PICO_FREERTOS.dir/opt/pico-sdk/src/rp2_common/pico_async_context/async_context_threadsafe_background.c.obj
 .text.process_under_lock
                0x100100c0       0xcc CMakeFiles/TEST_PICO_FREERTOS.dir/opt/pico-sdk/src/rp2_common/pico_async_context/async_context_threadsafe_background.c.obj
 .text.async_context_threadsafe_background_deinit
                0x1001018c       0x64 CMakeFiles/TEST_PICO_FREERTOS.dir/opt/pico-sdk/src/rp2_common/pico_async_context/async_context_threadsafe_background.c.obj
 .text.low_priority_irq_handler
                0x100101f0       0x3c CMakeFiles/TEST_PICO_FREERTOS.dir/opt/pico-sdk/src/rp2_common/pico_async_context/async_context_threadsafe_background.c.obj
 .text.async_context_threadsafe_background_wait_for_work_until
                0x1001022c        0xc CMakeFiles/TEST_PICO_FREERTOS.dir/opt/pico-sdk/src/rp2_common/pico_async_context/async_context_threadsafe_background.c.obj
 .text.async_context_threadsafe_background_wait_until
                0x10010238       0x1c CMakeFiles/TEST_PICO_FREERTOS.dir/opt/pico-sdk/src/rp2_common/pico_async_context/async_context_threadsafe_background.c.obj
 .text.async_context_threadsafe_background_execute_sync
                0x10010254       0xf0 CMakeFiles/TEST_PICO_FREERTOS.dir/opt/pico-sdk/src/rp2_common/pico_async_context/async_context_threadsafe_background.c.obj
                0x10010254                async_context_threadsafe_background_execute_sync
 .text.async_context_threadsafe_background_lock_check
                0x10010344       0x24 CMakeFiles/TEST_PICO_FREERTOS.dir/opt/pico-sdk/src/rp2_common/pico_async_context/async_context_threadsafe_background.c.obj
 .text.async_context_threadsafe_background_set_work_pending
                0x10010368       0x50 CMakeFiles/TEST_PICO_FREERTOS.dir/opt/pico-sdk/src/rp2_common/pico_async_context/async_context_threadsafe_background.c.obj
 .text.alarm_handler
                0x100103b8       0x58 CMakeFiles/TEST_PICO_FREERTOS.dir/opt/pico-sdk/src/rp2_common/pico_async_context/async_context_threadsafe_background.c.obj
 .text.async_context_threadsafe_background_release_lock
                0x10010410       0x7c CMakeFiles/TEST_PICO_FREERTOS.dir/opt/pico-sdk/src/rp2_common/pico_async_context/async_context_threadsafe_background.c.obj
 .text.async_context_threadsafe_background_add_at_time_worker
                0x1001048c       0x90 CMakeFiles/TEST_PICO_FREERTOS.dir/opt/pico-sdk/src/rp2_common/pico_async_context/async_context_threadsafe_background.c.obj
 .text.async_context_threadsafe_background_when_pending_worker
                0x1001051c       0x90 CMakeFiles/TEST_PICO_FREERTOS.dir/opt/pico-sdk/src/rp2_common/pico_async_context/async_context_threadsafe_background.c.obj
 .text.async_context_threadsafe_background_add_when_pending_worker
                0x100105ac       0x90 CMakeFiles/TEST_PICO_FREERTOS.dir/opt/pico-sdk/src/rp2_common/pico_async_context/async_context_threadsafe_background.c.obj
 .text.async_context_threadsafe_background_remove_at_time_worker
                0x1001063c       0x90 CMakeFiles/TEST_PICO_FREERTOS.dir/opt/pico-sdk/src/rp2_common/pico_async_context/async_context_threadsafe_background.c.obj
 .text.async_context_threadsafe_background_default_config
                0x100106cc        0xc CMakeFiles/TEST_PICO_FREERTOS.dir/opt/pico-sdk/src/rp2_common/pico_async_context/async_context_threadsafe_background.c.obj
                0x100106cc                async_context_threadsafe_background_default_config
 .text.async_context_threadsafe_background_init
                0x100106d8       0xa4 CMakeFiles/TEST_PICO_FREERTOS.dir/opt/pico-sdk/src/rp2_common/pico_async_context/async_context_threadsafe_background.c.obj
                0x100106d8                async_context_threadsafe_background_init
 .text.pvPortMalloc
                0x1001077c      0x124 CMakeFiles/TEST_PICO_FREERTOS.dir/home/fraser/rp_pico/freertos/FreeRTOS-Kernel/portable/MemMang/heap_4.c.obj
                0x1001077c                pvPortMalloc
 .text.vPortFree
                0x100108a0       0x98 CMakeFiles/TEST_PICO_FREERTOS.dir/home/fraser/rp_pico/freertos/FreeRTOS-Kernel/portable/MemMang/heap_4.c.obj
                0x100108a0                vPortFree
 .text.vPortSVCHandler
                0x10010938        0x4 CMakeFiles/TEST_PICO_FREERTOS.dir/home/fraser/rp_pico/freertos/FreeRTOS-Kernel/portable/ThirdParty/GCC/RP2040/port.c.obj
                0x10010938                vPortSVCHandler
 *fill*         0x1001093c        0x4 
 .text.vPortStartFirstTask
                0x10010940       0x34 CMakeFiles/TEST_PICO_FREERTOS.dir/home/fraser/rp_pico/freertos/FreeRTOS-Kernel/portable/ThirdParty/GCC/RP2040/port.c.obj
 *fill*         0x10010974        0xc 
 .text.xPortPendSVHandler
                0x10010980       0x64 CMakeFiles/TEST_PICO_FREERTOS.dir/home/fraser/rp_pico/freertos/FreeRTOS-Kernel/portable/ThirdParty/GCC/RP2040/port.c.obj
                0x10010980                xPortPendSVHandler
 .text.prvFIFOInterruptHandler
                0x100109e4       0x78 CMakeFiles/TEST_PICO_FREERTOS.dir/home/fraser/rp_pico/freertos/FreeRTOS-Kernel/portable/ThirdParty/GCC/RP2040/port.c.obj
 .text.prvTaskExitError
                0x10010a5c        0x8 CMakeFiles/TEST_PICO_FREERTOS.dir/home/fraser/rp_pico/freertos/FreeRTOS-Kernel/portable/ThirdParty/GCC/RP2040/port.c.obj
 .text.pxPortInitialiseStack
                0x10010a64       0x20 CMakeFiles/TEST_PICO_FREERTOS.dir/home/fraser/rp_pico/freertos/FreeRTOS-Kernel/portable/ThirdParty/GCC/RP2040/port.c.obj